// Jest Snapshot v1, https://goo.gl/fbAQLP

exports[`[Home] Test Home snapshot 1`] = `
<RNCSafeAreaProvider
  onInsetsChange={[Function]}
  style={
    Array [
      Object {
        "flex": 1,
      },
      undefined,
    ]
  }
>
  <View
    flex={1}
    style={
      Array [
        Object {
          "flexBasis": 0,
          "flexGrow": 1,
          "flexShrink": 1,
        },
      ]
    }
  >
    <View
      mb={22.15421115065243}
      pt={2}
      style={
        Array [
          Object {
            "marginBottom": 22.15421115065243,
            "paddingTop": 8,
          },
        ]
      }
    >
      <BVLinearGradient
        colors={
          Array [
            4279234493,
            9763859,
          ]
        }
        endPoint={
          Object {
            "x": 0.5,
            "y": 1,
          }
        }
        locations={null}
        startPoint={
          Object {
            "x": 0.5,
            "y": 0,
          }
        }
        style={
          Object {
            "backgroundColor": "transparent",
            "flex": 1,
            "height": 240.53143534994066,
            "position": "absolute",
            "width": "100%",
          }
        }
      />
      <View
        alignItems="center"
        flexDirection="row"
        height={69.62752075919336}
        style={
          Array [
            Object {
              "alignItems": "center",
              "flexDirection": "row",
              "height": 69.62752075919336,
              "width": "100%",
            },
          ]
        }
        width="100%"
      >
        <View
          ml={57.69230769230769}
          style={
            Array [
              Object {
                "marginLeft": 57.69230769230769,
              },
            ]
          }
        >
          <View
            accessible={true}
            collapsable={false}
            focusable={true}
            h={39.56109134045077}
            onBlur={[Function]}
            onClick={[Function]}
            onFocus={[Function]}
            onHoverIn={[Function]}
            onHoverOut={[Function]}
            onResponderGrant={[Function]}
            onResponderMove={[Function]}
            onResponderRelease={[Function]}
            onResponderTerminate={[Function]}
            onResponderTerminationRequest={[Function]}
            onStartShouldSetResponder={[Function]}
            style={
              Array [
                Object {
                  "height": 39.56109134045077,
                  "width": 48.07692307692307,
                },
              ]
            }
            w={48.07692307692307}
          >
            <Image
              accessibilityLabel=" "
              alt=" "
              maxWidth="100%"
              onError={[Function]}
              resizeMode="contain"
              size="100%"
              source={
                Object {
                  "testUri": "../../../src/Assets/Image/icon_main_hamburg.png",
                }
              }
              style={
                Array [
                  Object {
                    "height": "100%",
                    "maxWidth": "100%",
                    "width": "100%",
                  },
                ]
              }
            />
          </View>
        </View>
        <View
          style={
            Array [
              Object {},
            ]
          }
        />
        <View
          alignItems="center"
          display="flex"
          flex={1}
          justifyContent="center"
          style={
            Array [
              Object {
                "alignItems": "center",
                "display": "flex",
                "flexBasis": 0,
                "flexGrow": 1,
                "flexShrink": 1,
                "justifyContent": "center",
              },
            ]
          }
        >
          <View
            accessible={true}
            collapsable={false}
            focusable={true}
            onBlur={[Function]}
            onClick={[Function]}
            onFocus={[Function]}
            onHoverIn={[Function]}
            onHoverOut={[Function]}
            onResponderGrant={[Function]}
            onResponderMove={[Function]}
            onResponderRelease={[Function]}
            onResponderTerminate={[Function]}
            onResponderTerminationRequest={[Function]}
            onStartShouldSetResponder={[Function]}
            style={
              Array [
                Object {},
              ]
            }
          >
            <Text
              color="#1a1b1c"
              fontFamily="body"
              fontSize={33.80850587417971}
              fontStyle="normal"
              fontWeight={600}
              numberOfLines={1}
              style={
                Array [
                  Object {
                    "color": "#1a1b1c",
                    "fontSize": 33.80850587417971,
                    "fontStyle": "normal",
                    "fontWeight": "600",
                    "textAlign": "center",
                  },
                ]
              }
              textAlign="center"
            >
              파인애플스튜디오
            </Text>
          </View>
        </View>
        <View
          style={
            Array [
              Object {},
            ]
          }
        />
        <View
          h={39.56109134045077}
          mr={57.69230769230769}
          style={
            Array [
              Object {
                "height": 39.56109134045077,
                "marginRight": 57.69230769230769,
                "width": 48.07692307692307,
              },
            ]
          }
          w={48.07692307692307}
        />
      </View>
    </View>
    <RCTScrollView>
      <View>
        <View
          style={
            Array [
              Object {},
            ]
          }
        >
          <RCTScrollView
            disableVirtualization={false}
            getItem={[Function]}
            getItemCount={[Function]}
            horizontal={true}
            initialNumToRender={3}
            keyExtractor={[Function]}
            maxToRenderPerBatch={10}
            onContentSizeChange={[Function]}
            onEndReachedThreshold={0.2}
            onLayout={[Function]}
            onMomentumScrollEnd={[Function]}
            onScroll={[Function]}
            onScrollBeginDrag={[Function]}
            onScrollEndDrag={[Function]}
            removeClippedSubviews={false}
            renderItem={[Function]}
            scrollEventThrottle={50}
            showsHorizontalScrollIndicator={false}
            showsVerticalScrollIndicator={false}
            stickyHeaderIndices={Array []}
            style={
              Array [
                Object {},
              ]
            }
            updateCellsBatchingPeriod={50}
            viewabilityConfigCallbackPairs={Array []}
            windowSize={21}
          >
            <View />
          </RCTScrollView>
        </View>
        <View
          mb={20}
          style={
            Array [
              Object {
                "marginBottom": 80,
              },
            ]
          }
        >
          <View
            flexDirection="row"
            flexWrap="wrap"
            h="100%"
            justifyContent="center"
            mt={4}
            style={
              Array [
                Object {
                  "flexDirection": "row",
                  "flexWrap": "wrap",
                  "height": "100%",
                  "justifyContent": "center",
                  "marginTop": 16,
                },
              ]
            }
          >
            <View
              m={4}
              style={
                Array [
                  Object {
                    "marginBottom": 16,
                    "marginLeft": 16,
                    "marginRight": 16,
                    "marginTop": 16,
                  },
                ]
              }
            >
              <View
                accessible={true}
                collapsable={false}
                focusable={true}
                onBlur={[Function]}
                onClick={[Function]}
                onFocus={[Function]}
                onHoverIn={[Function]}
                onHoverOut={[Function]}
                onResponderGrant={[Function]}
                onResponderMove={[Function]}
                onResponderRelease={[Function]}
                onResponderTerminate={[Function]}
                onResponderTerminationRequest={[Function]}
                onStartShouldSetResponder={[Function]}
                style={
                  Array [
                    Object {},
                    Object {
                      "backgroundColor": "#fafafa80",
                      "borderColor": "#0fefbd",
                      "borderRadius": 8,
                      "borderWidth": 1,
                      "height": 269.2307692307692,
                      "width": 269.2307692307692,
                    },
                  ]
                }
              >
                <View
                  style={
                    Array [
                      Object {},
                    ]
                  }
                >
                  <View
                    alignItems="center"
                    display="flex"
                    h="100%"
                    justifyContent="center"
                    style={
                      Array [
                        Object {
                          "alignItems": "center",
                          "display": "flex",
                          "height": "100%",
                          "justifyContent": "center",
                        },
                      ]
                    }
                  >
                    <Image
                      accessibilityLabel=" "
                      alt=" "
                      maxWidth="100%"
                      onError={[Function]}
                      resizeMode="contain"
                      source={
                        Object {
                          "testUri": "../../../src/Assets/Image/btn_main_speaker.png",
                        }
                      }
                      style={
                        Array [
                          Object {
                            "maxWidth": "100%",
                          },
                          Object {
                            "marginBottom": 8,
                            "width": 92.3076923076923,
                          },
                        ]
                      }
                    />
                    <View
                      alignItems="center"
                      flexDirection="row"
                      justifyContent="center"
                      style={
                        Array [
                          Object {
                            "alignItems": "center",
                            "flexDirection": "row",
                            "justifyContent": "center",
                            "width": "100%",
                          },
                        ]
                      }
                      w="100%"
                    >
                      <View
                        style={
                          Array [
                            Object {},
                          ]
                        }
                      />
                      <Text
                        color="muted.700"
                        fontFamily="body"
                        fontSize="md"
                        fontStyle="normal"
                        fontWeight={600}
                        style={
                          Array [
                            Object {
                              "color": "#404040",
                              "fontSize": 16,
                              "fontStyle": "normal",
                              "fontWeight": "600",
                            },
                            Object {
                              "color": "#0fefbd",
                              "fontSize": 27.842298955206825,
                              "textAlign": "center",
                            },
                          ]
                        }
                      >
                        Challenge
                      </Text>
                    </View>
                  </View>
                </View>
              </View>
            </View>
            <View
              style={
                Array [
                  Object {},
                ]
              }
            />
            <View
              m={4}
              style={
                Array [
                  Object {
                    "marginBottom": 16,
                    "marginLeft": 16,
                    "marginRight": 16,
                    "marginTop": 16,
                  },
                ]
              }
            >
              <View
                accessible={true}
                collapsable={false}
                focusable={true}
                onBlur={[Function]}
                onClick={[Function]}
                onFocus={[Function]}
                onHoverIn={[Function]}
                onHoverOut={[Function]}
                onResponderGrant={[Function]}
                onResponderMove={[Function]}
                onResponderRelease={[Function]}
                onResponderTerminate={[Function]}
                onResponderTerminationRequest={[Function]}
                onStartShouldSetResponder={[Function]}
                style={
                  Array [
                    Object {},
                    Object {
                      "backgroundColor": "#fafafa80",
                      "borderColor": "#0fefbd",
                      "borderRadius": 8,
                      "borderWidth": 1,
                      "height": 269.2307692307692,
                      "width": 269.2307692307692,
                    },
                  ]
                }
              >
                <View
                  style={
                    Array [
                      Object {},
                    ]
                  }
                >
                  <View
                    alignItems="center"
                    display="flex"
                    h="100%"
                    justifyContent="center"
                    style={
                      Array [
                        Object {
                          "alignItems": "center",
                          "display": "flex",
                          "height": "100%",
                          "justifyContent": "center",
                        },
                      ]
                    }
                  >
                    <Image
                      accessibilityLabel=" "
                      alt=" "
                      maxWidth="100%"
                      onError={[Function]}
                      resizeMode="contain"
                      source={
                        Object {
                          "testUri": "../../../src/Assets/Image/btn_main_write_music.png",
                        }
                      }
                      style={
                        Array [
                          Object {
                            "maxWidth": "100%",
                          },
                          Object {
                            "marginBottom": 8,
                            "width": 92.3076923076923,
                          },
                        ]
                      }
                    />
                    <View
                      alignItems="center"
                      flexDirection="row"
                      justifyContent="center"
                      style={
                        Array [
                          Object {
                            "alignItems": "center",
                            "flexDirection": "row",
                            "justifyContent": "center",
                            "width": "100%",
                          },
                        ]
                      }
                      w="100%"
                    >
                      <View
                        style={
                          Array [
                            Object {},
                          ]
                        }
                      />
                      <Text
                        color="muted.700"
                        fontFamily="body"
                        fontSize="md"
                        fontStyle="normal"
                        fontWeight={600}
                        style={
                          Array [
                            Object {
                              "color": "#404040",
                              "fontSize": 16,
                              "fontStyle": "normal",
                              "fontWeight": "600",
                            },
                            Object {
                              "color": "#0fefbd",
                              "fontSize": 27.842298955206825,
                              "textAlign": "center",
                            },
                          ]
                        }
                      >
                        가사 쓰기
                      </Text>
                    </View>
                  </View>
                </View>
              </View>
            </View>
            <View
              style={
                Array [
                  Object {},
                ]
              }
            />
            <View
              m={4}
              style={
                Array [
                  Object {
                    "marginBottom": 16,
                    "marginLeft": 16,
                    "marginRight": 16,
                    "marginTop": 16,
                  },
                ]
              }
            >
              <View
                accessible={true}
                collapsable={false}
                focusable={true}
                onBlur={[Function]}
                onClick={[Function]}
                onFocus={[Function]}
                onHoverIn={[Function]}
                onHoverOut={[Function]}
                onResponderGrant={[Function]}
                onResponderMove={[Function]}
                onResponderRelease={[Function]}
                onResponderTerminate={[Function]}
                onResponderTerminationRequest={[Function]}
                onStartShouldSetResponder={[Function]}
                style={
                  Array [
                    Object {},
                    Object {
                      "backgroundColor": "#fafafa80",
                      "borderColor": "#0fefbd",
                      "borderRadius": 8,
                      "borderWidth": 1,
                      "height": 269.2307692307692,
                      "width": 269.2307692307692,
                    },
                  ]
                }
              >
                <View
                  style={
                    Array [
                      Object {},
                    ]
                  }
                >
                  <View
                    alignItems="center"
                    display="flex"
                    h="100%"
                    justifyContent="center"
                    style={
                      Array [
                        Object {
                          "alignItems": "center",
                          "display": "flex",
                          "height": "100%",
                          "justifyContent": "center",
                        },
                      ]
                    }
                  >
                    <Image
                      accessibilityLabel=" "
                      alt=" "
                      maxWidth="100%"
                      onError={[Function]}
                      resizeMode="contain"
                      source={
                        Object {
                          "testUri": "../../../src/Assets/Image/icon_main_coar_green.png",
                        }
                      }
                      style={
                        Array [
                          Object {
                            "maxWidth": "100%",
                          },
                          Object {
                            "marginBottom": 8,
                            "width": 92.3076923076923,
                          },
                        ]
                      }
                    />
                    <View
                      alignItems="center"
                      flexDirection="row"
                      justifyContent="center"
                      style={
                        Array [
                          Object {
                            "alignItems": "center",
                            "flexDirection": "row",
                            "justifyContent": "center",
                            "width": "100%",
                          },
                        ]
                      }
                      w="100%"
                    >
                      <View
                        style={
                          Array [
                            Object {},
                          ]
                        }
                      />
                      <Text
                        color="muted.700"
                        fontFamily="body"
                        fontSize="md"
                        fontStyle="normal"
                        fontWeight={600}
                        style={
                          Array [
                            Object {
                              "color": "#404040",
                              "fontSize": 16,
                              "fontStyle": "normal",
                              "fontWeight": "600",
                            },
                            Object {
                              "color": "#0fefbd",
                              "fontSize": 27.842298955206825,
                              "textAlign": "center",
                            },
                          ]
                        }
                      >
                        작곡 / 편곡 매칭
                      </Text>
                    </View>
                  </View>
                </View>
              </View>
            </View>
            <View
              style={
                Array [
                  Object {},
                ]
              }
            />
            <View
              m={4}
              style={
                Array [
                  Object {
                    "marginBottom": 16,
                    "marginLeft": 16,
                    "marginRight": 16,
                    "marginTop": 16,
                  },
                ]
              }
            >
              <View
                accessible={true}
                collapsable={false}
                focusable={true}
                onBlur={[Function]}
                onClick={[Function]}
                onFocus={[Function]}
                onHoverIn={[Function]}
                onHoverOut={[Function]}
                onResponderGrant={[Function]}
                onResponderMove={[Function]}
                onResponderRelease={[Function]}
                onResponderTerminate={[Function]}
                onResponderTerminationRequest={[Function]}
                onStartShouldSetResponder={[Function]}
                style={
                  Array [
                    Object {},
                    Object {
                      "backgroundColor": "#fafafa80",
                      "borderColor": "#0fefbd",
                      "borderRadius": 8,
                      "borderWidth": 1,
                      "height": 269.2307692307692,
                      "width": 269.2307692307692,
                    },
                  ]
                }
              >
                <View
                  style={
                    Array [
                      Object {},
                    ]
                  }
                >
                  <View
                    alignItems="center"
                    display="flex"
                    h="100%"
                    justifyContent="center"
                    style={
                      Array [
                        Object {
                          "alignItems": "center",
                          "display": "flex",
                          "height": "100%",
                          "justifyContent": "center",
                        },
                      ]
                    }
                  >
                    <Image
                      accessibilityLabel=" "
                      alt=" "
                      maxWidth="100%"
                      onError={[Function]}
                      resizeMode="contain"
                      source={
                        Object {
                          "testUri": "../../../src/Assets/Image/icon_main_bgm_green.png",
                        }
                      }
                      style={
                        Array [
                          Object {
                            "maxWidth": "100%",
                          },
                          Object {
                            "marginBottom": 8,
                            "width": 92.3076923076923,
                          },
                        ]
                      }
                    />
                    <View
                      alignItems="center"
                      flexDirection="row"
                      justifyContent="center"
                      style={
                        Array [
                          Object {
                            "alignItems": "center",
                            "flexDirection": "row",
                            "justifyContent": "center",
                            "width": "100%",
                          },
                        ]
                      }
                      w="100%"
                    >
                      <View
                        style={
                          Array [
                            Object {},
                          ]
                        }
                      />
                      <Text
                        color="muted.700"
                        fontFamily="body"
                        fontSize="md"
                        fontStyle="normal"
                        fontWeight={600}
                        style={
                          Array [
                            Object {
                              "color": "#404040",
                              "fontSize": 16,
                              "fontStyle": "normal",
                              "fontWeight": "600",
                            },
                            Object {
                              "color": "#0fefbd",
                              "fontSize": 27.842298955206825,
                              "textAlign": "center",
                            },
                          ]
                        }
                      >
                        BGM Studio
                      </Text>
                    </View>
                  </View>
                </View>
              </View>
            </View>
            <View
              style={
                Array [
                  Object {},
                ]
              }
            />
            <View
              m={4}
              mr={188}
              style={
                Array [
                  Object {
                    "marginBottom": 16,
                    "marginLeft": 16,
                    "marginRight": 188,
                    "marginTop": 16,
                  },
                ]
              }
            >
              <View
                accessible={true}
                collapsable={false}
                focusable={true}
                onBlur={[Function]}
                onClick={[Function]}
                onFocus={[Function]}
                onHoverIn={[Function]}
                onHoverOut={[Function]}
                onResponderGrant={[Function]}
                onResponderMove={[Function]}
                onResponderRelease={[Function]}
                onResponderTerminate={[Function]}
                onResponderTerminationRequest={[Function]}
                onStartShouldSetResponder={[Function]}
                style={
                  Array [
                    Object {},
                    Object {
                      "backgroundColor": "#fafafa80",
                      "borderColor": "#0fefbd",
                      "borderRadius": 8,
                      "borderWidth": 1,
                      "height": 269.2307692307692,
                      "width": 269.2307692307692,
                    },
                  ]
                }
              >
                <View
                  style={
                    Array [
                      Object {},
                    ]
                  }
                >
                  <View
                    alignItems="center"
                    display="flex"
                    h="100%"
                    justifyContent="center"
                    style={
                      Array [
                        Object {
                          "alignItems": "center",
                          "display": "flex",
                          "height": "100%",
                          "justifyContent": "center",
                        },
                      ]
                    }
                  >
                    <Image
                      accessibilityLabel=" "
                      alt=" "
                      maxWidth="100%"
                      onError={[Function]}
                      resizeMode="contain"
                      source={
                        Object {
                          "testUri": "../../../src/Assets/Image/icon_main_pineclip_green.png",
                        }
                      }
                      style={
                        Array [
                          Object {
                            "maxWidth": "100%",
                          },
                          Object {
                            "marginBottom": 8,
                            "width": 92.3076923076923,
                          },
                        ]
                      }
                    />
                    <View
                      alignItems="center"
                      flexDirection="row"
                      justifyContent="center"
                      style={
                        Array [
                          Object {
                            "alignItems": "center",
                            "flexDirection": "row",
                            "justifyContent": "center",
                            "width": "100%",
                          },
                        ]
                      }
                      w="100%"
                    >
                      <View
                        style={
                          Array [
                            Object {},
                          ]
                        }
                      />
                      <Text
                        color="muted.700"
                        fontFamily="body"
                        fontSize="md"
                        fontStyle="normal"
                        fontWeight={600}
                        style={
                          Array [
                            Object {
                              "color": "#404040",
                              "fontSize": 16,
                              "fontStyle": "normal",
                              "fontWeight": "600",
                            },
                            Object {
                              "color": "#0fefbd",
                              "fontSize": 27.842298955206825,
                              "textAlign": "center",
                            },
                          ]
                        }
                      >
                        PineClip
                      </Text>
                    </View>
                  </View>
                </View>
              </View>
            </View>
          </View>
        </View>
      </View>
    </RCTScrollView>
  </View>
</RNCSafeAreaProvider>
`;
