// Jest Snapshot v1, https://goo.gl/fbAQLP

exports[`[MusicPlayer] Test MusicPlayer snapshot 1`] = `
<RNCSafeAreaProvider
  onInsetsChange={[Function]}
  style={
    Array [
      Object {
        "flex": 1,
      },
      undefined,
    ]
  }
>
  <View
    style={
      Array [
        Object {},
        Object {
          "backgroundColor": "#fafafa",
          "borderRadius": 16,
          "height": 1171.0083036773428,
          "width": "100%",
        },
      ]
    }
  >
    <View
      backgroundColor="#fafafa"
      borderRadius={16}
      style={
        Array [
          Object {
            "backgroundColor": "#fafafa",
            "borderRadius": 16,
          },
          Object {
            "height": 248.44365361803085,
            "width": 750,
          },
        ]
      }
    >
      <View
        style={
          Array [
            Object {},
            Object {
              "marginLeft": 39,
              "marginTop": 32,
              "width": 313.46153846153845,
            },
          ]
        }
      >
        <Text
          color="muted.700"
          fontFamily="body"
          fontSize="md"
          fontStyle="normal"
          fontWeight="bold"
          numberOfLines={1}
          style={
            Array [
              Object {
                "color": "#404040",
                "fontSize": 16,
                "fontStyle": "normal",
                "fontWeight": "700",
              },
              Object {
                "color": "#1a1b1c",
                "fontSize": 27.842298955206825,
                "textAlign": "right",
              },
            ]
          }
        >
          
        </Text>
        <View
          style={
            Array [
              Object {},
            ]
          }
        />
        <Text
          color="muted.700"
          fontFamily="body"
          fontSize="md"
          fontStyle="normal"
          fontWeight={400}
          numberOfLines={1}
          style={
            Array [
              Object {
                "color": "#404040",
                "fontSize": 16,
                "fontStyle": "normal",
                "fontWeight": "400",
              },
              Object {
                "color": "#858c92",
                "fontSize": 23.864827675891565,
                "textAlign": "right",
              },
            ]
          }
        >
          
        </Text>
        <View
          style={
            Array [
              Object {},
            ]
          }
        />
        <View
          alignItems="center"
          flexDirection="row"
          justifyContent="space-between"
          my={4}
          onTouchCancel={[Function]}
          onTouchEnd={[Function]}
          onTouchStart={[Function]}
          style={
            Array [
              Object {
                "alignItems": "center",
                "flexDirection": "row",
                "justifyContent": "space-between",
                "marginBottom": 16,
                "marginTop": 16,
              },
            ]
          }
        >
          <View
            accessible={true}
            focusable={true}
            onClick={[Function]}
            onResponderGrant={[Function]}
            onResponderMove={[Function]}
            onResponderRelease={[Function]}
            onResponderTerminate={[Function]}
            onResponderTerminationRequest={[Function]}
            onStartShouldSetResponder={[Function]}
            style={
              Object {
                "height": 56.96797153024911,
                "opacity": 1,
                "width": 69.23076923076924,
              }
            }
          >
            <Image
              accessibilityLabel=" "
              alt=" "
              maxWidth="100%"
              onError={[Function]}
              resizeMode="contain"
              source={
                Object {
                  "testUri": "../../../src/Assets/Image/icon_musicplayer_skip_back.png",
                }
              }
              style={
                Array [
                  Object {
                    "maxWidth": "100%",
                  },
                  Object {
                    "height": "100%",
                    "width": "100%",
                  },
                ]
              }
            />
          </View>
          <View
            style={
              Array [
                Object {},
              ]
            }
          />
          <View
            accessible={true}
            focusable={true}
            onClick={[Function]}
            onResponderGrant={[Function]}
            onResponderMove={[Function]}
            onResponderRelease={[Function]}
            onResponderTerminate={[Function]}
            onResponderTerminationRequest={[Function]}
            onStartShouldSetResponder={[Function]}
            style={
              Object {
                "height": 75.95729537366547,
                "opacity": 1,
                "width": 92.3076923076923,
              }
            }
          >
            <Image
              accessibilityLabel=" "
              alt=" "
              h="100%"
              maxWidth="100%"
              onError={[Function]}
              resizeMode="contain"
              source={
                Object {
                  "testUri": "../../../src/Assets/Image/icon_musicplayer_play_green.png",
                }
              }
              style={
                Array [
                  Object {
                    "height": "100%",
                    "maxWidth": "100%",
                    "width": "100%",
                  },
                ]
              }
              w="100%"
            />
          </View>
          <View
            style={
              Array [
                Object {},
              ]
            }
          />
          <View
            accessible={true}
            focusable={true}
            onClick={[Function]}
            onResponderGrant={[Function]}
            onResponderMove={[Function]}
            onResponderRelease={[Function]}
            onResponderTerminate={[Function]}
            onResponderTerminationRequest={[Function]}
            onStartShouldSetResponder={[Function]}
            style={
              Object {
                "height": 56.96797153024911,
                "opacity": 1,
                "width": 69.23076923076924,
              }
            }
          >
            <Image
              accessibilityLabel=" "
              alt=" "
              maxWidth="100%"
              onError={[Function]}
              resizeMode="contain"
              source={
                Object {
                  "testUri": "../../../src/Assets/Image/icon_musicplayer_skip_forword.png",
                }
              }
              style={
                Array [
                  Object {
                    "maxWidth": "100%",
                  },
                  Object {
                    "height": "100%",
                    "width": "100%",
                  },
                ]
              }
            />
          </View>
        </View>
      </View>
      <View
        style={
          Array [
            Object {},
            Object {
              "height": 169.3214709371293,
              "position": "absolute",
              "right": 41,
              "top": 26,
              "width": 205.76923076923077,
            },
          ]
        }
      >
        <Image
          accessibilityLabel=" "
          alt=" "
          maxWidth="100%"
          onError={[Function]}
          resizeMode="contain"
          source={
            Object {
              "testUri": "../../../src/Assets/Image/img_dump_cd.png",
            }
          }
          style={
            Array [
              Object {
                "maxWidth": "100%",
              },
              Object {
                "height": "100%",
                "width": "100%",
              },
            ]
          }
        />
      </View>
    </View>
  </View>
</RNCSafeAreaProvider>
`;
