// Jest Snapshot v1, https://goo.gl/fbAQLP

exports[`[VideoPlayer] Test VideoPlayer snapshot 1`] = `
<RNCSafeAreaProvider
  onInsetsChange={[Function]}
  style={
    Array [
      Object {
        "flex": 1,
      },
      undefined,
    ]
  }
>
  <View
    backgroundColor="#fafafa"
    borderRadius={16}
    flex={1}
    style={
      Array [
        Object {
          "backgroundColor": "#fafafa",
          "borderRadius": 16,
          "flexBasis": 0,
          "flexGrow": 1,
          "flexShrink": 1,
        },
      ]
    }
  >
    <View
      style={
        Array [
          Object {},
        ]
      }
    >
      <View
        style={
          Array [
            Object {},
            Object {
              "height": 338.6429418742586,
              "width": "100%",
            },
          ]
        }
      >
        <RCTYouTube
          loopProp={false}
          onChangeFullscreen={[Function]}
          onChangeQuality={[Function]}
          onChangeState={[Function]}
          onError={[Function]}
          onProgress={[Function]}
          onReady={[Function]}
          play={false}
          playerParams={
            Object {
              "playerVars": Object {
                "controls": undefined,
                "fs": undefined,
                "loop": undefined,
                "modestbranding": undefined,
                "origin": undefined,
                "playlist": undefined,
                "playsinline": 1,
                "rel": undefined,
                "showinfo": undefined,
              },
              "playlistId": undefined,
              "videoId": undefined,
            }
          }
          style={
            Array [
              Object {
                "overflow": "hidden",
              },
              Object {
                "height": "100%",
                "width": "100%",
              },
            ]
          }
        />
      </View>
      <View
        height={2}
        style={
          Array [
            Object {
              "height": 8,
            },
          ]
        }
      />
      <View
        flexDirection="row"
        justifyContent="space-between"
        px={3}
        style={
          Array [
            Object {
              "flexDirection": "row",
              "justifyContent": "space-between",
              "paddingLeft": 12,
              "paddingRight": 12,
            },
          ]
        }
      >
        <View
          style={
            Array [
              Object {},
            ]
          }
        >
          <Text
            color="#1a1b1c"
            fontFamily="body"
            fontSize={55.68459791041365}
            fontStyle="normal"
            fontWeight="bold"
            numberOfLines={1}
            style={
              Array [
                Object {
                  "color": "#1a1b1c",
                  "fontSize": 55.68459791041365,
                  "fontStyle": "normal",
                  "fontWeight": "700",
                  "width": "100%",
                },
              ]
            }
            w="100%"
          >
            
          </Text>
          <View
            style={
              Array [
                Object {},
              ]
            }
          />
          <Text
            color="#858c92"
            fontFamily="body"
            fontSize={39.77471279315261}
            fontStyle="normal"
            fontWeight={400}
            numberOfLines={1}
            style={
              Array [
                Object {
                  "color": "#858c92",
                  "fontSize": 39.77471279315261,
                  "fontStyle": "normal",
                  "fontWeight": "400",
                  "width": "100%",
                },
              ]
            }
            w="100%"
          >
            
          </Text>
        </View>
        <View
          style={
            Array [
              Object {},
            ]
          }
        />
        <View
          accessible={true}
          focusable={true}
          onClick={[Function]}
          onResponderGrant={[Function]}
          onResponderMove={[Function]}
          onResponderRelease={[Function]}
          onResponderTerminate={[Function]}
          onResponderTerminationRequest={[Function]}
          onStartShouldSetResponder={[Function]}
          style={
            Object {
              "opacity": 1,
            }
          }
        >
          <Image
            accessibilityLabel=" "
            alt=" "
            maxWidth="100%"
            onError={[Function]}
            resizeMode="contain"
            source={
              Object {
                "testUri": "../../../src/Assets/Image/icon_musicplayer_arrow_down.png",
              }
            }
            style={
              Array [
                Object {
                  "maxWidth": "100%",
                },
                Object {
                  "height": 37.97864768683274,
                  "width": 46.15384615384615,
                },
              ]
            }
          />
        </View>
      </View>
      <View
        height={2}
        style={
          Array [
            Object {
              "height": 8,
            },
          ]
        }
      />
      <View
        aria-orientation="horizontal"
        bg="muted.200"
        height="1px"
        style={
          Array [
            Object {
              "backgroundColor": "#e5e5e5",
              "height": 1,
              "width": "100%",
            },
          ]
        }
        width="100%"
      />
      <View
        height={2}
        style={
          Array [
            Object {
              "height": 8,
            },
          ]
        }
      />
      <View
        flexDirection="row"
        justifyContent="center"
        mb={4}
        style={
          Array [
            Object {
              "flexDirection": "row",
              "justifyContent": "center",
              "marginBottom": 16,
            },
          ]
        }
      >
        <View
          style={
            Array [
              Object {},
            ]
          }
        >
          <View
            accessible={true}
            focusable={true}
            onClick={[Function]}
            onResponderGrant={[Function]}
            onResponderMove={[Function]}
            onResponderRelease={[Function]}
            onResponderTerminate={[Function]}
            onResponderTerminationRequest={[Function]}
            onStartShouldSetResponder={[Function]}
            style={
              Object {
                "alignItems": "center",
                "height": 126.59549228944246,
                "justifyContent": "center",
                "opacity": 1,
                "width": 115.38461538461539,
              }
            }
          >
            <Text
              color="#a5a8ae"
              fontFamily="body"
              fontSize={31.819770234522082}
              fontStyle="normal"
              fontWeight={500}
              style={
                Array [
                  Object {
                    "color": "#a5a8ae",
                    "fontSize": 31.819770234522082,
                    "fontStyle": "normal",
                    "fontWeight": "500",
                  },
                ]
              }
            >
              0
            </Text>
            <Image
              accessibilityLabel=" "
              alt=" "
              maxWidth="100%"
              onError={[Function]}
              resizeMode="contain"
              source={
                Object {
                  "testUri": "../../../src/Assets/Image/icon_musicplayer_fire_green.png",
                }
              }
              style={
                Array [
                  Object {
                    "maxWidth": "100%",
                  },
                  Object {
                    "height": 60.132858837485166,
                    "width": 73.0769230769231,
                  },
                ]
              }
            />
            <Text
              color="#a1b1c1"
              fontFamily="body"
              fontSize={31.819770234522082}
              fontStyle="normal"
              fontWeight={500}
              style={
                Array [
                  Object {
                    "color": "#a1b1c1",
                    "fontSize": 31.819770234522082,
                    "fontStyle": "normal",
                    "fontWeight": "500",
                  },
                ]
              }
            >
              응원해요
            </Text>
          </View>
        </View>
        <View
          style={
            Array [
              Object {
                "width": 40,
              },
            ]
          }
          width={10}
        />
        <View
          style={
            Array [
              Object {},
            ]
          }
        >
          <View
            accessible={true}
            focusable={true}
            onClick={[Function]}
            onResponderGrant={[Function]}
            onResponderMove={[Function]}
            onResponderRelease={[Function]}
            onResponderTerminate={[Function]}
            onResponderTerminationRequest={[Function]}
            onStartShouldSetResponder={[Function]}
            style={
              Object {
                "alignItems": "center",
                "height": 126.59549228944246,
                "justifyContent": "center",
                "opacity": 1,
                "width": 115.38461538461539,
              }
            }
          >
            <Text
              color="#a5a8ae"
              fontFamily="body"
              fontSize={31.819770234522082}
              fontStyle="normal"
              fontWeight={500}
              style={
                Array [
                  Object {
                    "color": "#a5a8ae",
                    "fontSize": 31.819770234522082,
                    "fontStyle": "normal",
                    "fontWeight": "500",
                  },
                ]
              }
            >
              0
            </Text>
            <Image
              accessibilityLabel=" "
              alt=" "
              maxWidth="100%"
              onError={[Function]}
              resizeMode="contain"
              source={
                Object {
                  "testUri": "../../../src/Assets/Image/icon_musicplayer_heart_green.png",
                }
              }
              style={
                Array [
                  Object {
                    "maxWidth": "100%",
                  },
                  Object {
                    "height": 60.132858837485166,
                    "width": 73.0769230769231,
                  },
                ]
              }
            />
            <Text
              color="#a1b1c1"
              fontFamily="body"
              fontSize={31.819770234522082}
              fontStyle="normal"
              fontWeight={500}
              style={
                Array [
                  Object {
                    "color": "#a1b1c1",
                    "fontSize": 31.819770234522082,
                    "fontStyle": "normal",
                    "fontWeight": "500",
                  },
                ]
              }
            >
              찜
            </Text>
          </View>
        </View>
        <View
          style={
            Array [
              Object {
                "width": 40,
              },
            ]
          }
          width={10}
        />
        <View
          style={
            Array [
              Object {},
            ]
          }
        >
          <View
            accessible={true}
            focusable={true}
            onClick={[Function]}
            onResponderGrant={[Function]}
            onResponderMove={[Function]}
            onResponderRelease={[Function]}
            onResponderTerminate={[Function]}
            onResponderTerminationRequest={[Function]}
            onStartShouldSetResponder={[Function]}
            style={
              Object {
                "alignItems": "center",
                "height": 126.59549228944246,
                "justifyContent": "center",
                "opacity": 1,
                "width": 115.38461538461539,
              }
            }
          >
            <Text
              color="#a5a8ae"
              fontFamily="body"
              fontSize={31.819770234522082}
              fontStyle="normal"
              fontWeight={500}
              style={
                Array [
                  Object {
                    "color": "#a5a8ae",
                    "fontSize": 31.819770234522082,
                    "fontStyle": "normal",
                    "fontWeight": "500",
                  },
                ]
              }
            >
              0
            </Text>
            <Image
              accessibilityLabel=" "
              alt=" "
              maxWidth="100%"
              onError={[Function]}
              resizeMode="contain"
              source={
                Object {
                  "testUri": "../../../src/Assets/Image/icon_musicplayer_mic_green.png",
                }
              }
              style={
                Array [
                  Object {
                    "maxWidth": "100%",
                  },
                  Object {
                    "height": 60.132858837485166,
                    "width": 73.0769230769231,
                  },
                ]
              }
            />
            <Text
              color="#a1b1c1"
              fontFamily="body"
              fontSize={31.819770234522082}
              fontStyle="normal"
              fontWeight={500}
              style={
                Array [
                  Object {
                    "color": "#a1b1c1",
                    "fontSize": 31.819770234522082,
                    "fontStyle": "normal",
                    "fontWeight": "500",
                  },
                ]
              }
            >
              함께해요
            </Text>
          </View>
        </View>
      </View>
      <View
        height={2}
        style={
          Array [
            Object {
              "height": 8,
            },
          ]
        }
      />
      <View
        aria-orientation="horizontal"
        bg="muted.200"
        height="1px"
        style={
          Array [
            Object {
              "backgroundColor": "#e5e5e5",
              "height": 1,
              "width": "100%",
            },
          ]
        }
        width="100%"
      />
      <View
        height={2}
        style={
          Array [
            Object {
              "height": 8,
            },
          ]
        }
      />
      <View
        alignItems="center"
        display="flex"
        justifyContent="center"
        style={
          Array [
            Object {
              "alignItems": "center",
              "display": "flex",
              "justifyContent": "center",
            },
          ]
        }
      >
        <View
          style={
            Array [
              Object {
                "width": "100%",
              },
              Object {
                "height": 363.9620403321471,
              },
            ]
          }
          w="100%"
        >
          <View
            flexDirection="row"
            style={
              Array [
                Object {
                  "flexDirection": "row",
                },
              ]
            }
          >
            <Text
              color="#1a1b1c"
              fontFamily="body"
              fontSize={31.819770234522082}
              fontStyle="normal"
              fontWeight={500}
              style={
                Array [
                  Object {
                    "color": "#1a1b1c",
                    "fontSize": 31.819770234522082,
                    "fontStyle": "normal",
                    "fontWeight": "500",
                  },
                ]
              }
            >
              Comments
            </Text>
            <View
              style={
                Array [
                  Object {
                    "width": 8,
                  },
                ]
              }
              width={2}
            />
            <Text
              color="#a5a8ae"
              fontFamily="body"
              fontSize={27.842298955206825}
              fontStyle="normal"
              fontWeight={400}
              style={
                Array [
                  Object {
                    "color": "#a5a8ae",
                    "fontSize": 27.842298955206825,
                    "fontStyle": "normal",
                    "fontWeight": "400",
                  },
                ]
              }
            />
          </View>
          <RCTScrollView
            data={Array []}
            disableVirtualization={false}
            getItem={[Function]}
            getItemCount={[Function]}
            horizontal={false}
            initialNumToRender={5}
            keyExtractor={[Function]}
            maxToRenderPerBatch={10}
            onContentSizeChange={[Function]}
            onEndReachedThreshold={0.2}
            onLayout={[Function]}
            onMomentumScrollEnd={[Function]}
            onScroll={[Function]}
            onScrollBeginDrag={[Function]}
            onScrollEndDrag={[Function]}
            onTouchCancel={[Function]}
            onTouchEnd={[Function]}
            onTouchStart={[Function]}
            removeClippedSubviews={false}
            renderItem={[Function]}
            scrollEventThrottle={50}
            showsHorizontalScrollIndicator={false}
            showsVerticalScrollIndicator={false}
            stickyHeaderIndices={Array []}
            style={
              Array [
                Object {},
              ]
            }
            updateCellsBatchingPeriod={50}
            viewabilityConfigCallbackPairs={Array []}
            windowSize={21}
          >
            <View />
          </RCTScrollView>
        </View>
        <View
          alignItems="center"
          backgroundColor="#fafafab3"
          borderColor="#a5a8ae4c"
          borderRadius="lg"
          borderWidth={1}
          display="flex"
          flexDirection="row"
          justifyContent="space-between"
          mt={4}
          overflow="hidden"
          style={
            Array [
              Object {
                "alignItems": "center",
                "backgroundColor": "#fafafab3",
                "borderColor": "#a5a8ae4c",
                "borderRadius": 6,
                "borderWidth": 1,
                "display": "flex",
                "flexDirection": "row",
                "justifyContent": "space-between",
                "marginTop": 16,
                "overflow": "hidden",
                "width": 615.3846153846154,
              },
            ]
          }
          w={615.3846153846154}
        >
          <TextInput
            _text={
              Object {
                "color": "darkText",
              }
            }
            accessible={true}
            allowFontScaling={true}
            background="transparent"
            borderColor="muted.200"
            borderRadius="lg"
            borderWidth={0}
            color="black"
            editable={true}
            flex={1}
            fontSize={31.819770234522082}
            onBlur={[Function]}
            onChangeText={[Function]}
            onFocus={[Function]}
            onKeyPress={[Function]}
            placeholder="응원의 한 줄을 남겨주세요~"
            placeholderTextColor="#a3a3a3"
            px={4}
            py={3}
            rejectResponderTermination={true}
            secureTextEntry={false}
            style={
              Array [
                Object {
                  "borderColor": "#e5e5e5",
                  "borderRadius": 6,
                  "borderWidth": 0,
                  "color": "#000000",
                  "flexBasis": 0,
                  "flexGrow": 1,
                  "flexShrink": 1,
                  "fontSize": 31.819770234522082,
                  "paddingBottom": 12,
                  "paddingLeft": 16,
                  "paddingRight": 16,
                  "paddingTop": 12,
                },
              ]
            }
            underlineColorAndroid="transparent"
            value=""
            variant="outline"
          />
          <View
            mr={3}
            style={
              Array [
                Object {
                  "marginRight": 12,
                },
              ]
            }
          >
            <View
              accessible={true}
              collapsable={false}
              focusable={true}
              onBlur={[Function]}
              onClick={[Function]}
              onFocus={[Function]}
              onHoverIn={[Function]}
              onHoverOut={[Function]}
              onResponderGrant={[Function]}
              onResponderMove={[Function]}
              onResponderRelease={[Function]}
              onResponderTerminate={[Function]}
              onResponderTerminationRequest={[Function]}
              onStartShouldSetResponder={[Function]}
              style={
                Array [
                  Object {},
                  Object {
                    "backgroundColor": "#0fefbd",
                    "borderColor": "#0fefbd",
                    "borderRadius": 4,
                    "borderWidth": 0,
                    "height": 46.15384615384615,
                    "shadowColor": "#8799a45b",
                    "shadowOffset": Object {
                      "height": 2,
                      "width": 0,
                    },
                    "shadowOpacity": 1,
                    "shadowRadius": 4,
                    "width": 134.6153846153846,
                  },
                ]
              }
            >
              <View
                alignItems="center"
                flex={1}
                flexDirection="row"
                style={
                  Array [
                    Object {
                      "alignItems": "center",
                      "flexBasis": 0,
                      "flexDirection": "row",
                      "flexGrow": 1,
                      "flexShrink": 1,
                    },
                  ]
                }
              >
                <View
                  style={
                    Array [
                      Object {},
                    ]
                  }
                />
                <Text
                  color="muted.700"
                  flex={6}
                  fontFamily="body"
                  fontSize="md"
                  fontStyle="normal"
                  fontWeight={600}
                  style={
                    Array [
                      Object {
                        "color": "#404040",
                        "flexBasis": 0,
                        "flexGrow": 6,
                        "flexShrink": 1,
                        "fontSize": 16,
                        "fontStyle": "normal",
                        "fontWeight": "600",
                        "textAlign": "center",
                      },
                      Object {
                        "color": "#fafafa",
                        "fontSize": 35.79724151383734,
                      },
                    ]
                  }
                  textAlign="center"
                >
                  등록
                </Text>
              </View>
            </View>
          </View>
        </View>
      </View>
    </View>
  </View>
</RNCSafeAreaProvider>
`;
