// Jest Snapshot v1, https://goo.gl/fbAQLP

exports[`[MyChallengePlay] Test MyChallengePlay snapshot 1`] = `
<RNCSafeAreaProvider
  onInsetsChange={[Function]}
  style={
    Array [
      Object {
        "flex": 1,
      },
      undefined,
    ]
  }
>
  <View
    flex={1}
    style={
      Array [
        Object {
          "flexBasis": 0,
          "flexGrow": 1,
          "flexShrink": 1,
        },
      ]
    }
  >
    <View
      mb={34.81376037959668}
      pt={5}
      style={
        Array [
          Object {
            "marginBottom": 34.81376037959668,
            "paddingTop": 20,
          },
        ]
      }
    >
      <BVLinearGradient
        colors={
          Array [
            4279234493,
            9763859,
          ]
        }
        endPoint={
          Object {
            "x": 0.5,
            "y": 1,
          }
        }
        locations={null}
        startPoint={
          Object {
            "x": 0.5,
            "y": 0,
          }
        }
        style={
          Object {
            "backgroundColor": "transparent",
            "flex": 1,
            "height": 240.53143534994066,
            "position": "absolute",
            "width": "100%",
          }
        }
      />
      <View
        alignItems="center"
        flexDirection="row"
        height={69.62752075919336}
        style={
          Array [
            Object {
              "alignItems": "center",
              "flexDirection": "row",
              "height": 69.62752075919336,
              "width": "100%",
            },
          ]
        }
        width="100%"
      >
        <View
          ml={57.69230769230769}
          style={
            Array [
              Object {
                "marginLeft": 57.69230769230769,
              },
            ]
          }
        >
          <View
            accessible={true}
            collapsable={false}
            focusable={true}
            h={39.56109134045077}
            onBlur={[Function]}
            onClick={[Function]}
            onFocus={[Function]}
            onHoverIn={[Function]}
            onHoverOut={[Function]}
            onResponderGrant={[Function]}
            onResponderMove={[Function]}
            onResponderRelease={[Function]}
            onResponderTerminate={[Function]}
            onResponderTerminationRequest={[Function]}
            onStartShouldSetResponder={[Function]}
            style={
              Array [
                Object {
                  "height": 39.56109134045077,
                  "width": 48.07692307692307,
                },
              ]
            }
            w={48.07692307692307}
          >
            <Image
              accessibilityLabel=" "
              alt=" "
              maxWidth="100%"
              onError={[Function]}
              resizeMode="contain"
              size="100%"
              source={
                Object {
                  "testUri": "../../../src/Assets/Image/icon_main_left_arrow.png",
                }
              }
              style={
                Array [
                  Object {
                    "height": "100%",
                    "maxWidth": "100%",
                    "width": "100%",
                  },
                ]
              }
            />
          </View>
        </View>
        <View
          style={
            Array [
              Object {},
            ]
          }
        />
        <View
          alignItems="center"
          display="flex"
          flex={1}
          justifyContent="center"
          style={
            Array [
              Object {
                "alignItems": "center",
                "display": "flex",
                "flexBasis": 0,
                "flexGrow": 1,
                "flexShrink": 1,
                "justifyContent": "center",
              },
            ]
          }
        >
          <View
            accessible={true}
            collapsable={false}
            focusable={true}
            onBlur={[Function]}
            onClick={[Function]}
            onFocus={[Function]}
            onHoverIn={[Function]}
            onHoverOut={[Function]}
            onResponderGrant={[Function]}
            onResponderMove={[Function]}
            onResponderRelease={[Function]}
            onResponderTerminate={[Function]}
            onResponderTerminationRequest={[Function]}
            onStartShouldSetResponder={[Function]}
            style={
              Array [
                Object {},
              ]
            }
          >
            <Text
              color="#1a1b1c"
              fontFamily="body"
              fontSize={33.80850587417971}
              fontStyle="normal"
              fontWeight={600}
              numberOfLines={1}
              style={
                Array [
                  Object {
                    "color": "#1a1b1c",
                    "fontSize": 33.80850587417971,
                    "fontStyle": "normal",
                    "fontWeight": "600",
                    "textAlign": "center",
                  },
                ]
              }
              textAlign="center"
            >
              My Challenge/연주챌린지
            </Text>
          </View>
        </View>
        <View
          style={
            Array [
              Object {},
            ]
          }
        />
        <View
          mr={57.69230769230769}
          style={
            Array [
              Object {
                "marginRight": 57.69230769230769,
              },
            ]
          }
        >
          <View
            accessible={true}
            collapsable={false}
            focusable={true}
            h={39.56109134045077}
            onBlur={[Function]}
            onClick={[Function]}
            onFocus={[Function]}
            onHoverIn={[Function]}
            onHoverOut={[Function]}
            onResponderGrant={[Function]}
            onResponderMove={[Function]}
            onResponderRelease={[Function]}
            onResponderTerminate={[Function]}
            onResponderTerminationRequest={[Function]}
            onStartShouldSetResponder={[Function]}
            style={
              Array [
                Object {
                  "height": 39.56109134045077,
                  "width": 48.07692307692307,
                },
              ]
            }
            w={48.07692307692307}
          >
            <Image
              accessibilityLabel=" "
              alt=" "
              maxWidth="100%"
              onError={[Function]}
              resizeMode="contain"
              size="100%"
              source={
                Object {
                  "testUri": "../../../src/Assets/Image/icon_home.png",
                }
              }
              style={
                Array [
                  Object {
                    "height": "100%",
                    "maxWidth": "100%",
                    "width": "100%",
                  },
                ]
              }
            />
          </View>
        </View>
      </View>
    </View>
    <View
      alignItems="center"
      mt={20}
      style={
        Array [
          Object {
            "alignItems": "center",
            "marginTop": 80,
          },
        ]
      }
    >
      <Text
        color="#1a1b1c"
        fontFamily="body"
        fontSize={39.77471279315261}
        fontStyle="normal"
        fontWeight="bold"
        style={
          Array [
            Object {
              "color": "#1a1b1c",
              "fontSize": 39.77471279315261,
              "fontStyle": "normal",
              "fontWeight": "700",
              "textAlign": "center",
            },
          ]
        }
        textAlign="center"
      >
        개인 YouTube에 등록 된 
        

         챌린지 영상의 링크를 등록해 주세요
      </Text>
      <View
        style={
          Array [
            Object {},
          ]
        }
      />
      <View
        height={75.95729537366547}
        justifyContent="center"
        mt={8}
        style={
          Array [
            Object {
              "height": 75.95729537366547,
              "justifyContent": "center",
              "marginTop": 32,
              "width": 615.3846153846154,
            },
          ]
        }
        width={615.3846153846154}
      >
        <Text
          color="#858c92"
          fontFamily="body"
          fontSize={39.77471279315261}
          fontStyle="normal"
          fontWeight="bold"
          style={
            Array [
              Object {
                "color": "#858c92",
                "fontSize": 39.77471279315261,
                "fontStyle": "normal",
                "fontWeight": "700",
                "textAlign": "center",
              },
            ]
          }
          textAlign="center"
        >
          Innocent
        </Text>
      </View>
      <View
        style={
          Array [
            Object {},
          ]
        }
      />
      <View
        style={
          Array [
            Object {},
          ]
        }
      >
        <View
          alignItems="center"
          backgroundColor="#1a1b1c80"
          borderColor="muted.200"
          borderRadius="lg"
          borderWidth={1}
          display="flex"
          flexDirection="row"
          justifyContent="space-between"
          overflow="hidden"
          style={
            Array [
              Object {
                "alignItems": "center",
                "backgroundColor": "#1a1b1c80",
                "borderColor": "#e5e5e5",
                "borderRadius": 6,
                "borderWidth": 1,
                "display": "flex",
                "flexDirection": "row",
                "justifyContent": "space-between",
                "overflow": "hidden",
                "width": 615.3846153846154,
              },
            ]
          }
          width={615.3846153846154}
        >
          <Image
            accessibilityLabel=" "
            alt=" "
            maxWidth="100%"
            ml={3}
            onError={[Function]}
            source={
              Object {
                "testUri": "../../../src/Assets/Image/challenge/icon_challenge_link.png",
              }
            }
            style={
              Array [
                Object {
                  "marginLeft": 12,
                  "maxWidth": "100%",
                },
                Object {
                  "width": 46.15384615384615,
                },
              ]
            }
          />
          <TextInput
            _text={
              Object {
                "color": "lightText",
              }
            }
            accessible={true}
            allowFontScaling={true}
            background="transparent"
            borderColor="muted.200"
            borderRadius="lg"
            borderWidth={0}
            color="#fafafa"
            editable={true}
            flex={1}
            fontSize={31.819770234522082}
            fontWeight={600}
            onBlur={[Function]}
            onFocus={[Function]}
            onKeyPress={[Function]}
            placeholder="링크를 등록해주세요"
            placeholderTextColor="#a5a8ae"
            px={4}
            py={3}
            rejectResponderTermination={true}
            secureTextEntry={false}
            style={
              Array [
                Object {
                  "borderColor": "#e5e5e5",
                  "borderRadius": 6,
                  "borderWidth": 0,
                  "color": "#fafafa",
                  "flexBasis": 0,
                  "flexGrow": 1,
                  "flexShrink": 1,
                  "fontSize": 31.819770234522082,
                  "fontWeight": "600",
                  "paddingBottom": 12,
                  "paddingLeft": 16,
                  "paddingRight": 16,
                  "paddingTop": 12,
                },
              ]
            }
            underlineColorAndroid="transparent"
            variant="outline"
          />
          <View
            _text={
              Object {
                "color": "darkText",
              }
            }
            accessible={true}
            alignItems="center"
            backgroundColor="#0fefbd"
            collapsable={false}
            focusable={true}
            height={37.97864768683274}
            justifyContent="center"
            mr={3}
            onBlur={[Function]}
            onClick={[Function]}
            onFocus={[Function]}
            onHoverIn={[Function]}
            onHoverOut={[Function]}
            onResponderGrant={[Function]}
            onResponderMove={[Function]}
            onResponderRelease={[Function]}
            onResponderTerminate={[Function]}
            onResponderTerminationRequest={[Function]}
            onStartShouldSetResponder={[Function]}
            rounded={4}
            style={
              Array [
                Object {
                  "alignItems": "center",
                  "backgroundColor": "#0fefbd",
                  "borderRadius": 4,
                  "height": 37.97864768683274,
                  "justifyContent": "center",
                  "marginRight": 12,
                  "width": 134.6153846153846,
                },
              ]
            }
            width={134.6153846153846}
          >
            <Text
              color="#ffffff"
              fontFamily="body"
              fontSize={23.864827675891565}
              fontStyle="normal"
              fontWeight="bold"
              style={
                Array [
                  Object {
                    "color": "#ffffff",
                    "fontSize": 23.864827675891565,
                    "fontStyle": "normal",
                    "fontWeight": "700",
                  },
                ]
              }
            >
              등 록
            </Text>
          </View>
        </View>
      </View>
      <View
        style={
          Array [
            Object {},
          ]
        }
      />
      <View
        height={75.95729537366547}
        my={5}
        style={
          Array [
            Object {
              "height": 75.95729537366547,
              "marginBottom": 20,
              "marginTop": 20,
              "width": 615.3846153846154,
            },
          ]
        }
        width={615.3846153846154}
      >
        <View
          style={
            Array [
              Object {},
              Object {
                "borderColor": "#0fefbd",
                "borderRadius": 5,
                "borderWidth": 1,
                "height": "100%",
                "justifyContent": "center",
                "width": "100%",
              },
            ]
          }
        >
          <TextInput
            accessible={true}
            allowFontScaling={true}
            background="transparent"
            borderColor="muted.200"
            borderRadius="lg"
            borderWidth={0}
            color="#858c92"
            editable={false}
            fontSize={25.85356331554919}
            onBlur={[Function]}
            onFocus={[Function]}
            onKeyPress={[Function]}
            placeholderTextColor="#a3a3a3"
            px={4}
            py={3}
            rejectResponderTermination={true}
            secureTextEntry={false}
            style={
              Array [
                Object {
                  "borderColor": "#e5e5e5",
                  "borderRadius": 6,
                  "borderWidth": 0,
                  "color": "#858c92",
                  "fontSize": 25.85356331554919,
                  "paddingBottom": 12,
                  "paddingLeft": 16,
                  "paddingRight": 16,
                  "paddingTop": 12,
                  "textAlign": "center",
                },
              ]
            }
            textAlign="center"
            underlineColorAndroid="transparent"
            variant="outline"
          >
            파일을 등록해주세요
          </TextInput>
        </View>
        <View
          flexDirection="row"
          justifyContent="flex-end"
          mr={4}
          my={2}
          style={
            Array [
              Object {
                "flexDirection": "row",
                "justifyContent": "flex-end",
                "marginBottom": 8,
                "marginRight": 16,
                "marginTop": 8,
              },
            ]
          }
        >
          <View
            _text={
              Object {
                "color": "darkText",
              }
            }
            accessible={true}
            alignItems="center"
            backgroundColor="#0fefbd"
            collapsable={false}
            focusable={true}
            height={37.97864768683274}
            justifyContent="center"
            onBlur={[Function]}
            onClick={[Function]}
            onFocus={[Function]}
            onHoverIn={[Function]}
            onHoverOut={[Function]}
            onResponderGrant={[Function]}
            onResponderMove={[Function]}
            onResponderRelease={[Function]}
            onResponderTerminate={[Function]}
            onResponderTerminationRequest={[Function]}
            onStartShouldSetResponder={[Function]}
            rounded={4}
            style={
              Array [
                Object {
                  "alignItems": "center",
                  "backgroundColor": "#0fefbd",
                  "borderRadius": 4,
                  "height": 37.97864768683274,
                  "justifyContent": "center",
                  "width": 134.6153846153846,
                },
              ]
            }
            width={134.6153846153846}
          >
            <Text
              color="#ffffff"
              fontFamily="body"
              fontSize={23.864827675891565}
              fontStyle="normal"
              fontWeight="bold"
              style={
                Array [
                  Object {
                    "color": "#ffffff",
                    "fontSize": 23.864827675891565,
                    "fontStyle": "normal",
                    "fontWeight": "700",
                  },
                ]
              }
            >
              파일찾기
            </Text>
          </View>
          <View
            style={
              Array [
                Object {
                  "width": 20,
                },
              ]
            }
            width={5}
          />
          <View
            _text={
              Object {
                "color": "darkText",
              }
            }
            accessible={true}
            alignItems="center"
            backgroundColor="#0fefbd"
            collapsable={false}
            focusable={true}
            height={37.97864768683274}
            justifyContent="center"
            onBlur={[Function]}
            onClick={[Function]}
            onFocus={[Function]}
            onHoverIn={[Function]}
            onHoverOut={[Function]}
            onResponderGrant={[Function]}
            onResponderMove={[Function]}
            onResponderRelease={[Function]}
            onResponderTerminate={[Function]}
            onResponderTerminationRequest={[Function]}
            onStartShouldSetResponder={[Function]}
            rounded={4}
            style={
              Array [
                Object {
                  "alignItems": "center",
                  "backgroundColor": "#0fefbd",
                  "borderRadius": 4,
                  "height": 37.97864768683274,
                  "justifyContent": "center",
                  "width": 134.6153846153846,
                },
              ]
            }
            width={134.6153846153846}
          >
            <Text
              color="#ffffff"
              fontFamily="body"
              fontSize={23.864827675891565}
              fontStyle="normal"
              fontWeight="bold"
              style={
                Array [
                  Object {
                    "color": "#ffffff",
                    "fontSize": 23.864827675891565,
                    "fontStyle": "normal",
                    "fontWeight": "700",
                  },
                ]
              }
            >
              등 록
            </Text>
          </View>
        </View>
      </View>
      <View
        style={
          Array [
            Object {},
          ]
        }
      />
      <View
        height={31.648873072360615}
        mt={6}
        style={
          Array [
            Object {
              "height": 31.648873072360615,
              "marginTop": 24,
              "width": 673.0769230769231,
            },
          ]
        }
        width={673.0769230769231}
      >
        <Text
          color="#a5a8ae"
          fontFamily="body"
          fontSize={23.864827675891565}
          fontStyle="normal"
          fontWeight="bold"
          style={
            Array [
              Object {
                "color": "#a5a8ae",
                "fontSize": 23.864827675891565,
                "fontStyle": "normal",
                "fontWeight": "700",
                "textAlign": "center",
              },
            ]
          }
          textAlign="center"
        >
          등록이 완료 되었습니다. 감사합니다.
        </Text>
      </View>
      <View
        style={
          Array [
            Object {},
          ]
        }
      />
      <View
        height={75.95729537366547}
        justifyContent="center"
        mt={10}
        style={
          Array [
            Object {
              "height": 75.95729537366547,
              "justifyContent": "center",
              "marginTop": 40,
              "width": 615.3846153846154,
            },
          ]
        }
        width={615.3846153846154}
      >
        <Text
          color="#858c92"
          fontFamily="body"
          fontSize={39.77471279315261}
          fontStyle="normal"
          fontWeight="bold"
          style={
            Array [
              Object {
                "color": "#858c92",
                "fontSize": 39.77471279315261,
                "fontStyle": "normal",
                "fontWeight": "700",
                "textAlign": "center",
              },
            ]
          }
          textAlign="center"
        >
          Rocking in the Beach
        </Text>
      </View>
      <View
        style={
          Array [
            Object {},
          ]
        }
      />
      <View
        style={
          Array [
            Object {},
          ]
        }
      >
        <View
          alignItems="center"
          backgroundColor="#1a1b1c80"
          borderColor="muted.200"
          borderRadius="lg"
          borderWidth={1}
          display="flex"
          flexDirection="row"
          justifyContent="space-between"
          overflow="hidden"
          style={
            Array [
              Object {
                "alignItems": "center",
                "backgroundColor": "#1a1b1c80",
                "borderColor": "#e5e5e5",
                "borderRadius": 6,
                "borderWidth": 1,
                "display": "flex",
                "flexDirection": "row",
                "justifyContent": "space-between",
                "overflow": "hidden",
                "width": 615.3846153846154,
              },
            ]
          }
          width={615.3846153846154}
        >
          <Image
            accessibilityLabel=" "
            alt=" "
            maxWidth="100%"
            ml={3}
            onError={[Function]}
            source={
              Object {
                "testUri": "../../../src/Assets/Image/challenge/icon_challenge_link.png",
              }
            }
            style={
              Array [
                Object {
                  "marginLeft": 12,
                  "maxWidth": "100%",
                },
                Object {
                  "width": 46.15384615384615,
                },
              ]
            }
          />
          <TextInput
            _text={
              Object {
                "color": "lightText",
              }
            }
            accessible={true}
            allowFontScaling={true}
            background="transparent"
            borderColor="muted.200"
            borderRadius="lg"
            borderWidth={0}
            color="#fafafa"
            editable={true}
            flex={1}
            fontSize={31.819770234522082}
            fontWeight={600}
            onBlur={[Function]}
            onFocus={[Function]}
            onKeyPress={[Function]}
            placeholder="링크를 등록해주세요"
            placeholderTextColor="#a5a8ae"
            px={4}
            py={3}
            rejectResponderTermination={true}
            secureTextEntry={false}
            style={
              Array [
                Object {
                  "borderColor": "#e5e5e5",
                  "borderRadius": 6,
                  "borderWidth": 0,
                  "color": "#fafafa",
                  "flexBasis": 0,
                  "flexGrow": 1,
                  "flexShrink": 1,
                  "fontSize": 31.819770234522082,
                  "fontWeight": "600",
                  "paddingBottom": 12,
                  "paddingLeft": 16,
                  "paddingRight": 16,
                  "paddingTop": 12,
                },
              ]
            }
            underlineColorAndroid="transparent"
            variant="outline"
          />
          <View
            _text={
              Object {
                "color": "darkText",
              }
            }
            accessible={true}
            alignItems="center"
            backgroundColor="#0fefbd"
            collapsable={false}
            focusable={true}
            height={37.97864768683274}
            justifyContent="center"
            mr={3}
            onBlur={[Function]}
            onClick={[Function]}
            onFocus={[Function]}
            onHoverIn={[Function]}
            onHoverOut={[Function]}
            onResponderGrant={[Function]}
            onResponderMove={[Function]}
            onResponderRelease={[Function]}
            onResponderTerminate={[Function]}
            onResponderTerminationRequest={[Function]}
            onStartShouldSetResponder={[Function]}
            rounded={4}
            style={
              Array [
                Object {
                  "alignItems": "center",
                  "backgroundColor": "#0fefbd",
                  "borderRadius": 4,
                  "height": 37.97864768683274,
                  "justifyContent": "center",
                  "marginRight": 12,
                  "width": 134.6153846153846,
                },
              ]
            }
            width={134.6153846153846}
          >
            <Text
              color="#ffffff"
              fontFamily="body"
              fontSize={23.864827675891565}
              fontStyle="normal"
              fontWeight="bold"
              style={
                Array [
                  Object {
                    "color": "#ffffff",
                    "fontSize": 23.864827675891565,
                    "fontStyle": "normal",
                    "fontWeight": "700",
                  },
                ]
              }
            >
              등 록
            </Text>
          </View>
        </View>
      </View>
      <View
        style={
          Array [
            Object {},
          ]
        }
      />
      <View
        height={75.95729537366547}
        my={5}
        style={
          Array [
            Object {
              "height": 75.95729537366547,
              "marginBottom": 20,
              "marginTop": 20,
              "width": 615.3846153846154,
            },
          ]
        }
        width={615.3846153846154}
      >
        <View
          style={
            Array [
              Object {},
              Object {
                "borderColor": "#0fefbd",
                "borderRadius": 5,
                "borderWidth": 1,
                "height": "100%",
                "justifyContent": "center",
                "width": "100%",
              },
            ]
          }
        >
          <TextInput
            accessible={true}
            allowFontScaling={true}
            background="transparent"
            borderColor="muted.200"
            borderRadius="lg"
            borderWidth={0}
            color="#858c92"
            editable={false}
            fontSize={25.85356331554919}
            onBlur={[Function]}
            onFocus={[Function]}
            onKeyPress={[Function]}
            placeholderTextColor="#a3a3a3"
            px={4}
            py={3}
            rejectResponderTermination={true}
            secureTextEntry={false}
            style={
              Array [
                Object {
                  "borderColor": "#e5e5e5",
                  "borderRadius": 6,
                  "borderWidth": 0,
                  "color": "#858c92",
                  "fontSize": 25.85356331554919,
                  "paddingBottom": 12,
                  "paddingLeft": 16,
                  "paddingRight": 16,
                  "paddingTop": 12,
                  "textAlign": "center",
                },
              ]
            }
            textAlign="center"
            underlineColorAndroid="transparent"
            variant="outline"
          >
            파일을 등록해주세요
          </TextInput>
        </View>
        <View
          flexDirection="row"
          justifyContent="flex-end"
          mr={4}
          my={2}
          style={
            Array [
              Object {
                "flexDirection": "row",
                "justifyContent": "flex-end",
                "marginBottom": 8,
                "marginRight": 16,
                "marginTop": 8,
              },
            ]
          }
        >
          <View
            _text={
              Object {
                "color": "darkText",
              }
            }
            accessible={true}
            alignItems="center"
            backgroundColor="#0fefbd"
            collapsable={false}
            focusable={true}
            height={37.97864768683274}
            justifyContent="center"
            onBlur={[Function]}
            onClick={[Function]}
            onFocus={[Function]}
            onHoverIn={[Function]}
            onHoverOut={[Function]}
            onResponderGrant={[Function]}
            onResponderMove={[Function]}
            onResponderRelease={[Function]}
            onResponderTerminate={[Function]}
            onResponderTerminationRequest={[Function]}
            onStartShouldSetResponder={[Function]}
            rounded={4}
            style={
              Array [
                Object {
                  "alignItems": "center",
                  "backgroundColor": "#0fefbd",
                  "borderRadius": 4,
                  "height": 37.97864768683274,
                  "justifyContent": "center",
                  "width": 134.6153846153846,
                },
              ]
            }
            width={134.6153846153846}
          >
            <Text
              color="#ffffff"
              fontFamily="body"
              fontSize={23.864827675891565}
              fontStyle="normal"
              fontWeight="bold"
              style={
                Array [
                  Object {
                    "color": "#ffffff",
                    "fontSize": 23.864827675891565,
                    "fontStyle": "normal",
                    "fontWeight": "700",
                  },
                ]
              }
            >
              파일찾기
            </Text>
          </View>
          <View
            style={
              Array [
                Object {
                  "width": 20,
                },
              ]
            }
            width={5}
          />
          <View
            _text={
              Object {
                "color": "darkText",
              }
            }
            accessible={true}
            alignItems="center"
            backgroundColor="#0fefbd"
            collapsable={false}
            focusable={true}
            height={37.97864768683274}
            justifyContent="center"
            onBlur={[Function]}
            onClick={[Function]}
            onFocus={[Function]}
            onHoverIn={[Function]}
            onHoverOut={[Function]}
            onResponderGrant={[Function]}
            onResponderMove={[Function]}
            onResponderRelease={[Function]}
            onResponderTerminate={[Function]}
            onResponderTerminationRequest={[Function]}
            onStartShouldSetResponder={[Function]}
            rounded={4}
            style={
              Array [
                Object {
                  "alignItems": "center",
                  "backgroundColor": "#0fefbd",
                  "borderRadius": 4,
                  "height": 37.97864768683274,
                  "justifyContent": "center",
                  "width": 134.6153846153846,
                },
              ]
            }
            width={134.6153846153846}
          >
            <Text
              color="#ffffff"
              fontFamily="body"
              fontSize={23.864827675891565}
              fontStyle="normal"
              fontWeight="bold"
              style={
                Array [
                  Object {
                    "color": "#ffffff",
                    "fontSize": 23.864827675891565,
                    "fontStyle": "normal",
                    "fontWeight": "700",
                  },
                ]
              }
            >
              등 록
            </Text>
          </View>
        </View>
      </View>
    </View>
  </View>
</RNCSafeAreaProvider>
`;
