// Jest Snapshot v1, https://goo.gl/fbAQLP

exports[`[MyChallengeList] Test MyChallengeList snapshot 1`] = `
<RNCSafeAreaProvider
  onInsetsChange={[Function]}
  style={
    Array [
      Object {
        "flex": 1,
      },
      undefined,
    ]
  }
>
  <View
    flex={1}
    style={
      Array [
        Object {
          "flexBasis": 0,
          "flexGrow": 1,
          "flexShrink": 1,
        },
      ]
    }
  >
    <View
      mb={34.81376037959668}
      pt={5}
      style={
        Array [
          Object {
            "marginBottom": 34.81376037959668,
            "paddingTop": 20,
          },
        ]
      }
    >
      <BVLinearGradient
        colors={
          Array [
            4279234493,
            9763859,
          ]
        }
        endPoint={
          Object {
            "x": 0.5,
            "y": 1,
          }
        }
        locations={null}
        startPoint={
          Object {
            "x": 0.5,
            "y": 0,
          }
        }
        style={
          Object {
            "backgroundColor": "transparent",
            "flex": 1,
            "height": 240.53143534994066,
            "position": "absolute",
            "width": "100%",
          }
        }
      />
      <View
        alignItems="center"
        flexDirection="row"
        height={69.62752075919336}
        style={
          Array [
            Object {
              "alignItems": "center",
              "flexDirection": "row",
              "height": 69.62752075919336,
              "width": "100%",
            },
          ]
        }
        width="100%"
      >
        <View
          ml={57.69230769230769}
          style={
            Array [
              Object {
                "marginLeft": 57.69230769230769,
              },
            ]
          }
        >
          <View
            accessible={true}
            collapsable={false}
            focusable={true}
            h={39.56109134045077}
            onBlur={[Function]}
            onClick={[Function]}
            onFocus={[Function]}
            onHoverIn={[Function]}
            onHoverOut={[Function]}
            onResponderGrant={[Function]}
            onResponderMove={[Function]}
            onResponderRelease={[Function]}
            onResponderTerminate={[Function]}
            onResponderTerminationRequest={[Function]}
            onStartShouldSetResponder={[Function]}
            style={
              Array [
                Object {
                  "height": 39.56109134045077,
                  "width": 48.07692307692307,
                },
              ]
            }
            w={48.07692307692307}
          >
            <Image
              accessibilityLabel=" "
              alt=" "
              maxWidth="100%"
              onError={[Function]}
              resizeMode="contain"
              size="100%"
              source={
                Object {
                  "testUri": "../../../src/Assets/Image/icon_main_left_arrow.png",
                }
              }
              style={
                Array [
                  Object {
                    "height": "100%",
                    "maxWidth": "100%",
                    "width": "100%",
                  },
                ]
              }
            />
          </View>
        </View>
        <View
          style={
            Array [
              Object {},
            ]
          }
        />
        <View
          alignItems="center"
          display="flex"
          flex={1}
          justifyContent="center"
          style={
            Array [
              Object {
                "alignItems": "center",
                "display": "flex",
                "flexBasis": 0,
                "flexGrow": 1,
                "flexShrink": 1,
                "justifyContent": "center",
              },
            ]
          }
        >
          <View
            accessible={true}
            collapsable={false}
            focusable={true}
            onBlur={[Function]}
            onClick={[Function]}
            onFocus={[Function]}
            onHoverIn={[Function]}
            onHoverOut={[Function]}
            onResponderGrant={[Function]}
            onResponderMove={[Function]}
            onResponderRelease={[Function]}
            onResponderTerminate={[Function]}
            onResponderTerminationRequest={[Function]}
            onStartShouldSetResponder={[Function]}
            style={
              Array [
                Object {},
              ]
            }
          >
            <Text
              color="#1a1b1c"
              fontFamily="body"
              fontSize={33.80850587417971}
              fontStyle="normal"
              fontWeight={600}
              numberOfLines={1}
              style={
                Array [
                  Object {
                    "color": "#1a1b1c",
                    "fontSize": 33.80850587417971,
                    "fontStyle": "normal",
                    "fontWeight": "600",
                    "textAlign": "center",
                  },
                ]
              }
              textAlign="center"
            >
              My Challenge
            </Text>
          </View>
        </View>
        <View
          style={
            Array [
              Object {},
            ]
          }
        />
        <View
          mr={57.69230769230769}
          style={
            Array [
              Object {
                "marginRight": 57.69230769230769,
              },
            ]
          }
        >
          <View
            accessible={true}
            collapsable={false}
            focusable={true}
            h={39.56109134045077}
            onBlur={[Function]}
            onClick={[Function]}
            onFocus={[Function]}
            onHoverIn={[Function]}
            onHoverOut={[Function]}
            onResponderGrant={[Function]}
            onResponderMove={[Function]}
            onResponderRelease={[Function]}
            onResponderTerminate={[Function]}
            onResponderTerminationRequest={[Function]}
            onStartShouldSetResponder={[Function]}
            style={
              Array [
                Object {
                  "height": 39.56109134045077,
                  "width": 48.07692307692307,
                },
              ]
            }
            w={48.07692307692307}
          >
            <Image
              accessibilityLabel=" "
              alt=" "
              maxWidth="100%"
              onError={[Function]}
              resizeMode="contain"
              size="100%"
              source={
                Object {
                  "testUri": "../../../src/Assets/Image/icon_home.png",
                }
              }
              style={
                Array [
                  Object {
                    "height": "100%",
                    "maxWidth": "100%",
                    "width": "100%",
                  },
                ]
              }
            />
          </View>
        </View>
      </View>
    </View>
    <View
      alignItems="center"
      style={
        Array [
          Object {
            "alignItems": "center",
          },
        ]
      }
    >
      <View
        accessible={true}
        collapsable={false}
        focusable={true}
        onBlur={[Function]}
        onClick={[Function]}
        onFocus={[Function]}
        onHoverIn={[Function]}
        onHoverOut={[Function]}
        onResponderGrant={[Function]}
        onResponderMove={[Function]}
        onResponderRelease={[Function]}
        onResponderTerminate={[Function]}
        onResponderTerminationRequest={[Function]}
        onStartShouldSetResponder={[Function]}
        style={
          Array [
            Object {},
            Object {
              "backgroundColor": "#fafafa80",
              "borderColor": "#0fefbd",
              "borderRadius": 8,
              "borderWidth": 1,
              "height": 164.5741399762752,
              "width": 615.3846153846154,
            },
          ]
        }
      >
        <View
          style={
            Array [
              Object {},
            ]
          }
        >
          <View
            alignItems="center"
            display="flex"
            h="100%"
            justifyContent="center"
            style={
              Array [
                Object {
                  "alignItems": "center",
                  "display": "flex",
                  "height": "100%",
                  "justifyContent": "center",
                },
              ]
            }
          >
            <View
              alignItems="center"
              flexDirection="row"
              justifyContent="center"
              style={
                Array [
                  Object {
                    "alignItems": "center",
                    "flexDirection": "row",
                    "justifyContent": "center",
                    "width": "100%",
                  },
                ]
              }
              w="100%"
            >
              <Image
                accessibilityLabel=" "
                alt=" "
                maxWidth="100%"
                onError={[Function]}
                resizeMode="contain"
                source={
                  Object {
                    "testUri": "../../../src/Assets/Image/challenge/btn_challenge_singing.png",
                  }
                }
                style={
                  Array [
                    Object {
                      "maxWidth": "100%",
                    },
                    Object {
                      "marginRight": 30.769230769230763,
                      "width": 76.92307692307692,
                    },
                  ]
                }
              />
              <View
                style={
                  Array [
                    Object {},
                  ]
                }
              />
              <Text
                color="muted.700"
                fontFamily="body"
                fontSize="md"
                fontStyle="normal"
                fontWeight={800}
                style={
                  Array [
                    Object {
                      "color": "#404040",
                      "fontSize": 16,
                      "fontStyle": "normal",
                      "fontWeight": "800",
                    },
                    Object {
                      "color": "#0fefbd",
                      "fontSize": 55.68459791041365,
                      "textAlign": "center",
                    },
                  ]
                }
              >
                노래 챌린지
              </Text>
            </View>
          </View>
        </View>
      </View>
      <View
        height={4}
        style={
          Array [
            Object {
              "height": 16,
            },
          ]
        }
      />
      <View
        accessible={true}
        collapsable={false}
        focusable={true}
        onBlur={[Function]}
        onClick={[Function]}
        onFocus={[Function]}
        onHoverIn={[Function]}
        onHoverOut={[Function]}
        onResponderGrant={[Function]}
        onResponderMove={[Function]}
        onResponderRelease={[Function]}
        onResponderTerminate={[Function]}
        onResponderTerminationRequest={[Function]}
        onStartShouldSetResponder={[Function]}
        style={
          Array [
            Object {},
            Object {
              "backgroundColor": "#fafafa80",
              "borderColor": "#0fefbd",
              "borderRadius": 8,
              "borderWidth": 1,
              "height": 164.5741399762752,
              "width": 615.3846153846154,
            },
          ]
        }
      >
        <View
          style={
            Array [
              Object {},
            ]
          }
        >
          <View
            alignItems="center"
            display="flex"
            h="100%"
            justifyContent="center"
            style={
              Array [
                Object {
                  "alignItems": "center",
                  "display": "flex",
                  "height": "100%",
                  "justifyContent": "center",
                },
              ]
            }
          >
            <View
              alignItems="center"
              flexDirection="row"
              justifyContent="center"
              style={
                Array [
                  Object {
                    "alignItems": "center",
                    "flexDirection": "row",
                    "justifyContent": "center",
                    "width": "100%",
                  },
                ]
              }
              w="100%"
            >
              <Image
                accessibilityLabel=" "
                alt=" "
                maxWidth="100%"
                onError={[Function]}
                resizeMode="contain"
                source={
                  Object {
                    "testUri": "../../../src/Assets/Image/challenge/btn_challenge_camera.png",
                  }
                }
                style={
                  Array [
                    Object {
                      "maxWidth": "100%",
                    },
                    Object {
                      "marginRight": 30.769230769230763,
                      "width": 76.92307692307692,
                    },
                  ]
                }
              />
              <View
                style={
                  Array [
                    Object {},
                  ]
                }
              />
              <Text
                color="muted.700"
                fontFamily="body"
                fontSize="md"
                fontStyle="normal"
                fontWeight={800}
                style={
                  Array [
                    Object {
                      "color": "#404040",
                      "fontSize": 16,
                      "fontStyle": "normal",
                      "fontWeight": "800",
                    },
                    Object {
                      "color": "#0fefbd",
                      "fontSize": 55.68459791041365,
                      "textAlign": "center",
                    },
                  ]
                }
              >
                영상 챌린지
              </Text>
            </View>
          </View>
        </View>
      </View>
      <View
        height={4}
        style={
          Array [
            Object {
              "height": 16,
            },
          ]
        }
      />
      <View
        accessible={true}
        collapsable={false}
        focusable={true}
        onBlur={[Function]}
        onClick={[Function]}
        onFocus={[Function]}
        onHoverIn={[Function]}
        onHoverOut={[Function]}
        onResponderGrant={[Function]}
        onResponderMove={[Function]}
        onResponderRelease={[Function]}
        onResponderTerminate={[Function]}
        onResponderTerminationRequest={[Function]}
        onStartShouldSetResponder={[Function]}
        style={
          Array [
            Object {},
            Object {
              "backgroundColor": "#fafafa80",
              "borderColor": "#0fefbd",
              "borderRadius": 8,
              "borderWidth": 1,
              "height": 164.5741399762752,
              "width": 615.3846153846154,
            },
          ]
        }
      >
        <View
          style={
            Array [
              Object {},
            ]
          }
        >
          <View
            alignItems="center"
            display="flex"
            h="100%"
            justifyContent="center"
            style={
              Array [
                Object {
                  "alignItems": "center",
                  "display": "flex",
                  "height": "100%",
                  "justifyContent": "center",
                },
              ]
            }
          >
            <Text
              color="#858c92"
              fontFamily="body"
              fontSize={27.842298955206825}
              fontStyle="normal"
              fontWeight="bold"
              position="absolute"
              style={
                Array [
                  Object {
                    "color": "#858c92",
                    "fontSize": 27.842298955206825,
                    "fontStyle": "normal",
                    "fontWeight": "700",
                    "position": "absolute",
                    "top": 8,
                  },
                ]
              }
              top={2}
            >
              2차 챌린지 오픈 예정
            </Text>
            <View
              alignItems="center"
              flexDirection="row"
              justifyContent="center"
              style={
                Array [
                  Object {
                    "alignItems": "center",
                    "flexDirection": "row",
                    "justifyContent": "center",
                    "width": "100%",
                  },
                ]
              }
              w="100%"
            >
              <Image
                accessibilityLabel=" "
                alt=" "
                maxWidth="100%"
                onError={[Function]}
                resizeMode="contain"
                source={
                  Object {
                    "testUri": "../../../src/Assets/Image/challenge/btn_challenge_playingmusic.png",
                  }
                }
                style={
                  Array [
                    Object {
                      "maxWidth": "100%",
                    },
                    Object {
                      "marginRight": 30.769230769230763,
                      "width": 76.92307692307692,
                    },
                  ]
                }
              />
              <View
                style={
                  Array [
                    Object {},
                  ]
                }
              />
              <Text
                color="muted.700"
                fontFamily="body"
                fontSize="md"
                fontStyle="normal"
                fontWeight={800}
                style={
                  Array [
                    Object {
                      "color": "#404040",
                      "fontSize": 16,
                      "fontStyle": "normal",
                      "fontWeight": "800",
                    },
                    Object {
                      "color": "#0fefbd",
                      "fontSize": 55.68459791041365,
                      "textAlign": "center",
                    },
                  ]
                }
              >
                연주 챌린지
              </Text>
            </View>
          </View>
        </View>
      </View>
      <View
        height={4}
        style={
          Array [
            Object {
              "height": 16,
            },
          ]
        }
      />
      <View
        accessible={true}
        collapsable={false}
        focusable={true}
        onBlur={[Function]}
        onClick={[Function]}
        onFocus={[Function]}
        onHoverIn={[Function]}
        onHoverOut={[Function]}
        onResponderGrant={[Function]}
        onResponderMove={[Function]}
        onResponderRelease={[Function]}
        onResponderTerminate={[Function]}
        onResponderTerminationRequest={[Function]}
        onStartShouldSetResponder={[Function]}
        style={
          Array [
            Object {},
            Object {
              "backgroundColor": "#fafafa80",
              "borderColor": "#0fefbd",
              "borderRadius": 8,
              "borderWidth": 1,
              "height": 164.5741399762752,
              "width": 615.3846153846154,
            },
          ]
        }
      >
        <View
          style={
            Array [
              Object {},
            ]
          }
        >
          <View
            alignItems="center"
            display="flex"
            h="100%"
            justifyContent="center"
            style={
              Array [
                Object {
                  "alignItems": "center",
                  "display": "flex",
                  "height": "100%",
                  "justifyContent": "center",
                },
              ]
            }
          >
            <Text
              color="#858c92"
              fontFamily="body"
              fontSize={27.842298955206825}
              fontStyle="normal"
              fontWeight="bold"
              position="absolute"
              style={
                Array [
                  Object {
                    "color": "#858c92",
                    "fontSize": 27.842298955206825,
                    "fontStyle": "normal",
                    "fontWeight": "700",
                    "position": "absolute",
                    "top": 8,
                  },
                ]
              }
              top={2}
            >
              2차 챌린지 오픈 예정
            </Text>
            <View
              alignItems="center"
              flexDirection="row"
              justifyContent="center"
              style={
                Array [
                  Object {
                    "alignItems": "center",
                    "flexDirection": "row",
                    "justifyContent": "center",
                    "width": "100%",
                  },
                ]
              }
              w="100%"
            >
              <Image
                accessibilityLabel=" "
                alt=" "
                maxWidth="100%"
                onError={[Function]}
                resizeMode="contain"
                source={
                  Object {
                    "testUri": "../../../src/Assets/Image/challenge/btn_challenge_preview.png",
                  }
                }
                style={
                  Array [
                    Object {
                      "maxWidth": "100%",
                    },
                    Object {
                      "marginRight": 30.769230769230763,
                      "width": 76.92307692307692,
                    },
                  ]
                }
              />
              <View
                style={
                  Array [
                    Object {},
                  ]
                }
              />
              <Text
                color="muted.700"
                fontFamily="body"
                fontSize="md"
                fontStyle="normal"
                fontWeight={800}
                style={
                  Array [
                    Object {
                      "color": "#404040",
                      "fontSize": 16,
                      "fontStyle": "normal",
                      "fontWeight": "800",
                    },
                    Object {
                      "color": "#0fefbd",
                      "fontSize": 55.68459791041365,
                      "textAlign": "center",
                    },
                  ]
                }
              >
                편곡 챌린지
              </Text>
            </View>
          </View>
        </View>
      </View>
    </View>
  </View>
</RNCSafeAreaProvider>
`;
