// Jest Snapshot v1, https://goo.gl/fbAQLP

exports[`[WriteLyrics] Test WriteLyrics snapshot 1`] = `
<RNCSafeAreaProvider
  onInsetsChange={[Function]}
  style={
    Array [
      Object {
        "flex": 1,
      },
      undefined,
    ]
  }
>
  <View
    flex={1}
    style={
      Array [
        Object {
          "flexBasis": 0,
          "flexGrow": 1,
          "flexShrink": 1,
        },
      ]
    }
  >
    <View
      mb={22.15421115065243}
      pt={2}
      style={
        Array [
          Object {
            "marginBottom": 22.15421115065243,
            "paddingTop": 8,
          },
        ]
      }
    >
      <BVLinearGradient
        colors={
          Array [
            4279234493,
            9763859,
          ]
        }
        endPoint={
          Object {
            "x": 0.5,
            "y": 1,
          }
        }
        locations={null}
        startPoint={
          Object {
            "x": 0.5,
            "y": 0,
          }
        }
        style={
          Object {
            "backgroundColor": "transparent",
            "flex": 1,
            "height": 240.53143534994066,
            "position": "absolute",
            "width": "100%",
          }
        }
      />
      <View
        alignItems="center"
        flexDirection="row"
        height={69.62752075919336}
        style={
          Array [
            Object {
              "alignItems": "center",
              "flexDirection": "row",
              "height": 69.62752075919336,
              "width": "100%",
            },
          ]
        }
        width="100%"
      >
        <View
          ml={57.69230769230769}
          style={
            Array [
              Object {
                "marginLeft": 57.69230769230769,
              },
            ]
          }
        >
          <View
            accessible={true}
            collapsable={false}
            focusable={true}
            h={39.56109134045077}
            onBlur={[Function]}
            onClick={[Function]}
            onFocus={[Function]}
            onHoverIn={[Function]}
            onHoverOut={[Function]}
            onResponderGrant={[Function]}
            onResponderMove={[Function]}
            onResponderRelease={[Function]}
            onResponderTerminate={[Function]}
            onResponderTerminationRequest={[Function]}
            onStartShouldSetResponder={[Function]}
            style={
              Array [
                Object {
                  "height": 39.56109134045077,
                  "width": 48.07692307692307,
                },
              ]
            }
            w={48.07692307692307}
          >
            <Image
              accessibilityLabel=" "
              alt=" "
              maxWidth="100%"
              onError={[Function]}
              resizeMode="contain"
              size="100%"
              source={
                Object {
                  "testUri": "../../../src/Assets/Image/icon_menu_lyrics_goback.png",
                }
              }
              style={
                Array [
                  Object {
                    "height": "100%",
                    "maxWidth": "100%",
                    "width": "100%",
                  },
                ]
              }
            />
          </View>
        </View>
        <View
          style={
            Array [
              Object {},
            ]
          }
        />
        <View
          alignItems="center"
          display="flex"
          flex={1}
          justifyContent="center"
          style={
            Array [
              Object {
                "alignItems": "center",
                "display": "flex",
                "flexBasis": 0,
                "flexGrow": 1,
                "flexShrink": 1,
                "justifyContent": "center",
              },
            ]
          }
        >
          <View
            accessible={true}
            collapsable={false}
            focusable={true}
            onBlur={[Function]}
            onClick={[Function]}
            onFocus={[Function]}
            onHoverIn={[Function]}
            onHoverOut={[Function]}
            onResponderGrant={[Function]}
            onResponderMove={[Function]}
            onResponderRelease={[Function]}
            onResponderTerminate={[Function]}
            onResponderTerminationRequest={[Function]}
            onStartShouldSetResponder={[Function]}
            style={
              Array [
                Object {},
              ]
            }
          >
            <Text
              color="#1a1b1c"
              fontFamily="body"
              fontSize={33.80850587417971}
              fontStyle="normal"
              fontWeight={600}
              numberOfLines={1}
              style={
                Array [
                  Object {
                    "color": "#1a1b1c",
                    "fontSize": 33.80850587417971,
                    "fontStyle": "normal",
                    "fontWeight": "600",
                    "textAlign": "center",
                  },
                ]
              }
              textAlign="center"
            >
              가사 쓰기
            </Text>
          </View>
        </View>
        <View
          style={
            Array [
              Object {},
            ]
          }
        />
        <View
          mr={57.69230769230769}
          style={
            Array [
              Object {
                "marginRight": 57.69230769230769,
              },
            ]
          }
        >
          <View
            accessible={true}
            focusable={true}
            onClick={[Function]}
            onResponderGrant={[Function]}
            onResponderMove={[Function]}
            onResponderRelease={[Function]}
            onResponderTerminate={[Function]}
            onResponderTerminationRequest={[Function]}
            onStartShouldSetResponder={[Function]}
            style={
              Object {
                "height": 39.56109134045077,
                "opacity": 1,
                "width": 48.07692307692307,
              }
            }
          >
            <Image
              accessibilityLabel=" "
              alt=" "
              maxWidth="100%"
              onError={[Function]}
              resizeMode="contain"
              size="100%"
              source={
                Object {
                  "testUri": "../../../src/Assets/Image/icon_menu_saveLyrics.png",
                }
              }
              style={
                Array [
                  Object {
                    "height": "100%",
                    "maxWidth": "100%",
                    "width": "100%",
                  },
                ]
              }
            />
          </View>
        </View>
      </View>
    </View>
    <RCTScrollView
      contentContainerStyle={Object {}}
      style={
        Array [
          Object {},
        ]
      }
    >
      <View>
        <View
          alignItems="center"
          display="flex"
          justifyContent="center"
          style={
            Array [
              Object {
                "alignItems": "center",
                "display": "flex",
                "justifyContent": "center",
              },
            ]
          }
        >
          <View
            style={
              Array [
                Object {},
                Object {
                  "height": 1050.7425860023725,
                  "width": 673.0769230769231,
                },
              ]
            }
          >
            <View
              alignItems="center"
              h="100%"
              style={
                Array [
                  Object {
                    "alignItems": "center",
                    "height": "100%",
                    "width": "100%",
                  },
                  Object {
                    "backgroundColor": "#f9f9f9",
                    "borderRadius": 8,
                    "shadowColor": "#858c9233",
                    "shadowOffset": Object {
                      "height": 2,
                      "width": 0,
                    },
                    "shadowOpacity": 1,
                    "shadowRadius": 4,
                  },
                ]
              }
              w="100%"
            >
              <TextInput
                accessible={true}
                allowFontScaling={true}
                background="transparent"
                bold={true}
                borderColor="muted.200"
                borderRadius="lg"
                borderWidth={0}
                color="#4be3ac"
                editable={true}
                fontSize={67.61701174835942}
                onBlur={[Function]}
                onChangeText={[Function]}
                onFocus={[Function]}
                onKeyPress={[Function]}
                placeholder="제목을 적어주세요"
                placeholderTextColor="#4be3ac"
                px={4}
                py={3}
                rejectResponderTermination={true}
                secureTextEntry={false}
                style={
                  Array [
                    Object {
                      "borderColor": "#e5e5e5",
                      "borderRadius": 6,
                      "borderWidth": 0,
                      "color": "#4be3ac",
                      "fontSize": 67.61701174835942,
                      "paddingBottom": 12,
                      "paddingLeft": 16,
                      "paddingRight": 16,
                      "paddingTop": 12,
                      "textAlign": "center",
                    },
                  ]
                }
                textAlign="center"
                underlineColorAndroid="transparent"
                value=""
                variant="outline"
              />
              <View
                height={5}
                style={
                  Array [
                    Object {
                      "height": 20,
                    },
                  ]
                }
              />
              <View
                aria-orientation="horizontal"
                bg="muted.200"
                bgColor="#4be3ac"
                height="1px"
                style={
                  Array [
                    Object {
                      "backgroundColor": "#4be3ac",
                      "height": 1,
                      "width": 615.3846153846154,
                    },
                  ]
                }
                w={615.3846153846154}
                width="100%"
              />
              <View
                height={5}
                style={
                  Array [
                    Object {
                      "height": 20,
                    },
                  ]
                }
              />
              <View
                style={
                  Array [
                    Object {},
                    Object {
                      "height": 696.2752075919335,
                      "padding": 6,
                      "width": 461.53846153846155,
                    },
                  ]
                }
              >
                <TextInput
                  accessible={true}
                  allowFontScaling={true}
                  background="transparent"
                  borderColor="muted.200"
                  borderRadius="lg"
                  borderWidth={0}
                  color="#000000"
                  editable={true}
                  fontSize={31.819770234522082}
                  h="100%"
                  multiline={true}
                  numberOfLines={4}
                  onBlur={[Function]}
                  onChangeText={[Function]}
                  onFocus={[Function]}
                  onKeyPress={[Function]}
                  placeholderTextColor="#a3a3a3"
                  px={4}
                  py={2}
                  rejectResponderTermination={true}
                  secureTextEntry={false}
                  style={
                    Array [
                      Object {
                        "borderColor": "#e5e5e5",
                        "borderRadius": 6,
                        "borderWidth": 0,
                        "color": "#000000",
                        "fontSize": 31.819770234522082,
                        "height": "100%",
                        "paddingBottom": 8,
                        "paddingLeft": 16,
                        "paddingRight": 16,
                        "paddingTop": 8,
                        "textAlign": "center",
                        "width": "100%",
                      },
                    ]
                  }
                  textAlign="center"
                  underlineColorAndroid="transparent"
                  value=""
                  variant="outline"
                  w="100%"
                />
              </View>
              <View
                height={5}
                style={
                  Array [
                    Object {
                      "height": 20,
                    },
                  ]
                }
              />
              <View
                flexDirection="row"
                justifyContent="space-around"
                style={
                  Array [
                    Object {
                      "flexDirection": "row",
                      "justifyContent": "space-around",
                      "width": "100%",
                    },
                  ]
                }
                w="100%"
              >
                <View
                  accessible={true}
                  focusable={false}
                  onClick={[Function]}
                  onResponderGrant={[Function]}
                  onResponderMove={[Function]}
                  onResponderRelease={[Function]}
                  onResponderTerminate={[Function]}
                  onResponderTerminationRequest={[Function]}
                  onStartShouldSetResponder={[Function]}
                  style={
                    Object {
                      "backgroundColor": "#0fefbd",
                      "borderRadius": 6,
                      "height": 63.29774614472123,
                      "opacity": 1,
                      "shadowColor": "#00000033",
                      "shadowOffset": Object {
                        "height": 2,
                        "width": 0,
                      },
                      "shadowOpacity": 1,
                      "shadowRadius": 4,
                      "width": 230.76923076923077,
                    }
                  }
                >
                  <View
                    alignItems="center"
                    flexDirection="row"
                    h="100%"
                    justifyContent="center"
                    style={
                      Array [
                        Object {
                          "alignItems": "center",
                          "flexDirection": "row",
                          "height": "100%",
                          "justifyContent": "center",
                        },
                      ]
                    }
                  >
                    <Image
                      accessibilityLabel=" "
                      alt=" "
                      maxWidth="100%"
                      onError={[Function]}
                      resizeMode="contain"
                      source={
                        Object {
                          "testUri": "../../../src/Assets/Image/Close.png",
                        }
                      }
                      style={
                        Array [
                          Object {
                            "maxWidth": "100%",
                          },
                          Object {
                            "height": 31.648873072360615,
                            "width": 40.38461538461539,
                          },
                        ]
                      }
                    />
                    <View
                      style={
                        Array [
                          Object {
                            "width": 4,
                          },
                        ]
                      }
                      width={1}
                    />
                    <Text
                      color="#ffffff"
                      fontFamily="body"
                      fontSize={25.85356331554919}
                      fontStyle="normal"
                      fontWeight={800}
                      style={
                        Array [
                          Object {
                            "color": "#ffffff",
                            "fontSize": 25.85356331554919,
                            "fontStyle": "normal",
                            "fontWeight": "800",
                          },
                        ]
                      }
                    >
                      AI 작곡-준비중
                    </Text>
                  </View>
                </View>
                <View
                  style={
                    Array [
                      Object {},
                    ]
                  }
                />
                <View
                  accessible={true}
                  focusable={true}
                  onClick={[Function]}
                  onResponderGrant={[Function]}
                  onResponderMove={[Function]}
                  onResponderRelease={[Function]}
                  onResponderTerminate={[Function]}
                  onResponderTerminationRequest={[Function]}
                  onStartShouldSetResponder={[Function]}
                  style={
                    Object {
                      "backgroundColor": "#0fefbd",
                      "borderRadius": 6,
                      "height": 63.29774614472123,
                      "opacity": 1,
                      "shadowColor": "#00000033",
                      "shadowOffset": Object {
                        "height": 2,
                        "width": 0,
                      },
                      "shadowOpacity": 1,
                      "shadowRadius": 4,
                      "width": 230.76923076923077,
                    }
                  }
                >
                  <View
                    alignItems="center"
                    flexDirection="row"
                    h="100%"
                    justifyContent="center"
                    style={
                      Array [
                        Object {
                          "alignItems": "center",
                          "flexDirection": "row",
                          "height": "100%",
                          "justifyContent": "center",
                        },
                      ]
                    }
                  >
                    <Image
                      accessibilityLabel=" "
                      alt=" "
                      maxWidth="100%"
                      onError={[Function]}
                      resizeMode="contain"
                      source={
                        Object {
                          "testUri": "../../../src/Assets/Image/icon_lyrics_close.png",
                        }
                      }
                      style={
                        Array [
                          Object {
                            "maxWidth": "100%",
                          },
                          Object {
                            "height": 31.648873072360615,
                            "width": 40.38461538461539,
                          },
                        ]
                      }
                    />
                    <View
                      style={
                        Array [
                          Object {
                            "width": 12,
                          },
                        ]
                      }
                      width={3}
                    />
                    <Text
                      color="#ffffff"
                      fontFamily="body"
                      fontSize={25.85356331554919}
                      fontStyle="normal"
                      fontWeight={800}
                      style={
                        Array [
                          Object {
                            "color": "#ffffff",
                            "fontSize": 25.85356331554919,
                            "fontStyle": "normal",
                            "fontWeight": "800",
                          },
                        ]
                      }
                    >
                      닫 기
                    </Text>
                  </View>
                </View>
              </View>
            </View>
          </View>
        </View>
      </View>
    </RCTScrollView>
  </View>
</RNCSafeAreaProvider>
`;
