// Jest Snapshot v1, https://goo.gl/fbAQLP

exports[`[AccountFindTwo] Test AccountFindTwo snapshot 1`] = `
<RNCSafeAreaProvider
  onInsetsChange={[Function]}
  style={
    Array [
      Object {
        "flex": 1,
      },
      undefined,
    ]
  }
>
  <View
    flex={1}
    style={
      Array [
        Object {
          "flexBasis": 0,
          "flexGrow": 1,
          "flexShrink": 1,
        },
      ]
    }
  >
    <View
      mb={22.15421115065243}
      pt={2}
      style={
        Array [
          Object {
            "marginBottom": 22.15421115065243,
            "paddingTop": 8,
          },
        ]
      }
    >
      <View
        alignItems="center"
        flexDirection="row"
        height={69.62752075919336}
        style={
          Array [
            Object {
              "alignItems": "center",
              "flexDirection": "row",
              "height": 69.62752075919336,
              "width": "100%",
            },
          ]
        }
        width="100%"
      >
        <View
          ml={57.69230769230769}
          style={
            Array [
              Object {
                "marginLeft": 57.69230769230769,
              },
            ]
          }
        >
          <View
            accessible={true}
            collapsable={false}
            focusable={true}
            h={39.56109134045077}
            onBlur={[Function]}
            onClick={[Function]}
            onFocus={[Function]}
            onHoverIn={[Function]}
            onHoverOut={[Function]}
            onResponderGrant={[Function]}
            onResponderMove={[Function]}
            onResponderRelease={[Function]}
            onResponderTerminate={[Function]}
            onResponderTerminationRequest={[Function]}
            onStartShouldSetResponder={[Function]}
            style={
              Array [
                Object {
                  "height": 39.56109134045077,
                  "width": 48.07692307692307,
                },
              ]
            }
            w={48.07692307692307}
          >
            <Image
              accessibilityLabel=" "
              alt=" "
              maxWidth="100%"
              onError={[Function]}
              resizeMode="contain"
              size="100%"
              source={
                Object {
                  "testUri": "../../../src/Assets/Image/icon_main_left_arrow.png",
                }
              }
              style={
                Array [
                  Object {
                    "height": "100%",
                    "maxWidth": "100%",
                    "width": "100%",
                  },
                ]
              }
            />
          </View>
        </View>
        <View
          style={
            Array [
              Object {},
            ]
          }
        />
        <View
          alignItems="center"
          display="flex"
          flex={1}
          justifyContent="center"
          style={
            Array [
              Object {
                "alignItems": "center",
                "display": "flex",
                "flexBasis": 0,
                "flexGrow": 1,
                "flexShrink": 1,
                "justifyContent": "center",
              },
            ]
          }
        >
          <View
            accessible={true}
            collapsable={false}
            focusable={true}
            onBlur={[Function]}
            onClick={[Function]}
            onFocus={[Function]}
            onHoverIn={[Function]}
            onHoverOut={[Function]}
            onResponderGrant={[Function]}
            onResponderMove={[Function]}
            onResponderRelease={[Function]}
            onResponderTerminate={[Function]}
            onResponderTerminationRequest={[Function]}
            onStartShouldSetResponder={[Function]}
            style={
              Array [
                Object {},
              ]
            }
          >
            <Text
              color="#1a1b1c"
              fontFamily="body"
              fontSize={33.80850587417971}
              fontStyle="normal"
              fontWeight={600}
              numberOfLines={1}
              style={
                Array [
                  Object {
                    "color": "#1a1b1c",
                    "fontSize": 33.80850587417971,
                    "fontStyle": "normal",
                    "fontWeight": "600",
                    "textAlign": "center",
                  },
                ]
              }
              textAlign="center"
            >
              마이페이지
            </Text>
          </View>
        </View>
        <View
          style={
            Array [
              Object {},
            ]
          }
        />
        <View
          mr={57.69230769230769}
          style={
            Array [
              Object {
                "marginRight": 57.69230769230769,
              },
            ]
          }
        >
          <View
            accessible={true}
            collapsable={false}
            focusable={true}
            h={39.56109134045077}
            onBlur={[Function]}
            onClick={[Function]}
            onFocus={[Function]}
            onHoverIn={[Function]}
            onHoverOut={[Function]}
            onResponderGrant={[Function]}
            onResponderMove={[Function]}
            onResponderRelease={[Function]}
            onResponderTerminate={[Function]}
            onResponderTerminationRequest={[Function]}
            onStartShouldSetResponder={[Function]}
            style={
              Array [
                Object {
                  "height": 39.56109134045077,
                  "width": 48.07692307692307,
                },
              ]
            }
            w={48.07692307692307}
          >
            <Image
              accessibilityLabel=" "
              alt=" "
              maxWidth="100%"
              onError={[Function]}
              resizeMode="contain"
              size="100%"
              source={
                Object {
                  "testUri": "../../../src/Assets/Image/icon_home.png",
                }
              }
              style={
                Array [
                  Object {
                    "height": "100%",
                    "maxWidth": "100%",
                    "width": "100%",
                  },
                ]
              }
            />
          </View>
        </View>
      </View>
    </View>
    <RCTScrollView
      contentContainerStyle={Object {}}
      style={
        Array [
          Object {},
        ]
      }
    >
      <View>
        <View
          alignItems="center"
          style={
            Array [
              Object {
                "alignItems": "center",
              },
              Object {
                "marginTop": 70,
                "shadowColor": "#858c9233",
                "shadowOffset": Object {
                  "height": 2,
                  "width": 0,
                },
                "shadowOpacity": 1,
                "shadowRadius": 4,
              },
            ]
          }
        >
          <View
            paddingBottom={10}
            style={
              Array [
                Object {
                  "paddingBottom": 40,
                },
                Object {
                  "backgroundColor": "#f9f9f9",
                  "borderRadius": 20,
                  "overflow": "hidden",
                  "width": 673.0769230769231,
                },
              ]
            }
          >
            <View
              alignItems="center"
              style={
                Array [
                  Object {
                    "alignItems": "center",
                  },
                ]
              }
            >
              <View
                alignItems="center"
                style={
                  Array [
                    Object {
                      "alignItems": "center",
                    },
                    Object {
                      "height": 37.97864768683274,
                      "marginBottom": 22,
                      "marginTop": 10,
                      "width": 200,
                    },
                  ]
                }
              >
                <View
                  flexDirection="row"
                  style={
                    Array [
                      Object {
                        "flexDirection": "row",
                      },
                    ]
                  }
                >
                  <View
                    style={
                      Array [
                        Object {},
                        Object {
                          "backgroundColor": "#0fefbd30",
                          "borderRadius": 5,
                          "height": 15.824436536180308,
                          "margin": 4,
                          "width": 19.23076923076923,
                        },
                      ]
                    }
                  />
                  <View
                    style={
                      Array [
                        Object {},
                      ]
                    }
                  />
                  <View
                    style={
                      Array [
                        Object {},
                        Object {
                          "backgroundColor": "#0fefbd",
                          "borderRadius": 5,
                          "height": 15.824436536180308,
                          "margin": 4,
                          "width": 19.23076923076923,
                        },
                      ]
                    }
                  />
                  <View
                    style={
                      Array [
                        Object {},
                      ]
                    }
                  />
                  <View
                    style={
                      Array [
                        Object {},
                        Object {
                          "backgroundColor": "#0fefbd30",
                          "borderRadius": 5,
                          "height": 15.824436536180308,
                          "margin": 4,
                          "width": 19.23076923076923,
                        },
                      ]
                    }
                  />
                  <View
                    style={
                      Array [
                        Object {},
                      ]
                    }
                  />
                  <View
                    style={
                      Array [
                        Object {},
                        Object {
                          "backgroundColor": "#0fefbd30",
                          "borderRadius": 5,
                          "height": 15.824436536180308,
                          "margin": 4,
                          "width": 19.23076923076923,
                        },
                      ]
                    }
                  />
                  <View
                    style={
                      Array [
                        Object {},
                      ]
                    }
                  />
                  <View
                    style={
                      Array [
                        Object {},
                        Object {
                          "backgroundColor": "#0fefbd30",
                          "borderRadius": 5,
                          "height": 15.824436536180308,
                          "margin": 4,
                          "width": 19.23076923076923,
                        },
                      ]
                    }
                  />
                </View>
              </View>
              <View
                height={3}
                style={
                  Array [
                    Object {
                      "height": 12,
                    },
                  ]
                }
              />
              <Text
                color="#1a1b1c"
                fontFamily="body"
                fontSize={33.80850587417971}
                fontStyle="normal"
                fontWeight={600}
                style={
                  Array [
                    Object {
                      "color": "#1a1b1c",
                      "fontSize": 33.80850587417971,
                      "fontStyle": "normal",
                      "fontWeight": "600",
                      "textAlign": "center",
                    },
                  ]
                }
                textAlign="center"
              >
                아이디는 아래와 같습니다.
              </Text>
              <View
                height={3}
                style={
                  Array [
                    Object {
                      "height": 12,
                    },
                  ]
                }
              />
              <View
                alignItems="center"
                backgroundColor="#a5a8ae"
                justifyContent="center"
                style={
                  Array [
                    Object {
                      "alignItems": "center",
                      "backgroundColor": "#a5a8ae",
                      "justifyContent": "center",
                    },
                    Object {
                      "borderRadius": 8,
                      "height": 164.5741399762752,
                      "marginBottom": 28,
                      "marginTop": 10,
                      "width": 461.53846153846155,
                    },
                  ]
                }
              >
                <Text
                  color="#fafafa"
                  fontFamily="body"
                  fontSize={33.80850587417971}
                  fontStyle="normal"
                  fontWeight={600}
                  style={
                    Array [
                      Object {
                        "color": "#fafafa",
                        "fontSize": 33.80850587417971,
                        "fontStyle": "normal",
                        "fontWeight": "600",
                      },
                    ]
                  }
                >
                  test@idealbloom.io
                </Text>
              </View>
              <View
                height={3}
                style={
                  Array [
                    Object {
                      "height": 12,
                    },
                  ]
                }
              />
              <Text
                color="#1a1b1c"
                fontFamily="body"
                fontSize={33.80850587417971}
                fontStyle="normal"
                fontWeight={600}
                style={
                  Array [
                    Object {
                      "color": "#1a1b1c",
                      "fontSize": 33.80850587417971,
                      "fontStyle": "normal",
                      "fontWeight": "600",
                      "textAlign": "center",
                    },
                  ]
                }
                textAlign="center"
              >
                비밀번호를 분실하셨다면
                

                다음을 눌러 초기화를 진행합니다.
              </Text>
              <View
                height={3}
                style={
                  Array [
                    Object {
                      "height": 12,
                    },
                  ]
                }
              />
              <View
                alignItems="center"
                display="flex"
                justifyContent="center"
                style={
                  Array [
                    Object {
                      "alignItems": "center",
                      "display": "flex",
                      "justifyContent": "center",
                    },
                    Object {
                      "marginTop": 48,
                    },
                  ]
                }
              >
                <View
                  flexDirection="row"
                  style={
                    Array [
                      Object {
                        "flexDirection": "row",
                      },
                    ]
                  }
                >
                  <View
                    accessible={true}
                    collapsable={false}
                    focusable={true}
                    onBlur={[Function]}
                    onClick={[Function]}
                    onFocus={[Function]}
                    onHoverIn={[Function]}
                    onHoverOut={[Function]}
                    onResponderGrant={[Function]}
                    onResponderMove={[Function]}
                    onResponderRelease={[Function]}
                    onResponderTerminate={[Function]}
                    onResponderTerminationRequest={[Function]}
                    onStartShouldSetResponder={[Function]}
                    style={
                      Array [
                        Object {},
                        Object {
                          "backgroundColor": "#0fefbd",
                          "borderColor": "#0fefbd",
                          "borderRadius": 6,
                          "borderWidth": 0,
                          "height": 76.92307692307692,
                          "shadowColor": "#8799a45b",
                          "shadowOffset": Object {
                            "height": 2,
                            "width": 0,
                          },
                          "shadowOpacity": 1,
                          "shadowRadius": 4,
                          "width": 230.76923076923077,
                        },
                      ]
                    }
                  >
                    <View
                      alignItems="center"
                      flex={1}
                      flexDirection="row"
                      style={
                        Array [
                          Object {
                            "alignItems": "center",
                            "flexBasis": 0,
                            "flexDirection": "row",
                            "flexGrow": 1,
                            "flexShrink": 1,
                          },
                        ]
                      }
                    >
                      <View
                        style={
                          Array [
                            Object {},
                          ]
                        }
                      />
                      <Text
                        color="muted.700"
                        flex={6}
                        fontFamily="body"
                        fontSize="md"
                        fontStyle="normal"
                        fontWeight={800}
                        style={
                          Array [
                            Object {
                              "color": "#404040",
                              "flexBasis": 0,
                              "flexGrow": 6,
                              "flexShrink": 1,
                              "fontSize": 16,
                              "fontStyle": "normal",
                              "fontWeight": "800",
                              "textAlign": "center",
                            },
                            Object {
                              "color": "#fafafa",
                              "fontSize": 31.819770234522082,
                            },
                          ]
                        }
                        textAlign="center"
                      >
                        로그인
                      </Text>
                    </View>
                  </View>
                  <View
                    style={
                      Array [
                        Object {
                          "width": 40,
                        },
                      ]
                    }
                    width={10}
                  />
                  <View
                    accessible={true}
                    collapsable={false}
                    focusable={true}
                    onBlur={[Function]}
                    onClick={[Function]}
                    onFocus={[Function]}
                    onHoverIn={[Function]}
                    onHoverOut={[Function]}
                    onResponderGrant={[Function]}
                    onResponderMove={[Function]}
                    onResponderRelease={[Function]}
                    onResponderTerminate={[Function]}
                    onResponderTerminationRequest={[Function]}
                    onStartShouldSetResponder={[Function]}
                    style={
                      Array [
                        Object {},
                        Object {
                          "backgroundColor": "#0fefbd",
                          "borderColor": "#0fefbd",
                          "borderRadius": 6,
                          "borderWidth": 0,
                          "height": 76.92307692307692,
                          "shadowColor": "#8799a45b",
                          "shadowOffset": Object {
                            "height": 2,
                            "width": 0,
                          },
                          "shadowOpacity": 1,
                          "shadowRadius": 4,
                          "width": 230.76923076923077,
                        },
                      ]
                    }
                  >
                    <View
                      alignItems="center"
                      flex={1}
                      flexDirection="row"
                      style={
                        Array [
                          Object {
                            "alignItems": "center",
                            "flexBasis": 0,
                            "flexDirection": "row",
                            "flexGrow": 1,
                            "flexShrink": 1,
                          },
                        ]
                      }
                    >
                      <View
                        style={
                          Array [
                            Object {},
                          ]
                        }
                      />
                      <Text
                        color="muted.700"
                        flex={6}
                        fontFamily="body"
                        fontSize="md"
                        fontStyle="normal"
                        fontWeight={800}
                        style={
                          Array [
                            Object {
                              "color": "#404040",
                              "flexBasis": 0,
                              "flexGrow": 6,
                              "flexShrink": 1,
                              "fontSize": 16,
                              "fontStyle": "normal",
                              "fontWeight": "800",
                              "textAlign": "center",
                            },
                            Object {
                              "color": "#fafafa",
                              "fontSize": 31.819770234522082,
                            },
                          ]
                        }
                        textAlign="center"
                      >
                        다음
                      </Text>
                    </View>
                  </View>
                </View>
              </View>
            </View>
          </View>
        </View>
      </View>
    </RCTScrollView>
  </View>
</RNCSafeAreaProvider>
`;
