// Jest Snapshot v1, https://goo.gl/fbAQLP

exports[`[AccountFindOne] Test AccountFindOne snapshot 1`] = `
<RNCSafeAreaProvider
  onInsetsChange={[Function]}
  style={
    Array [
      Object {
        "flex": 1,
      },
      undefined,
    ]
  }
>
  <View
    flex={1}
    style={
      Array [
        Object {
          "flexBasis": 0,
          "flexGrow": 1,
          "flexShrink": 1,
        },
      ]
    }
  >
    <View
      mb={22.15421115065243}
      pt={2}
      style={
        Array [
          Object {
            "marginBottom": 22.15421115065243,
            "paddingTop": 8,
          },
        ]
      }
    >
      <View
        alignItems="center"
        flexDirection="row"
        height={69.62752075919336}
        style={
          Array [
            Object {
              "alignItems": "center",
              "flexDirection": "row",
              "height": 69.62752075919336,
              "width": "100%",
            },
          ]
        }
        width="100%"
      >
        <View
          ml={57.69230769230769}
          style={
            Array [
              Object {
                "marginLeft": 57.69230769230769,
              },
            ]
          }
        >
          <View
            accessible={true}
            collapsable={false}
            focusable={true}
            h={39.56109134045077}
            onBlur={[Function]}
            onClick={[Function]}
            onFocus={[Function]}
            onHoverIn={[Function]}
            onHoverOut={[Function]}
            onResponderGrant={[Function]}
            onResponderMove={[Function]}
            onResponderRelease={[Function]}
            onResponderTerminate={[Function]}
            onResponderTerminationRequest={[Function]}
            onStartShouldSetResponder={[Function]}
            style={
              Array [
                Object {
                  "height": 39.56109134045077,
                  "width": 48.07692307692307,
                },
              ]
            }
            w={48.07692307692307}
          >
            <Image
              accessibilityLabel=" "
              alt=" "
              maxWidth="100%"
              onError={[Function]}
              resizeMode="contain"
              size="100%"
              source={
                Object {
                  "testUri": "../../../src/Assets/Image/icon_main_left_arrow.png",
                }
              }
              style={
                Array [
                  Object {
                    "height": "100%",
                    "maxWidth": "100%",
                    "width": "100%",
                  },
                ]
              }
            />
          </View>
        </View>
        <View
          style={
            Array [
              Object {},
            ]
          }
        />
        <View
          alignItems="center"
          display="flex"
          flex={1}
          justifyContent="center"
          style={
            Array [
              Object {
                "alignItems": "center",
                "display": "flex",
                "flexBasis": 0,
                "flexGrow": 1,
                "flexShrink": 1,
                "justifyContent": "center",
              },
            ]
          }
        >
          <View
            accessible={true}
            collapsable={false}
            focusable={true}
            onBlur={[Function]}
            onClick={[Function]}
            onFocus={[Function]}
            onHoverIn={[Function]}
            onHoverOut={[Function]}
            onResponderGrant={[Function]}
            onResponderMove={[Function]}
            onResponderRelease={[Function]}
            onResponderTerminate={[Function]}
            onResponderTerminationRequest={[Function]}
            onStartShouldSetResponder={[Function]}
            style={
              Array [
                Object {},
              ]
            }
          >
            <Text
              color="#1a1b1c"
              fontFamily="body"
              fontSize={33.80850587417971}
              fontStyle="normal"
              fontWeight={600}
              numberOfLines={1}
              style={
                Array [
                  Object {
                    "color": "#1a1b1c",
                    "fontSize": 33.80850587417971,
                    "fontStyle": "normal",
                    "fontWeight": "600",
                    "textAlign": "center",
                  },
                ]
              }
              textAlign="center"
            >
              마이페이지
            </Text>
          </View>
        </View>
        <View
          style={
            Array [
              Object {},
            ]
          }
        />
        <View
          mr={57.69230769230769}
          style={
            Array [
              Object {
                "marginRight": 57.69230769230769,
              },
            ]
          }
        >
          <View
            accessible={true}
            collapsable={false}
            focusable={true}
            h={39.56109134045077}
            onBlur={[Function]}
            onClick={[Function]}
            onFocus={[Function]}
            onHoverIn={[Function]}
            onHoverOut={[Function]}
            onResponderGrant={[Function]}
            onResponderMove={[Function]}
            onResponderRelease={[Function]}
            onResponderTerminate={[Function]}
            onResponderTerminationRequest={[Function]}
            onStartShouldSetResponder={[Function]}
            style={
              Array [
                Object {
                  "height": 39.56109134045077,
                  "width": 48.07692307692307,
                },
              ]
            }
            w={48.07692307692307}
          >
            <Image
              accessibilityLabel=" "
              alt=" "
              maxWidth="100%"
              onError={[Function]}
              resizeMode="contain"
              size="100%"
              source={
                Object {
                  "testUri": "../../../src/Assets/Image/icon_home.png",
                }
              }
              style={
                Array [
                  Object {
                    "height": "100%",
                    "maxWidth": "100%",
                    "width": "100%",
                  },
                ]
              }
            />
          </View>
        </View>
      </View>
    </View>
    <View
      alignItems="center"
      style={
        Array [
          Object {
            "alignItems": "center",
          },
          Object {
            "marginTop": 134.6153846153846,
            "shadowColor": "#858c9233",
            "shadowOffset": Object {
              "height": 2,
              "width": 0,
            },
            "shadowOpacity": 1,
            "shadowRadius": 4,
          },
        ]
      }
    >
      <View
        paddingBottom={10}
        style={
          Array [
            Object {
              "paddingBottom": 40,
            },
            Object {
              "backgroundColor": "#f9f9f9",
              "borderRadius": 20,
              "overflow": "hidden",
              "width": 673.0769230769231,
            },
          ]
        }
      >
        <View
          alignItems="center"
          style={
            Array [
              Object {
                "alignItems": "center",
              },
            ]
          }
        >
          <View
            alignItems="center"
            style={
              Array [
                Object {
                  "alignItems": "center",
                },
                Object {
                  "height": 37.97864768683274,
                  "marginBottom": 22,
                  "marginTop": 10,
                  "width": 200,
                },
              ]
            }
          >
            <View
              flexDirection="row"
              style={
                Array [
                  Object {
                    "flexDirection": "row",
                  },
                ]
              }
            >
              <View
                style={
                  Array [
                    Object {},
                    Object {
                      "backgroundColor": "#0fefbd",
                      "borderRadius": 5,
                      "height": 15.824436536180308,
                      "margin": 4,
                      "width": 19.23076923076923,
                    },
                  ]
                }
              />
              <View
                style={
                  Array [
                    Object {},
                  ]
                }
              />
              <View
                style={
                  Array [
                    Object {},
                    Object {
                      "backgroundColor": "#0fefbd30",
                      "borderRadius": 5,
                      "height": 15.824436536180308,
                      "margin": 4,
                      "width": 19.23076923076923,
                    },
                  ]
                }
              />
              <View
                style={
                  Array [
                    Object {},
                  ]
                }
              />
              <View
                style={
                  Array [
                    Object {},
                    Object {
                      "backgroundColor": "#0fefbd30",
                      "borderRadius": 5,
                      "height": 15.824436536180308,
                      "margin": 4,
                      "width": 19.23076923076923,
                    },
                  ]
                }
              />
              <View
                style={
                  Array [
                    Object {},
                  ]
                }
              />
              <View
                style={
                  Array [
                    Object {},
                    Object {
                      "backgroundColor": "#0fefbd30",
                      "borderRadius": 5,
                      "height": 15.824436536180308,
                      "margin": 4,
                      "width": 19.23076923076923,
                    },
                  ]
                }
              />
              <View
                style={
                  Array [
                    Object {},
                  ]
                }
              />
              <View
                style={
                  Array [
                    Object {},
                    Object {
                      "backgroundColor": "#0fefbd30",
                      "borderRadius": 5,
                      "height": 15.824436536180308,
                      "margin": 4,
                      "width": 19.23076923076923,
                    },
                  ]
                }
              />
            </View>
          </View>
          <View
            height={3}
            style={
              Array [
                Object {
                  "height": 12,
                },
              ]
            }
          />
          <Text
            color="#1a1b1c"
            fontFamily="body"
            fontSize={33.80850587417971}
            fontStyle="normal"
            fontWeight={600}
            style={
              Array [
                Object {
                  "color": "#1a1b1c",
                  "fontSize": 33.80850587417971,
                  "fontStyle": "normal",
                  "fontWeight": "600",
                  "textAlign": "center",
                },
                Object {
                  "marginBottom": 79.12218268090155,
                },
              ]
            }
            textAlign="center"
          >
            가입하신 연락처를 통해
            

            본인인증을 진행합니다.
          </Text>
          <View
            height={3}
            style={
              Array [
                Object {
                  "height": 12,
                },
              ]
            }
          />
          <View
            alignItems="center"
            backgroundColor="#fafafab3"
            borderColor="muted.200"
            borderRadius="lg"
            borderWidth={1}
            display="flex"
            flexDirection="row"
            justifyContent="space-between"
            overflow="hidden"
            style={
              Array [
                Object {
                  "alignItems": "center",
                  "backgroundColor": "#fafafab3",
                  "borderColor": "#e5e5e5",
                  "borderRadius": 6,
                  "borderWidth": 1,
                  "display": "flex",
                  "flexDirection": "row",
                  "justifyContent": "space-between",
                  "overflow": "hidden",
                  "width": 576.923076923077,
                },
              ]
            }
            width={576.923076923077}
          >
            <Image
              accessibilityLabel=" "
              alt=" "
              maxWidth="100%"
              onError={[Function]}
              resizeMode="contain"
              source={
                Object {
                  "testUri": "../../../src/Assets/Image/member/icon_member_phone_gray.png",
                }
              }
              style={
                Array [
                  Object {
                    "maxWidth": "100%",
                  },
                  Object {
                    "marginLeft": 13,
                    "width": 48.07692307692307,
                  },
                ]
              }
            />
            <TextInput
              _text={
                Object {
                  "color": "darkText",
                }
              }
              accessible={true}
              allowFontScaling={true}
              background="transparent"
              borderColor="muted.200"
              borderRadius="lg"
              borderWidth={0}
              color="black"
              editable={true}
              flex={1}
              fontSize="md"
              keyboardType="numeric"
              onBlur={[Function]}
              onChangeText={[Function]}
              onFocus={[Function]}
              onKeyPress={[Function]}
              placeholder="전화번호"
              placeholderTextColor="#a3a3a3"
              px={4}
              py={3}
              rejectResponderTermination={true}
              rounded={8}
              secureTextEntry={false}
              style={
                Array [
                  Object {
                    "borderColor": "#e5e5e5",
                    "borderRadius": 8,
                    "borderWidth": 0,
                    "color": "#000000",
                    "flexBasis": 0,
                    "flexGrow": 1,
                    "flexShrink": 1,
                    "fontSize": 16,
                    "paddingBottom": 12,
                    "paddingLeft": 16,
                    "paddingRight": 16,
                    "paddingTop": 12,
                  },
                ]
              }
              underlineColorAndroid="transparent"
              variant="outline"
            />
            <View
              mr={2}
              style={
                Array [
                  Object {
                    "marginRight": 8,
                  },
                ]
              }
            >
              <View
                accessible={true}
                collapsable={false}
                focusable={true}
                onBlur={[Function]}
                onClick={[Function]}
                onFocus={[Function]}
                onHoverIn={[Function]}
                onHoverOut={[Function]}
                onResponderGrant={[Function]}
                onResponderMove={[Function]}
                onResponderRelease={[Function]}
                onResponderTerminate={[Function]}
                onResponderTerminationRequest={[Function]}
                onStartShouldSetResponder={[Function]}
                style={
                  Array [
                    Object {},
                    Object {
                      "backgroundColor": "#0fefbd",
                      "borderColor": "#0fefbd",
                      "borderRadius": 4,
                      "borderWidth": 0,
                      "height": 46.15384615384615,
                      "shadowColor": "#8799a45b",
                      "shadowOffset": Object {
                        "height": 2,
                        "width": 0,
                      },
                      "shadowOpacity": 1,
                      "shadowRadius": 4,
                      "width": 134.6153846153846,
                    },
                  ]
                }
              >
                <View
                  alignItems="center"
                  flex={1}
                  flexDirection="row"
                  style={
                    Array [
                      Object {
                        "alignItems": "center",
                        "flexBasis": 0,
                        "flexDirection": "row",
                        "flexGrow": 1,
                        "flexShrink": 1,
                      },
                    ]
                  }
                >
                  <View
                    style={
                      Array [
                        Object {},
                      ]
                    }
                  />
                  <Text
                    color="muted.700"
                    flex={6}
                    fontFamily="body"
                    fontSize="md"
                    fontStyle="normal"
                    fontWeight={800}
                    style={
                      Array [
                        Object {
                          "color": "#404040",
                          "flexBasis": 0,
                          "flexGrow": 6,
                          "flexShrink": 1,
                          "fontSize": 16,
                          "fontStyle": "normal",
                          "fontWeight": "800",
                          "textAlign": "center",
                        },
                        Object {
                          "color": "#fafafa",
                          "fontSize": 23.864827675891565,
                        },
                      ]
                    }
                    textAlign="center"
                  >
                    인증번호
                  </Text>
                </View>
              </View>
            </View>
          </View>
          <View
            height={3}
            style={
              Array [
                Object {
                  "height": 12,
                },
              ]
            }
          />
          <View
            alignItems="center"
            backgroundColor="#fafafab3"
            borderColor="muted.200"
            borderRadius="lg"
            borderWidth={1}
            display="flex"
            flexDirection="row"
            justifyContent="space-between"
            overflow="hidden"
            style={
              Array [
                Object {
                  "alignItems": "center",
                  "backgroundColor": "#fafafab3",
                  "borderColor": "#e5e5e5",
                  "borderRadius": 6,
                  "borderWidth": 1,
                  "display": "flex",
                  "flexDirection": "row",
                  "justifyContent": "space-between",
                  "overflow": "hidden",
                  "width": 576.923076923077,
                },
              ]
            }
            width={576.923076923077}
          >
            <Image
              accessibilityLabel=" "
              alt=" "
              maxWidth="100%"
              onError={[Function]}
              resizeMode="contain"
              source={
                Object {
                  "testUri": "../../../src/Assets/Image/member/icon_member_auth_gray.png",
                }
              }
              style={
                Array [
                  Object {
                    "maxWidth": "100%",
                  },
                  Object {
                    "marginLeft": 13,
                    "width": 48.07692307692307,
                  },
                ]
              }
            />
            <TextInput
              _text={
                Object {
                  "color": "darkText",
                }
              }
              accessible={true}
              allowFontScaling={true}
              background="transparent"
              borderColor="muted.200"
              borderRadius="lg"
              borderWidth={0}
              color="black"
              editable={true}
              flex={1}
              fontSize="md"
              onBlur={[Function]}
              onChangeText={[Function]}
              onFocus={[Function]}
              onKeyPress={[Function]}
              placeholder="인증번호"
              placeholderTextColor="#a3a3a3"
              px={4}
              py={3}
              rejectResponderTermination={true}
              rounded={8}
              secureTextEntry={false}
              style={
                Array [
                  Object {
                    "borderColor": "#e5e5e5",
                    "borderRadius": 8,
                    "borderWidth": 0,
                    "color": "#000000",
                    "flexBasis": 0,
                    "flexGrow": 1,
                    "flexShrink": 1,
                    "fontSize": 16,
                    "paddingBottom": 12,
                    "paddingLeft": 16,
                    "paddingRight": 16,
                    "paddingTop": 12,
                  },
                ]
              }
              underlineColorAndroid="transparent"
              variant="outline"
            />
            <View
              mr={2}
              style={
                Array [
                  Object {
                    "marginRight": 8,
                  },
                ]
              }
            >
              <View
                accessible={true}
                collapsable={false}
                focusable={true}
                onBlur={[Function]}
                onClick={[Function]}
                onFocus={[Function]}
                onHoverIn={[Function]}
                onHoverOut={[Function]}
                onResponderGrant={[Function]}
                onResponderMove={[Function]}
                onResponderRelease={[Function]}
                onResponderTerminate={[Function]}
                onResponderTerminationRequest={[Function]}
                onStartShouldSetResponder={[Function]}
                style={
                  Array [
                    Object {},
                    Object {
                      "backgroundColor": "#0fefbd",
                      "borderColor": "#0fefbd",
                      "borderRadius": 4,
                      "borderWidth": 0,
                      "height": 46.15384615384615,
                      "shadowColor": "#8799a45b",
                      "shadowOffset": Object {
                        "height": 2,
                        "width": 0,
                      },
                      "shadowOpacity": 1,
                      "shadowRadius": 4,
                      "width": 134.6153846153846,
                    },
                  ]
                }
              >
                <View
                  alignItems="center"
                  flex={1}
                  flexDirection="row"
                  style={
                    Array [
                      Object {
                        "alignItems": "center",
                        "flexBasis": 0,
                        "flexDirection": "row",
                        "flexGrow": 1,
                        "flexShrink": 1,
                      },
                    ]
                  }
                >
                  <View
                    style={
                      Array [
                        Object {},
                      ]
                    }
                  />
                  <Text
                    color="muted.700"
                    flex={6}
                    fontFamily="body"
                    fontSize="md"
                    fontStyle="normal"
                    fontWeight={800}
                    style={
                      Array [
                        Object {
                          "color": "#404040",
                          "flexBasis": 0,
                          "flexGrow": 6,
                          "flexShrink": 1,
                          "fontSize": 16,
                          "fontStyle": "normal",
                          "fontWeight": "800",
                          "textAlign": "center",
                        },
                        Object {
                          "color": "#fafafa",
                          "fontSize": 23.864827675891565,
                        },
                      ]
                    }
                    textAlign="center"
                  >
                    확인
                  </Text>
                </View>
              </View>
            </View>
          </View>
        </View>
        <View
          alignItems="center"
          display="flex"
          justifyContent="center"
          style={
            Array [
              Object {
                "alignItems": "center",
                "display": "flex",
                "justifyContent": "center",
              },
              Object {
                "marginTop": 63.29774614472123,
              },
            ]
          }
        >
          <View
            accessible={true}
            collapsable={false}
            focusable={true}
            onBlur={[Function]}
            onClick={[Function]}
            onFocus={[Function]}
            onHoverIn={[Function]}
            onHoverOut={[Function]}
            onResponderGrant={[Function]}
            onResponderMove={[Function]}
            onResponderRelease={[Function]}
            onResponderTerminate={[Function]}
            onResponderTerminationRequest={[Function]}
            onStartShouldSetResponder={[Function]}
            style={
              Array [
                Object {},
                Object {
                  "backgroundColor": "#a5a8ae",
                  "borderColor": "#0fefbd",
                  "borderRadius": 8,
                  "borderWidth": 0,
                  "height": 76.92307692307692,
                  "shadowColor": "#8799a45b",
                  "shadowOffset": Object {
                    "height": 2,
                    "width": 0,
                  },
                  "shadowOpacity": 1,
                  "shadowRadius": 4,
                  "width": 423.0769230769231,
                },
              ]
            }
          >
            <View
              alignItems="center"
              flex={1}
              flexDirection="row"
              style={
                Array [
                  Object {
                    "alignItems": "center",
                    "flexBasis": 0,
                    "flexDirection": "row",
                    "flexGrow": 1,
                    "flexShrink": 1,
                  },
                ]
              }
            >
              <View
                style={
                  Array [
                    Object {},
                  ]
                }
              />
              <Text
                color="muted.700"
                flex={6}
                fontFamily="body"
                fontSize="md"
                fontStyle="normal"
                fontWeight={600}
                style={
                  Array [
                    Object {
                      "color": "#404040",
                      "flexBasis": 0,
                      "flexGrow": 6,
                      "flexShrink": 1,
                      "fontSize": 16,
                      "fontStyle": "normal",
                      "fontWeight": "600",
                      "textAlign": "center",
                    },
                    Object {
                      "color": "#fafafa",
                      "fontSize": 35.79724151383734,
                    },
                  ]
                }
                textAlign="center"
              >
                다음
              </Text>
            </View>
          </View>
        </View>
      </View>
    </View>
  </View>
</RNCSafeAreaProvider>
`;
