// Jest Snapshot v1, https://goo.gl/fbAQLP

exports[`[Login] Test Login snapshot 1`] = `
<RNCSafeAreaProvider
  onInsetsChange={[Function]}
  style={
    Array [
      Object {
        "flex": 1,
      },
      undefined,
    ]
  }
>
  <View
    flex={1}
    style={
      Array [
        Object {
          "flexBasis": 0,
          "flexGrow": 1,
          "flexShrink": 1,
        },
      ]
    }
  >
    <View
      mb={34.81376037959668}
      pt={5}
      style={
        Array [
          Object {
            "marginBottom": 34.81376037959668,
            "paddingTop": 20,
          },
        ]
      }
    >
      <View
        alignItems="center"
        flexDirection="row"
        height={69.62752075919336}
        style={
          Array [
            Object {
              "alignItems": "center",
              "flexDirection": "row",
              "height": 69.62752075919336,
              "width": "100%",
            },
          ]
        }
        width="100%"
      >
        <View
          ml={57.69230769230769}
          style={
            Array [
              Object {
                "marginLeft": 57.69230769230769,
              },
            ]
          }
        >
          <View
            accessible={true}
            collapsable={false}
            focusable={true}
            h={39.56109134045077}
            onBlur={[Function]}
            onClick={[Function]}
            onFocus={[Function]}
            onHoverIn={[Function]}
            onHoverOut={[Function]}
            onResponderGrant={[Function]}
            onResponderMove={[Function]}
            onResponderRelease={[Function]}
            onResponderTerminate={[Function]}
            onResponderTerminationRequest={[Function]}
            onStartShouldSetResponder={[Function]}
            style={
              Array [
                Object {
                  "height": 39.56109134045077,
                  "width": 48.07692307692307,
                },
              ]
            }
            w={48.07692307692307}
          >
            <Image
              accessibilityLabel=" "
              alt=" "
              maxWidth="100%"
              onError={[Function]}
              resizeMode="contain"
              size="100%"
              source={
                Object {
                  "testUri": "../../../src/Assets/Image/icon_main_left_arrow.png",
                }
              }
              style={
                Array [
                  Object {
                    "height": "100%",
                    "maxWidth": "100%",
                    "width": "100%",
                  },
                ]
              }
            />
          </View>
        </View>
        <View
          style={
            Array [
              Object {},
            ]
          }
        />
        <View
          alignItems="center"
          display="flex"
          flex={1}
          justifyContent="center"
          style={
            Array [
              Object {
                "alignItems": "center",
                "display": "flex",
                "flexBasis": 0,
                "flexGrow": 1,
                "flexShrink": 1,
                "justifyContent": "center",
              },
            ]
          }
        >
          <View
            accessible={true}
            collapsable={false}
            focusable={true}
            onBlur={[Function]}
            onClick={[Function]}
            onFocus={[Function]}
            onHoverIn={[Function]}
            onHoverOut={[Function]}
            onResponderGrant={[Function]}
            onResponderMove={[Function]}
            onResponderRelease={[Function]}
            onResponderTerminate={[Function]}
            onResponderTerminationRequest={[Function]}
            onStartShouldSetResponder={[Function]}
            style={
              Array [
                Object {},
              ]
            }
          >
            <Text
              color="#1a1b1c"
              fontFamily="body"
              fontSize={33.80850587417971}
              fontStyle="normal"
              fontWeight={600}
              numberOfLines={1}
              style={
                Array [
                  Object {
                    "color": "#1a1b1c",
                    "fontSize": 33.80850587417971,
                    "fontStyle": "normal",
                    "fontWeight": "600",
                    "textAlign": "center",
                  },
                ]
              }
              textAlign="center"
            >
              파인애플스튜디오
            </Text>
          </View>
        </View>
        <View
          style={
            Array [
              Object {},
            ]
          }
        />
        <View
          mr={57.69230769230769}
          style={
            Array [
              Object {
                "marginRight": 57.69230769230769,
              },
            ]
          }
        >
          <View
            accessible={true}
            collapsable={false}
            focusable={true}
            h={39.56109134045077}
            onBlur={[Function]}
            onClick={[Function]}
            onFocus={[Function]}
            onHoverIn={[Function]}
            onHoverOut={[Function]}
            onResponderGrant={[Function]}
            onResponderMove={[Function]}
            onResponderRelease={[Function]}
            onResponderTerminate={[Function]}
            onResponderTerminationRequest={[Function]}
            onStartShouldSetResponder={[Function]}
            style={
              Array [
                Object {
                  "height": 39.56109134045077,
                  "width": 48.07692307692307,
                },
              ]
            }
            w={48.07692307692307}
          >
            <Image
              accessibilityLabel=" "
              alt=" "
              maxWidth="100%"
              onError={[Function]}
              resizeMode="contain"
              size="100%"
              source={
                Object {
                  "testUri": "../../../src/Assets/Image/icon_home.png",
                }
              }
              style={
                Array [
                  Object {
                    "height": "100%",
                    "maxWidth": "100%",
                    "width": "100%",
                  },
                ]
              }
            />
          </View>
        </View>
      </View>
    </View>
    <View
      alignItems="center"
      style={
        Array [
          Object {
            "alignItems": "center",
          },
          Object {
            "marginTop": 50,
            "shadowColor": "#858c9233",
            "shadowOffset": Object {
              "height": 2,
              "width": 0,
            },
            "shadowOpacity": 1,
            "shadowRadius": 4,
          },
        ]
      }
    >
      <View
        backgroundColor="#f9f9f9"
        style={
          Array [
            Object {
              "backgroundColor": "#f9f9f9",
            },
            Object {
              "borderRadius": 20,
              "overflow": "hidden",
              "width": 673.0769230769231,
            },
          ]
        }
      >
        <View
          flex={1}
          paddingBottom={10}
          style={
            Array [
              Object {
                "flexBasis": 0,
                "flexGrow": 1,
                "flexShrink": 1,
                "paddingBottom": 40,
              },
            ]
          }
        >
          <View
            alignItems="center"
            style={
              Array [
                Object {
                  "alignItems": "center",
                },
              ]
            }
          >
            <View
              height={6}
              style={
                Array [
                  Object {
                    "height": 24,
                  },
                ]
              }
            />
            <Image
              accessibilityLabel=" "
              alt=" "
              maxWidth="100%"
              mt={8}
              onError={[Function]}
              resizeMode="contain"
              source={
                Object {
                  "testUri": "../../../src/Assets/Image/member/icon_login_character.png",
                }
              }
              style={
                Array [
                  Object {
                    "marginTop": 32,
                    "maxWidth": "100%",
                  },
                  Object {
                    "width": 96.15384615384615,
                  },
                ]
              }
            />
            <View
              height={6}
              style={
                Array [
                  Object {
                    "height": 24,
                  },
                ]
              }
            />
            <Text
              color="#000000"
              fontFamily="body"
              fontSize={33.80850587417971}
              fontStyle="normal"
              fontWeight={400}
              style={
                Array [
                  Object {
                    "color": "#000000",
                    "fontSize": 33.80850587417971,
                    "fontStyle": "normal",
                    "fontWeight": "400",
                    "textAlign": "center",
                  },
                ]
              }
              textAlign="center"
            >
              당신만의 음악세상을 
              

               선물합니다.
            </Text>
            <View
              height={6}
              style={
                Array [
                  Object {
                    "height": 24,
                  },
                ]
              }
            />
            <View
              alignItems="center"
              backgroundColor="#fafafab3"
              borderColor="muted.200"
              borderRadius="lg"
              borderWidth={1}
              display="flex"
              flexDirection="row"
              justifyContent="space-between"
              overflow="hidden"
              style={
                Array [
                  Object {
                    "alignItems": "center",
                    "backgroundColor": "#fafafab3",
                    "borderColor": "#e5e5e5",
                    "borderRadius": 6,
                    "borderWidth": 1,
                    "display": "flex",
                    "flexDirection": "row",
                    "justifyContent": "space-between",
                    "overflow": "hidden",
                    "width": 576.923076923077,
                  },
                ]
              }
              width={576.923076923077}
            >
              <Image
                accessibilityLabel=" "
                alt=" "
                maxWidth="100%"
                onError={[Function]}
                resizeMode="contain"
                source={
                  Object {
                    "testUri": "../../../src/Assets/Image/member/icon_login_email_gray.png",
                  }
                }
                style={
                  Array [
                    Object {
                      "maxWidth": "100%",
                    },
                    Object {
                      "marginLeft": 13,
                      "width": 48.07692307692307,
                    },
                  ]
                }
              />
              <TextInput
                _text={
                  Object {
                    "color": "darkText",
                  }
                }
                accessible={true}
                allowFontScaling={true}
                autoFocus={true}
                background="transparent"
                borderColor="muted.200"
                borderRadius="lg"
                borderWidth={0}
                color="black"
                editable={true}
                flex={1}
                fontSize="md"
                onBlur={[Function]}
                onChangeText={[Function]}
                onFocus={[Function]}
                onKeyPress={[Function]}
                placeholder="Email"
                placeholderTextColor="#a3a3a3"
                px={4}
                py={3}
                rejectResponderTermination={true}
                rounded={8}
                secureTextEntry={false}
                style={
                  Array [
                    Object {
                      "borderColor": "#e5e5e5",
                      "borderRadius": 8,
                      "borderWidth": 0,
                      "color": "#000000",
                      "flexBasis": 0,
                      "flexGrow": 1,
                      "flexShrink": 1,
                      "fontSize": 16,
                      "paddingBottom": 12,
                      "paddingLeft": 16,
                      "paddingRight": 16,
                      "paddingTop": 12,
                    },
                  ]
                }
                underlineColorAndroid="transparent"
                value=""
                variant="outline"
              />
            </View>
            <View
              height={6}
              style={
                Array [
                  Object {
                    "height": 24,
                  },
                ]
              }
            />
            <View
              alignItems="center"
              backgroundColor="#fafafab3"
              borderColor="muted.200"
              borderRadius="lg"
              borderWidth={1}
              display="flex"
              flexDirection="row"
              justifyContent="space-between"
              overflow="hidden"
              style={
                Array [
                  Object {
                    "alignItems": "center",
                    "backgroundColor": "#fafafab3",
                    "borderColor": "#e5e5e5",
                    "borderRadius": 6,
                    "borderWidth": 1,
                    "display": "flex",
                    "flexDirection": "row",
                    "justifyContent": "space-between",
                    "overflow": "hidden",
                    "width": 576.923076923077,
                  },
                ]
              }
              width={576.923076923077}
            >
              <Image
                accessibilityLabel=" "
                alt=" "
                maxWidth="100%"
                onError={[Function]}
                resizeMode="contain"
                source={
                  Object {
                    "testUri": "../../../src/Assets/Image/member/icon_login_key_gray.png",
                  }
                }
                style={
                  Array [
                    Object {
                      "maxWidth": "100%",
                    },
                    Object {
                      "marginLeft": 13,
                      "width": 48.07692307692307,
                    },
                  ]
                }
              />
              <TextInput
                _text={
                  Object {
                    "color": "darkText",
                  }
                }
                accessible={true}
                allowFontScaling={true}
                background="transparent"
                borderColor="muted.200"
                borderRadius="lg"
                borderWidth={0}
                color="black"
                editable={true}
                flex={1}
                fontSize="md"
                onBlur={[Function]}
                onChangeText={[Function]}
                onFocus={[Function]}
                onKeyPress={[Function]}
                placeholder="PW"
                placeholderTextColor="#a3a3a3"
                px={4}
                py={3}
                rejectResponderTermination={true}
                rounded={8}
                secureTextEntry={true}
                style={
                  Array [
                    Object {
                      "borderColor": "#e5e5e5",
                      "borderRadius": 8,
                      "borderWidth": 0,
                      "color": "#000000",
                      "flexBasis": 0,
                      "flexGrow": 1,
                      "flexShrink": 1,
                      "fontSize": 16,
                      "paddingBottom": 12,
                      "paddingLeft": 16,
                      "paddingRight": 16,
                      "paddingTop": 12,
                    },
                  ]
                }
                underlineColorAndroid="transparent"
                value=""
                variant="outline"
              />
            </View>
            <View
              height={6}
              style={
                Array [
                  Object {
                    "height": 24,
                  },
                ]
              }
            />
            <View
              accessible={true}
              collapsable={false}
              focusable={true}
              onBlur={[Function]}
              onClick={[Function]}
              onFocus={[Function]}
              onHoverIn={[Function]}
              onHoverOut={[Function]}
              onResponderGrant={[Function]}
              onResponderMove={[Function]}
              onResponderRelease={[Function]}
              onResponderTerminate={[Function]}
              onResponderTerminationRequest={[Function]}
              onStartShouldSetResponder={[Function]}
              style={
                Array [
                  Object {},
                  Object {
                    "backgroundColor": "#0fefbd",
                    "borderColor": "#0fefbd",
                    "borderRadius": 8,
                    "borderWidth": 0,
                    "height": 63.29774614472123,
                    "shadowColor": "#00000033",
                    "shadowOffset": Object {
                      "height": 2,
                      "width": 0,
                    },
                    "shadowOpacity": 1,
                    "shadowRadius": 4,
                    "width": 423.0769230769231,
                  },
                ]
              }
            >
              <View
                alignItems="center"
                flex={1}
                flexDirection="row"
                style={
                  Array [
                    Object {
                      "alignItems": "center",
                      "flexBasis": 0,
                      "flexDirection": "row",
                      "flexGrow": 1,
                      "flexShrink": 1,
                    },
                  ]
                }
              >
                <View
                  style={
                    Array [
                      Object {},
                    ]
                  }
                />
                <Text
                  color="muted.700"
                  flex={5}
                  fontFamily="body"
                  fontSize="md"
                  fontStyle="normal"
                  fontWeight={600}
                  style={
                    Array [
                      Object {
                        "color": "#404040",
                        "flexBasis": 0,
                        "flexGrow": 5,
                        "flexShrink": 1,
                        "fontSize": 16,
                        "fontStyle": "normal",
                        "fontWeight": "600",
                        "textAlign": "center",
                      },
                      Object {
                        "color": "#fafafa",
                        "fontSize": 35.79724151383734,
                      },
                    ]
                  }
                  textAlign="center"
                >
                  LOG IN
                </Text>
              </View>
            </View>
            <View
              height={6}
              style={
                Array [
                  Object {
                    "height": 24,
                  },
                ]
              }
            />
            <View
              flexDirection="row"
              justifyContent="space-around"
              mt={4}
              mx={10}
              style={
                Array [
                  Object {
                    "flexDirection": "row",
                    "justifyContent": "space-around",
                    "marginLeft": 40,
                    "marginRight": 40,
                    "marginTop": 16,
                    "width": "80%",
                  },
                ]
              }
              w="80%"
            >
              <View
                accessible={true}
                focusable={true}
                onClick={[Function]}
                onResponderGrant={[Function]}
                onResponderMove={[Function]}
                onResponderRelease={[Function]}
                onResponderTerminate={[Function]}
                onResponderTerminationRequest={[Function]}
                onStartShouldSetResponder={[Function]}
                style={
                  Object {
                    "opacity": 1,
                  }
                }
              >
                <Text
                  color="#0fefbd"
                  fontFamily="body"
                  fontSize={31.819770234522082}
                  fontStyle="normal"
                  fontWeight={600}
                  style={
                    Array [
                      Object {
                        "color": "#0fefbd",
                        "fontSize": 31.819770234522082,
                        "fontStyle": "normal",
                        "fontWeight": "600",
                      },
                    ]
                  }
                >
                  회원가입 →
                </Text>
              </View>
              <View
                style={
                  Array [
                    Object {},
                  ]
                }
              />
              <View
                accessible={true}
                focusable={true}
                onClick={[Function]}
                onResponderGrant={[Function]}
                onResponderMove={[Function]}
                onResponderRelease={[Function]}
                onResponderTerminate={[Function]}
                onResponderTerminationRequest={[Function]}
                onStartShouldSetResponder={[Function]}
                style={
                  Object {
                    "opacity": 1,
                  }
                }
              >
                <Text
                  color="#0fefbd"
                  fontFamily="body"
                  fontSize={31.819770234522082}
                  fontStyle="normal"
                  fontWeight={600}
                  style={
                    Array [
                      Object {
                        "color": "#0fefbd",
                        "fontSize": 31.819770234522082,
                        "fontStyle": "normal",
                        "fontWeight": "600",
                      },
                    ]
                  }
                >
                  계정찾기 →
                </Text>
              </View>
            </View>
          </View>
        </View>
      </View>
    </View>
  </View>
</RNCSafeAreaProvider>
`;
