// Jest Snapshot v1, https://goo.gl/fbAQLP

exports[`[MiniSingingCard] Test MiniSingingCard snapshot 1`] = `
<RNCSafeAreaProvider
  onInsetsChange={[Function]}
  style={
    Array [
      Object {
        "flex": 1,
      },
      undefined,
    ]
  }
>
  <View
    style={
      Array [
        Object {},
      ]
    }
  >
    <View
      borderColor="#0fefbd"
      borderWidth={1}
      style={
        Array [
          Object {
            "borderColor": "#0fefbd",
            "borderWidth": 1,
            "width": "100%",
          },
        ]
      }
      w="100%"
    />
    <View
      backgroundColor="#fafafa80"
      flexDirection="row"
      py={3}
      style={
        Array [
          Object {
            "backgroundColor": "#fafafa80",
            "flexDirection": "row",
            "paddingBottom": 12,
            "paddingTop": 12,
          },
        ]
      }
    >
      <View
        ml={6}
        style={
          Array [
            Object {
              "marginLeft": 24,
            },
          ]
        }
      >
        <Text
          color="#1a1b1c"
          fontFamily="body"
          fontSize={33.80850587417971}
          fontStyle="normal"
          fontWeight={600}
          style={
            Array [
              Object {
                "color": "#1a1b1c",
                "fontSize": 33.80850587417971,
                "fontStyle": "normal",
                "fontWeight": "600",
              },
            ]
          }
        >
          노래 제목입니다
        </Text>
        <View
          style={
            Array [
              Object {},
            ]
          }
        />
        <Text
          color="#858c92"
          fontFamily="body"
          fontSize={29.83103459486446}
          fontStyle="normal"
          fontWeight={400}
          style={
            Array [
              Object {
                "color": "#858c92",
                "fontSize": 29.83103459486446,
                "fontStyle": "normal",
                "fontWeight": "400",
              },
            ]
          }
        >
          KingKong12
        </Text>
      </View>
      <View
        style={
          Array [
            Object {},
          ]
        }
      />
      <View
        accessible={true}
        collapsable={false}
        focusable={true}
        onBlur={[Function]}
        onClick={[Function]}
        onFocus={[Function]}
        onHoverIn={[Function]}
        onHoverOut={[Function]}
        onResponderGrant={[Function]}
        onResponderMove={[Function]}
        onResponderRelease={[Function]}
        onResponderTerminate={[Function]}
        onResponderTerminationRequest={[Function]}
        onStartShouldSetResponder={[Function]}
        position="absolute"
        right={37}
        size={69.23076923076924}
        style={
          Array [
            Object {
              "height": 69.23076923076924,
              "position": "absolute",
              "right": 37,
              "top": 12,
              "width": 69.23076923076924,
            },
          ]
        }
        top={3}
      >
        <Image
          accessibilityLabel=" "
          alt=" "
          maxWidth="100%"
          onError={[Function]}
          source={
            Object {
              "testUri": "../../../src/Assets/Image/challenge/icon_challenge_playmusic.png",
            }
          }
          style={
            Array [
              Object {
                "maxWidth": "100%",
              },
              Object {
                "alignItems": "center",
                "height": "100%",
                "justifyContent": "center",
                "width": "100%",
              },
            ]
          }
        />
      </View>
    </View>
  </View>
</RNCSafeAreaProvider>
`;
