// Jest Snapshot v1, https://goo.gl/fbAQLP

exports[`[MusicBox] Test MusicBox snapshot 1`] = `
<RNCSafeAreaProvider
  onInsetsChange={[Function]}
  style={
    Array [
      Object {
        "flex": 1,
      },
      undefined,
    ]
  }
>
  <View
    accessible={true}
    collapsable={false}
    focusable={true}
    onBlur={[Function]}
    onClick={[Function]}
    onFocus={[Function]}
    onHoverIn={[Function]}
    onHoverOut={[Function]}
    onResponderGrant={[Function]}
    onResponderMove={[Function]}
    onResponderRelease={[Function]}
    onResponderTerminate={[Function]}
    onResponderTerminationRequest={[Function]}
    onStartShouldSetResponder={[Function]}
    style={
      Array [
        Object {},
        Object {
          "borderRadius": 4,
          "height": 229.45432977461448,
          "overflow": "hidden",
          "width": 278.84615384615387,
        },
      ]
    }
  >
    <View
      accessibilityIgnoresInvertColors={true}
      style={
        Object {
          "height": "100%",
          "width": "100%",
        }
      }
    >
      <Image
        style={
          Array [
            Object {
              "bottom": 0,
              "left": 0,
              "position": "absolute",
              "right": 0,
              "top": 0,
            },
            Object {
              "height": "100%",
              "width": "100%",
            },
            undefined,
          ]
        }
      />
      <View
        style={
          Array [
            Object {},
            Object {
              "backgroundColor": "#1a1b1c80",
              "bottom": 0,
              "height": 82.2870699881376,
              "position": "absolute",
              "width": "100%",
            },
          ]
        }
      >
        <Text
          color="muted.700"
          fontFamily="body"
          fontSize="md"
          fontStyle="normal"
          fontWeight="bold"
          numberOfLines={1}
          style={
            Array [
              Object {
                "color": "#404040",
                "fontSize": 16,
                "fontStyle": "normal",
                "fontWeight": "700",
              },
              Object {
                "color": "#4be3ac",
                "fontSize": 29.83103459486446,
                "position": "absolute",
                "right": 4,
                "textAlign": "right",
                "top": 8,
                "width": 192.3076923076923,
              },
            ]
          }
        />
        <Text
          color="muted.700"
          fontFamily="body"
          fontSize={29.83103459486446}
          fontStyle="normal"
          fontWeight={400}
          numberOfLines={1}
          style={
            Array [
              Object {
                "color": "#404040",
                "fontSize": 29.83103459486446,
                "fontStyle": "normal",
                "fontWeight": "400",
              },
              Object {
                "color": "#fafafa",
                "fontSize": 29.83103459486446,
                "position": "absolute",
                "right": 4,
                "textAlign": "right",
                "top": 26,
                "width": 153.84615384615384,
              },
            ]
          }
        />
      </View>
    </View>
  </View>
</RNCSafeAreaProvider>
`;
