// Jest Snapshot v1, https://goo.gl/fbAQLP

exports[`[TermsModal] Test TermsModal snapshot 1`] = `
<RNCSafeAreaProvider
  onInsetsChange={[Function]}
  style={
    Array [
      Object {
        "flex": 1,
      },
      undefined,
    ]
  }
>
  <View
    accessible={true}
    focusable={true}
    onClick={[Function]}
    onResponderGrant={[Function]}
    onResponderMove={[Function]}
    onResponderRelease={[Function]}
    onResponderTerminate={[Function]}
    onResponderTerminationRequest={[Function]}
    onStartShouldSetResponder={[Function]}
    style={
      Object {
        "height": 37.97864768683274,
        "opacity": 1,
        "width": 46.15384615384615,
      }
    }
  >
    <Image
      accessibilityLabel=" "
      alt=" "
      maxWidth="100%"
      onError={[Function]}
      resizeMode="contain"
      source={
        Object {
          "testUri": "../../../src/Assets/Image/member/icon_signup_externallink_gray.png",
        }
      }
      style={
        Array [
          Object {
            "maxWidth": "100%",
          },
          Object {
            "width": "100%",
          },
        ]
      }
    />
  </View>
</RNCSafeAreaProvider>
`;
