// Jest Snapshot v1, https://goo.gl/fbAQLP

exports[`[Wbutton] Test Wbutton snapshot 1`] = `
<RNCSafeAreaProvider
  onInsetsChange={[Function]}
  style={
    Array [
      Object {
        "flex": 1,
      },
      undefined,
    ]
  }
>
  <View
    accessible={true}
    collapsable={false}
    focusable={true}
    onBlur={[Function]}
    onClick={[Function]}
    onFocus={[Function]}
    onHoverIn={[Function]}
    onHoverOut={[Function]}
    onResponderGrant={[Function]}
    onResponderMove={[Function]}
    onResponderRelease={[Function]}
    onResponderTerminate={[Function]}
    onResponderTerminationRequest={[Function]}
    onStartShouldSetResponder={[Function]}
    style={
      Array [
        Object {},
        Object {
          "backgroundColor": "#fafafa80",
          "borderColor": "#0fefbd",
          "borderRadius": 0,
          "borderWidth": 1,
          "height": 1621.153846153846,
          "width": 750,
        },
      ]
    }
  >
    <View
      style={
        Array [
          Object {},
        ]
      }
    >
      <View
        alignItems="center"
        display="flex"
        h="100%"
        justifyContent="center"
        style={
          Array [
            Object {
              "alignItems": "center",
              "display": "flex",
              "height": "100%",
              "justifyContent": "center",
            },
          ]
        }
      >
        <View
          alignItems="center"
          flexDirection="row"
          justifyContent="center"
          style={
            Array [
              Object {
                "alignItems": "center",
                "flexDirection": "row",
                "justifyContent": "center",
                "width": "100%",
              },
            ]
          }
          w="100%"
        >
          <View
            style={
              Array [
                Object {},
              ]
            }
          />
          <Text
            color="muted.700"
            fontFamily="body"
            fontSize="md"
            fontStyle="normal"
            fontWeight="normal"
            style={
              Array [
                Object {
                  "color": "#404040",
                  "fontSize": 16,
                  "fontStyle": "normal",
                  "fontWeight": "400",
                },
                Object {
                  "color": "#0fefbd",
                  "fontSize": 39.77471279315261,
                  "textAlign": "center",
                },
              ]
            }
          >
            
          </Text>
        </View>
      </View>
    </View>
  </View>
</RNCSafeAreaProvider>
`;
