// Jest Snapshot v1, https://goo.gl/fbAQLP

exports[`[ChallengeLyricsView] Test ChallengeLyricsView snapshot 1`] = `
<RNCSafeAreaProvider
  onInsetsChange={[Function]}
  style={
    Array [
      Object {
        "flex": 1,
      },
      undefined,
    ]
  }
>
  <View
    flex={1}
    style={
      Array [
        Object {
          "flexBasis": 0,
          "flexGrow": 1,
          "flexShrink": 1,
        },
      ]
    }
  >
    <View
      mb={34.81376037959668}
      pt={5}
      style={
        Array [
          Object {
            "marginBottom": 34.81376037959668,
            "paddingTop": 20,
          },
        ]
      }
    >
      <BVLinearGradient
        colors={
          Array [
            4279234493,
            9763859,
          ]
        }
        endPoint={
          Object {
            "x": 0.5,
            "y": 1,
          }
        }
        locations={null}
        startPoint={
          Object {
            "x": 0.5,
            "y": 0,
          }
        }
        style={
          Object {
            "backgroundColor": "transparent",
            "flex": 1,
            "height": 240.53143534994066,
            "position": "absolute",
            "width": "100%",
          }
        }
      />
      <View
        alignItems="center"
        flexDirection="row"
        height={69.62752075919336}
        style={
          Array [
            Object {
              "alignItems": "center",
              "flexDirection": "row",
              "height": 69.62752075919336,
              "width": "100%",
            },
          ]
        }
        width="100%"
      >
        <View
          ml={57.69230769230769}
          style={
            Array [
              Object {
                "marginLeft": 57.69230769230769,
              },
            ]
          }
        >
          <View
            accessible={true}
            collapsable={false}
            focusable={true}
            h={39.56109134045077}
            onBlur={[Function]}
            onClick={[Function]}
            onFocus={[Function]}
            onHoverIn={[Function]}
            onHoverOut={[Function]}
            onResponderGrant={[Function]}
            onResponderMove={[Function]}
            onResponderRelease={[Function]}
            onResponderTerminate={[Function]}
            onResponderTerminationRequest={[Function]}
            onStartShouldSetResponder={[Function]}
            style={
              Array [
                Object {
                  "height": 39.56109134045077,
                  "width": 48.07692307692307,
                },
              ]
            }
            w={48.07692307692307}
          >
            <Image
              accessibilityLabel=" "
              alt=" "
              maxWidth="100%"
              onError={[Function]}
              resizeMode="contain"
              size="100%"
              source={
                Object {
                  "testUri": "../../../src/Assets/Image/icon_main_left_arrow.png",
                }
              }
              style={
                Array [
                  Object {
                    "height": "100%",
                    "maxWidth": "100%",
                    "width": "100%",
                  },
                ]
              }
            />
          </View>
        </View>
        <View
          style={
            Array [
              Object {},
            ]
          }
        />
        <View
          alignItems="center"
          display="flex"
          flex={1}
          justifyContent="center"
          style={
            Array [
              Object {
                "alignItems": "center",
                "display": "flex",
                "flexBasis": 0,
                "flexGrow": 1,
                "flexShrink": 1,
                "justifyContent": "center",
              },
            ]
          }
        >
          <View
            accessible={true}
            collapsable={false}
            focusable={true}
            onBlur={[Function]}
            onClick={[Function]}
            onFocus={[Function]}
            onHoverIn={[Function]}
            onHoverOut={[Function]}
            onResponderGrant={[Function]}
            onResponderMove={[Function]}
            onResponderRelease={[Function]}
            onResponderTerminate={[Function]}
            onResponderTerminationRequest={[Function]}
            onStartShouldSetResponder={[Function]}
            style={
              Array [
                Object {},
              ]
            }
          >
            <Text
              color="#1a1b1c"
              fontFamily="body"
              fontSize={33.80850587417971}
              fontStyle="normal"
              fontWeight={600}
              numberOfLines={1}
              style={
                Array [
                  Object {
                    "color": "#1a1b1c",
                    "fontSize": 33.80850587417971,
                    "fontStyle": "normal",
                    "fontWeight": "600",
                    "textAlign": "center",
                  },
                ]
              }
              textAlign="center"
            >
              노래부르기
            </Text>
          </View>
        </View>
        <View
          style={
            Array [
              Object {},
            ]
          }
        />
        <View
          mr={57.69230769230769}
          style={
            Array [
              Object {
                "marginRight": 57.69230769230769,
              },
            ]
          }
        >
          <View
            accessible={true}
            collapsable={false}
            focusable={true}
            h={39.56109134045077}
            onBlur={[Function]}
            onClick={[Function]}
            onFocus={[Function]}
            onHoverIn={[Function]}
            onHoverOut={[Function]}
            onResponderGrant={[Function]}
            onResponderMove={[Function]}
            onResponderRelease={[Function]}
            onResponderTerminate={[Function]}
            onResponderTerminationRequest={[Function]}
            onStartShouldSetResponder={[Function]}
            style={
              Array [
                Object {
                  "height": 39.56109134045077,
                  "width": 48.07692307692307,
                },
              ]
            }
            w={48.07692307692307}
          >
            <Image
              accessibilityLabel=" "
              alt=" "
              maxWidth="100%"
              onError={[Function]}
              resizeMode="contain"
              size="100%"
              source={
                Object {
                  "testUri": "../../../src/Assets/Image/icon_home.png",
                }
              }
              style={
                Array [
                  Object {
                    "height": "100%",
                    "maxWidth": "100%",
                    "width": "100%",
                  },
                ]
              }
            />
          </View>
        </View>
      </View>
    </View>
    <View
      alignItems="center"
      style={
        Array [
          Object {
            "alignItems": "center",
          },
        ]
      }
    >
      <View
        style={
          Array [
            Object {
              "width": "80%",
            },
          ]
        }
        w="80%"
      >
        <View
          alignItems="center"
          display="flex"
          justifyContent="center"
          style={
            Array [
              Object {
                "alignItems": "center",
                "display": "flex",
                "justifyContent": "center",
              },
            ]
          }
        >
          <Text
            color="#1a1b1c"
            fontFamily="body"
            fontSize={20}
            fontStyle="normal"
            fontWeight="bold"
            numberOfLines={1}
            px={2}
            style={
              Array [
                Object {
                  "color": "#1a1b1c",
                  "fontSize": 20,
                  "fontStyle": "normal",
                  "fontWeight": "700",
                  "paddingLeft": 8,
                  "paddingRight": 8,
                },
              ]
            }
          />
          <Text
            color="muted.700"
            fontFamily="body"
            fontSize="md"
            fontStyle="normal"
            fontWeight={400}
            style={
              Array [
                Object {
                  "color": "#404040",
                  "fontSize": 16,
                  "fontStyle": "normal",
                  "fontWeight": "400",
                },
              ]
            }
          />
        </View>
        <View
          height={2}
          style={
            Array [
              Object {
                "height": 8,
              },
            ]
          }
        />
        <View
          flexDirection="row"
          justifyContent="center"
          p={2}
          style={
            Array [
              Object {
                "flexDirection": "row",
                "justifyContent": "center",
                "paddingBottom": 8,
                "paddingLeft": 8,
                "paddingRight": 8,
                "paddingTop": 8,
              },
            ]
          }
        >
          <Text
            color="#4be3ac"
            fontFamily="body"
            fontSize={17}
            fontStyle="normal"
            fontWeight="bold"
            numberOfLines={1}
            style={
              Array [
                Object {
                  "color": "#4be3ac",
                  "fontSize": 17,
                  "fontStyle": "normal",
                  "fontWeight": "700",
                },
              ]
            }
          >
            장르 :
          </Text>
          <View
            style={
              Array [
                Object {
                  "width": 40,
                },
              ]
            }
            width={10}
          />
          <Text
            color="#1a1b1c"
            fontFamily="body"
            fontSize={17}
            fontStyle="normal"
            fontWeight="bold"
            numberOfLines={1}
            style={
              Array [
                Object {
                  "color": "#1a1b1c",
                  "fontSize": 17,
                  "fontStyle": "normal",
                  "fontWeight": "700",
                },
              ]
            }
          />
        </View>
        <View
          height={2}
          style={
            Array [
              Object {
                "height": 8,
              },
            ]
          }
        />
        <View
          style={
            Array [
              Object {},
              Object {
                "height": 696.2752075919335,
                "shadowColor": "#858c9233",
                "shadowOffset": Object {
                  "height": 2,
                  "width": 0,
                },
                "shadowOpacity": 1,
                "shadowRadius": 4,
              },
            ]
          }
        >
          <View
            borderRadius={20}
            overflow="hidden"
            style={
              Array [
                Object {
                  "borderRadius": 20,
                  "overflow": "hidden",
                },
              ]
            }
          >
            <View
              accessibilityIgnoresInvertColors={true}
              style={
                Object {
                  "height": "100%",
                  "width": "100%",
                }
              }
            >
              <Image
                resizeMode="cover"
                source={
                  Object {
                    "testUri": "../../../src/Assets/Image/challenge/bg_lyricsView_glassbox.png",
                  }
                }
                style={
                  Array [
                    Object {
                      "bottom": 0,
                      "left": 0,
                      "position": "absolute",
                      "right": 0,
                      "top": 0,
                    },
                    Object {
                      "height": "100%",
                      "width": "100%",
                    },
                    undefined,
                  ]
                }
              />
              <View
                alignItems="center"
                display="flex"
                justifyContent="center"
                style={
                  Array [
                    Object {
                      "alignItems": "center",
                      "display": "flex",
                      "justifyContent": "center",
                    },
                  ]
                }
              >
                <View
                  bg="#fafafa80"
                  h={645.6370106761566}
                  my={5}
                  rounded={16}
                  style={
                    Array [
                      Object {
                        "backgroundColor": "#fafafa80",
                        "borderRadius": 16,
                        "height": 645.6370106761566,
                        "marginBottom": 20,
                        "marginTop": 20,
                        "width": 461.53846153846155,
                      },
                    ]
                  }
                  w={461.53846153846155}
                >
                  <TextInput
                    accessible={true}
                    allowFontScaling={true}
                    background="transparent"
                    borderColor="muted.200"
                    borderRadius="lg"
                    borderWidth={0}
                    color="black"
                    editable={false}
                    fontSize={13}
                    h="100%"
                    multiline={true}
                    numberOfLines={4}
                    onBlur={[Function]}
                    onFocus={[Function]}
                    onKeyPress={[Function]}
                    placeholderTextColor="#a3a3a3"
                    pt={2}
                    px={8}
                    py={2}
                    rejectResponderTermination={true}
                    secureTextEntry={false}
                    style={
                      Array [
                        Object {
                          "borderColor": "#e5e5e5",
                          "borderRadius": 6,
                          "borderWidth": 0,
                          "color": "#000000",
                          "fontSize": 13,
                          "height": "100%",
                          "paddingBottom": 8,
                          "paddingLeft": 32,
                          "paddingRight": 32,
                          "paddingTop": 8,
                          "textAlign": "center",
                        },
                      ]
                    }
                    textAlign="center"
                    underlineColorAndroid="transparent"
                    variant="outline"
                  />
                </View>
              </View>
            </View>
          </View>
        </View>
      </View>
      <View
        flexDirection="row"
        justifyContent="space-around"
        mt={4}
        style={
          Array [
            Object {
              "flexDirection": "row",
              "justifyContent": "space-around",
              "marginTop": 16,
            },
          ]
        }
      >
        <View
          accessible={true}
          collapsable={false}
          focusable={true}
          onBlur={[Function]}
          onClick={[Function]}
          onFocus={[Function]}
          onHoverIn={[Function]}
          onHoverOut={[Function]}
          onResponderGrant={[Function]}
          onResponderMove={[Function]}
          onResponderRelease={[Function]}
          onResponderTerminate={[Function]}
          onResponderTerminationRequest={[Function]}
          onStartShouldSetResponder={[Function]}
          style={
            Array [
              Object {},
              Object {
                "backgroundColor": "#0fefbd",
                "borderColor": "#0fefbd",
                "borderRadius": 6,
                "borderWidth": 0,
                "height": 63.29774614472123,
                "shadowColor": "#00000033",
                "shadowOffset": Object {
                  "height": 2,
                  "width": 0,
                },
                "shadowOpacity": 1,
                "shadowRadius": 4,
                "width": 230.76923076923077,
              },
            ]
          }
        >
          <View
            alignItems="center"
            flex={1}
            flexDirection="row"
            style={
              Array [
                Object {
                  "alignItems": "center",
                  "flexBasis": 0,
                  "flexDirection": "row",
                  "flexGrow": 1,
                  "flexShrink": 1,
                },
              ]
            }
          >
            <Image
              accessibilityLabel=" "
              alt=" "
              flex={1}
              left={2}
              maxWidth="100%"
              onError={[Function]}
              pl={4}
              position="absolute"
              resizeMode="contain"
              source={
                Object {
                  "testUri": "../../../src/Assets/Image/challenge/icon_challenge_x_white.png",
                }
              }
              style={
                Array [
                  Object {
                    "flexBasis": 0,
                    "flexGrow": 1,
                    "flexShrink": 1,
                    "left": 8,
                    "maxWidth": "100%",
                    "paddingLeft": 16,
                    "position": "absolute",
                  },
                  Object {
                    "height": 39.561091340450766,
                    "width": 39.561091340450766,
                  },
                ]
              }
            />
            <View
              style={
                Array [
                  Object {},
                ]
              }
            />
            <Text
              color="muted.700"
              flex={5}
              fontFamily="body"
              fontSize="md"
              fontStyle="normal"
              fontWeight={800}
              style={
                Array [
                  Object {
                    "color": "#404040",
                    "flexBasis": 0,
                    "flexGrow": 5,
                    "flexShrink": 1,
                    "fontSize": 16,
                    "fontStyle": "normal",
                    "fontWeight": "800",
                    "textAlign": "center",
                  },
                  Object {
                    "color": "#fafafa",
                    "fontSize": 25.85356331554919,
                  },
                ]
              }
              textAlign="center"
            >
              닫 기
            </Text>
          </View>
        </View>
        <View
          style={
            Array [
              Object {
                "width": 20,
              },
            ]
          }
          width={5}
        />
        <View
          accessible={true}
          collapsable={false}
          focusable={true}
          onBlur={[Function]}
          onClick={[Function]}
          onFocus={[Function]}
          onHoverIn={[Function]}
          onHoverOut={[Function]}
          onResponderGrant={[Function]}
          onResponderMove={[Function]}
          onResponderRelease={[Function]}
          onResponderTerminate={[Function]}
          onResponderTerminationRequest={[Function]}
          onStartShouldSetResponder={[Function]}
          style={
            Array [
              Object {},
              Object {
                "backgroundColor": "#0fefbd",
                "borderColor": "#0fefbd",
                "borderRadius": 6,
                "borderWidth": 0,
                "height": 63.29774614472123,
                "shadowColor": "#00000033",
                "shadowOffset": Object {
                  "height": 2,
                  "width": 0,
                },
                "shadowOpacity": 1,
                "shadowRadius": 4,
                "width": 230.76923076923077,
              },
            ]
          }
        >
          <View
            alignItems="center"
            flex={1}
            flexDirection="row"
            style={
              Array [
                Object {
                  "alignItems": "center",
                  "flexBasis": 0,
                  "flexDirection": "row",
                  "flexGrow": 1,
                  "flexShrink": 1,
                },
              ]
            }
          >
            <Image
              accessibilityLabel=" "
              alt=" "
              flex={1}
              left={2}
              maxWidth="100%"
              onError={[Function]}
              pl={4}
              position="absolute"
              resizeMode="contain"
              source={
                Object {
                  "testUri": "../../../src/Assets/Image/challenge/icon_challenge_check_white.png",
                }
              }
              style={
                Array [
                  Object {
                    "flexBasis": 0,
                    "flexGrow": 1,
                    "flexShrink": 1,
                    "left": 8,
                    "maxWidth": "100%",
                    "paddingLeft": 16,
                    "position": "absolute",
                  },
                  Object {
                    "height": 39.561091340450766,
                    "width": 39.561091340450766,
                  },
                ]
              }
            />
            <View
              style={
                Array [
                  Object {},
                ]
              }
            />
            <Text
              color="muted.700"
              flex={5}
              fontFamily="body"
              fontSize="md"
              fontStyle="normal"
              fontWeight={800}
              style={
                Array [
                  Object {
                    "color": "#404040",
                    "flexBasis": 0,
                    "flexGrow": 5,
                    "flexShrink": 1,
                    "fontSize": 16,
                    "fontStyle": "normal",
                    "fontWeight": "800",
                    "textAlign": "center",
                  },
                  Object {
                    "color": "#fafafa",
                    "fontSize": 25.85356331554919,
                  },
                ]
              }
              textAlign="center"
            >
              참 여
            </Text>
          </View>
        </View>
      </View>
    </View>
  </View>
</RNCSafeAreaProvider>
`;
