// Jest Snapshot v1, https://goo.gl/fbAQLP

exports[`[ChallengeComposing] Test ChallengeComposing snapshot 1`] = `
<RNCSafeAreaProvider
  onInsetsChange={[Function]}
  style={
    Array [
      Object {
        "flex": 1,
      },
      undefined,
    ]
  }
>
  <View
    flex={1}
    style={
      Array [
        Object {
          "flexBasis": 0,
          "flexGrow": 1,
          "flexShrink": 1,
        },
      ]
    }
  >
    <View
      mb={34.81376037959668}
      pt={5}
      style={
        Array [
          Object {
            "marginBottom": 34.81376037959668,
            "paddingTop": 20,
          },
        ]
      }
    >
      <BVLinearGradient
        colors={
          Array [
            4279234493,
            9763859,
          ]
        }
        endPoint={
          Object {
            "x": 0.5,
            "y": 1,
          }
        }
        locations={null}
        startPoint={
          Object {
            "x": 0.5,
            "y": 0,
          }
        }
        style={
          Object {
            "backgroundColor": "transparent",
            "flex": 1,
            "height": 240.53143534994066,
            "position": "absolute",
            "width": "100%",
          }
        }
      />
      <View
        alignItems="center"
        flexDirection="row"
        height={69.62752075919336}
        style={
          Array [
            Object {
              "alignItems": "center",
              "flexDirection": "row",
              "height": 69.62752075919336,
              "width": "100%",
            },
          ]
        }
        width="100%"
      >
        <View
          ml={57.69230769230769}
          style={
            Array [
              Object {
                "marginLeft": 57.69230769230769,
              },
            ]
          }
        >
          <View
            accessible={true}
            collapsable={false}
            focusable={true}
            h={39.56109134045077}
            onBlur={[Function]}
            onClick={[Function]}
            onFocus={[Function]}
            onHoverIn={[Function]}
            onHoverOut={[Function]}
            onResponderGrant={[Function]}
            onResponderMove={[Function]}
            onResponderRelease={[Function]}
            onResponderTerminate={[Function]}
            onResponderTerminationRequest={[Function]}
            onStartShouldSetResponder={[Function]}
            style={
              Array [
                Object {
                  "height": 39.56109134045077,
                  "width": 48.07692307692307,
                },
              ]
            }
            w={48.07692307692307}
          >
            <Image
              accessibilityLabel=" "
              alt=" "
              maxWidth="100%"
              onError={[Function]}
              resizeMode="contain"
              size="100%"
              source={
                Object {
                  "testUri": "../../../src/Assets/Image/icon_main_left_arrow.png",
                }
              }
              style={
                Array [
                  Object {
                    "height": "100%",
                    "maxWidth": "100%",
                    "width": "100%",
                  },
                ]
              }
            />
          </View>
        </View>
        <View
          style={
            Array [
              Object {},
            ]
          }
        />
        <View
          alignItems="center"
          display="flex"
          flex={1}
          justifyContent="center"
          style={
            Array [
              Object {
                "alignItems": "center",
                "display": "flex",
                "flexBasis": 0,
                "flexGrow": 1,
                "flexShrink": 1,
                "justifyContent": "center",
              },
            ]
          }
        >
          <View
            accessible={true}
            collapsable={false}
            focusable={true}
            onBlur={[Function]}
            onClick={[Function]}
            onFocus={[Function]}
            onHoverIn={[Function]}
            onHoverOut={[Function]}
            onResponderGrant={[Function]}
            onResponderMove={[Function]}
            onResponderRelease={[Function]}
            onResponderTerminate={[Function]}
            onResponderTerminationRequest={[Function]}
            onStartShouldSetResponder={[Function]}
            style={
              Array [
                Object {},
              ]
            }
          >
            <Text
              color="#1a1b1c"
              fontFamily="body"
              fontSize={33.80850587417971}
              fontStyle="normal"
              fontWeight={600}
              numberOfLines={1}
              style={
                Array [
                  Object {
                    "color": "#1a1b1c",
                    "fontSize": 33.80850587417971,
                    "fontStyle": "normal",
                    "fontWeight": "600",
                    "textAlign": "center",
                  },
                ]
              }
              textAlign="center"
            >
              연주 참여
            </Text>
          </View>
        </View>
        <View
          style={
            Array [
              Object {},
            ]
          }
        />
        <View
          mr={57.69230769230769}
          style={
            Array [
              Object {
                "marginRight": 57.69230769230769,
              },
            ]
          }
        >
          <View
            accessible={true}
            collapsable={false}
            focusable={true}
            h={39.56109134045077}
            onBlur={[Function]}
            onClick={[Function]}
            onFocus={[Function]}
            onHoverIn={[Function]}
            onHoverOut={[Function]}
            onResponderGrant={[Function]}
            onResponderMove={[Function]}
            onResponderRelease={[Function]}
            onResponderTerminate={[Function]}
            onResponderTerminationRequest={[Function]}
            onStartShouldSetResponder={[Function]}
            style={
              Array [
                Object {
                  "height": 39.56109134045077,
                  "width": 48.07692307692307,
                },
              ]
            }
            w={48.07692307692307}
          >
            <Image
              accessibilityLabel=" "
              alt=" "
              maxWidth="100%"
              onError={[Function]}
              resizeMode="contain"
              size="100%"
              source={
                Object {
                  "testUri": "../../../src/Assets/Image/icon_home.png",
                }
              }
              style={
                Array [
                  Object {
                    "height": "100%",
                    "maxWidth": "100%",
                    "width": "100%",
                  },
                ]
              }
            />
          </View>
        </View>
      </View>
    </View>
    <RCTScrollView
      contentContainerStyle={Object {}}
      style={
        Array [
          Object {},
        ]
      }
    >
      <View>
        <View
          alignItems="center"
          my={3}
          style={
            Array [
              Object {
                "alignItems": "center",
                "marginBottom": 12,
                "marginTop": 12,
              },
            ]
          }
        >
          <View
            _text={
              Object {
                "color": "darkText",
              }
            }
            accessible={true}
            alignItems="center"
            backgroundColor="#0fefbd"
            collapsable={false}
            focusable={true}
            height={63.29774614472123}
            justifyContent="center"
            mb={1}
            onBlur={[Function]}
            onClick={[Function]}
            onFocus={[Function]}
            onHoverIn={[Function]}
            onHoverOut={[Function]}
            onResponderGrant={[Function]}
            onResponderMove={[Function]}
            onResponderRelease={[Function]}
            onResponderTerminate={[Function]}
            onResponderTerminationRequest={[Function]}
            onStartShouldSetResponder={[Function]}
            rounded={8}
            style={
              Array [
                Object {
                  "alignItems": "center",
                  "backgroundColor": "#0fefbd",
                  "borderRadius": 8,
                  "height": 63.29774614472123,
                  "justifyContent": "center",
                  "marginBottom": 4,
                  "width": 423.0769230769231,
                },
              ]
            }
            width={423.0769230769231}
          >
            <Text
              color="white"
              fontFamily="body"
              fontSize={35.79724151383734}
              fontStyle="normal"
              fontWeight={600}
              style={
                Array [
                  Object {
                    "color": "#FFFFFF",
                    "fontSize": 35.79724151383734,
                    "fontStyle": "normal",
                    "fontWeight": "600",
                  },
                ]
              }
            >
              MY CHALLENGE
            </Text>
          </View>
          <Text
            color="#a5a8ae"
            fontFamily="body"
            fontSize={35.79724151383734}
            fontStyle="normal"
            fontWeight="bold"
            my={1}
            style={
              Array [
                Object {
                  "color": "#a5a8ae",
                  "fontSize": 35.79724151383734,
                  "fontStyle": "normal",
                  "fontWeight": "700",
                  "marginBottom": 4,
                  "marginTop": 4,
                },
              ]
            }
          >
            AI가 만든 음악을 편곡해보세요.
          </Text>
        </View>
        <View
          style={
            Array [
              Object {},
            ]
          }
        >
          <View
            flexDirection="row"
            justifyContent="center"
            style={
              Array [
                Object {
                  "flexDirection": "row",
                  "justifyContent": "center",
                },
              ]
            }
          >
            <View
              style={
                Array [
                  Object {},
                  Object {
                    "shadowColor": "#00000080",
                    "shadowOffset": Object {
                      "height": 1,
                      "width": 1,
                    },
                    "shadowOpacity": 1,
                    "shadowRadius": 3,
                  },
                ]
              }
            >
              <View
                _text={
                  Object {
                    "color": "darkText",
                  }
                }
                accessible={true}
                backgroundColor="#aaaaaa"
                collapsable={false}
                focusable={true}
                height={205.717674970344}
                onBlur={[Function]}
                onClick={[Function]}
                onFocus={[Function]}
                onHoverIn={[Function]}
                onHoverOut={[Function]}
                onResponderGrant={[Function]}
                onResponderMove={[Function]}
                onResponderRelease={[Function]}
                onResponderTerminate={[Function]}
                onResponderTerminationRequest={[Function]}
                onStartShouldSetResponder={[Function]}
                overflow="hidden"
                rounded={4}
                style={
                  Array [
                    Object {
                      "backgroundColor": "#aaaaaa",
                      "borderRadius": 4,
                      "height": 205.717674970344,
                      "overflow": "hidden",
                      "width": 286.53846153846155,
                    },
                  ]
                }
                width={286.53846153846155}
              >
                <View
                  accessibilityIgnoresInvertColors={true}
                  style={
                    Object {
                      "alignItems": "center",
                      "height": "100%",
                      "justifyContent": "center",
                      "width": "100%",
                    }
                  }
                >
                  <Image
                    source={
                      Object {
                        "testUri": "../../../src/Assets/Image/challenge/bg_challenge_ai_1.jpg",
                      }
                    }
                    style={
                      Array [
                        Object {
                          "bottom": 0,
                          "left": 0,
                          "position": "absolute",
                          "right": 0,
                          "top": 0,
                        },
                        Object {
                          "height": "100%",
                          "width": "100%",
                        },
                        undefined,
                      ]
                    }
                  />
                  <View
                    style={
                      Array [
                        Object {},
                        Object {
                          "height": 172.48635824436536,
                          "justifyContent": "center",
                          "width": 240.38461538461536,
                        },
                      ]
                    }
                  >
                    <Text
                      color="#fafafa"
                      fontFamily="body"
                      fontSize={31.819770234522082}
                      fontStyle="normal"
                      fontWeight={500}
                      style={
                        Array [
                          Object {
                            "color": "#fafafa",
                            "fontSize": 31.819770234522082,
                            "fontStyle": "normal",
                            "fontWeight": "500",
                            "textAlign": "center",
                          },
                        ]
                      }
                      textAlign="center"
                    >
                      Innocent
                    </Text>
                  </View>
                </View>
              </View>
            </View>
            <View
              style={
                Array [
                  Object {
                    "width": 22,
                  },
                ]
              }
              width={22}
            />
            <View
              style={
                Array [
                  Object {},
                  Object {
                    "shadowColor": "#00000080",
                    "shadowOffset": Object {
                      "height": 1,
                      "width": 1,
                    },
                    "shadowOpacity": 1,
                    "shadowRadius": 3,
                  },
                ]
              }
            >
              <View
                _text={
                  Object {
                    "color": "darkText",
                  }
                }
                accessible={true}
                backgroundColor="#aaaaaa"
                collapsable={false}
                focusable={true}
                height={205.717674970344}
                onBlur={[Function]}
                onClick={[Function]}
                onFocus={[Function]}
                onHoverIn={[Function]}
                onHoverOut={[Function]}
                onResponderGrant={[Function]}
                onResponderMove={[Function]}
                onResponderRelease={[Function]}
                onResponderTerminate={[Function]}
                onResponderTerminationRequest={[Function]}
                onStartShouldSetResponder={[Function]}
                overflow="hidden"
                rounded={4}
                style={
                  Array [
                    Object {
                      "backgroundColor": "#aaaaaa",
                      "borderRadius": 4,
                      "height": 205.717674970344,
                      "overflow": "hidden",
                      "width": 286.53846153846155,
                    },
                  ]
                }
                width={286.53846153846155}
              >
                <View
                  accessibilityIgnoresInvertColors={true}
                  style={
                    Object {
                      "alignItems": "center",
                      "height": "100%",
                      "justifyContent": "center",
                      "width": "100%",
                    }
                  }
                >
                  <Image
                    source={
                      Object {
                        "testUri": "../../../src/Assets/Image/challenge/bg_challenge_ai_1.jpg",
                      }
                    }
                    style={
                      Array [
                        Object {
                          "bottom": 0,
                          "left": 0,
                          "position": "absolute",
                          "right": 0,
                          "top": 0,
                        },
                        Object {
                          "height": "100%",
                          "width": "100%",
                        },
                        undefined,
                      ]
                    }
                  />
                  <View
                    style={
                      Array [
                        Object {},
                        Object {
                          "height": 172.48635824436536,
                          "justifyContent": "center",
                          "width": 240.38461538461536,
                        },
                      ]
                    }
                  >
                    <Text
                      color="#fafafa"
                      fontFamily="body"
                      fontSize={31.819770234522082}
                      fontStyle="normal"
                      fontWeight={500}
                      style={
                        Array [
                          Object {
                            "color": "#fafafa",
                            "fontSize": 31.819770234522082,
                            "fontStyle": "normal",
                            "fontWeight": "500",
                            "textAlign": "center",
                          },
                        ]
                      }
                      textAlign="center"
                    >
                      Innocent
                    </Text>
                  </View>
                </View>
              </View>
            </View>
          </View>
        </View>
      </View>
    </RCTScrollView>
  </View>
</RNCSafeAreaProvider>
`;
