// Jest Snapshot v1, https://goo.gl/fbAQLP

exports[`[ChallengeListening] Test ChallengeListening snapshot 1`] = `
<RNCSafeAreaProvider
  onInsetsChange={[Function]}
  style={
    Array [
      Object {
        "flex": 1,
      },
      undefined,
    ]
  }
>
  <View
    flex={1}
    style={
      Array [
        Object {
          "flexBasis": 0,
          "flexGrow": 1,
          "flexShrink": 1,
        },
      ]
    }
  >
    <View
      mb={22.15421115065243}
      pt={2}
      style={
        Array [
          Object {
            "marginBottom": 22.15421115065243,
            "paddingTop": 8,
          },
        ]
      }
    >
      <BVLinearGradient
        colors={
          Array [
            4279234493,
            9763859,
          ]
        }
        endPoint={
          Object {
            "x": 0.5,
            "y": 1,
          }
        }
        locations={null}
        startPoint={
          Object {
            "x": 0.5,
            "y": 0,
          }
        }
        style={
          Object {
            "backgroundColor": "transparent",
            "flex": 1,
            "height": 240.53143534994066,
            "position": "absolute",
            "width": "100%",
          }
        }
      />
      <View
        alignItems="center"
        flexDirection="row"
        height={69.62752075919336}
        style={
          Array [
            Object {
              "alignItems": "center",
              "flexDirection": "row",
              "height": 69.62752075919336,
              "width": "100%",
            },
          ]
        }
        width="100%"
      >
        <View
          ml={57.69230769230769}
          style={
            Array [
              Object {
                "marginLeft": 57.69230769230769,
              },
            ]
          }
        >
          <View
            accessible={true}
            collapsable={false}
            focusable={true}
            h={39.56109134045077}
            onBlur={[Function]}
            onClick={[Function]}
            onFocus={[Function]}
            onHoverIn={[Function]}
            onHoverOut={[Function]}
            onResponderGrant={[Function]}
            onResponderMove={[Function]}
            onResponderRelease={[Function]}
            onResponderTerminate={[Function]}
            onResponderTerminationRequest={[Function]}
            onStartShouldSetResponder={[Function]}
            style={
              Array [
                Object {
                  "height": 39.56109134045077,
                  "width": 48.07692307692307,
                },
              ]
            }
            w={48.07692307692307}
          >
            <Image
              accessibilityLabel=" "
              alt=" "
              maxWidth="100%"
              onError={[Function]}
              resizeMode="contain"
              size="100%"
              source={
                Object {
                  "testUri": "../../../src/Assets/Image/icon_main_left_arrow.png",
                }
              }
              style={
                Array [
                  Object {
                    "height": "100%",
                    "maxWidth": "100%",
                    "width": "100%",
                  },
                ]
              }
            />
          </View>
        </View>
        <View
          style={
            Array [
              Object {},
            ]
          }
        />
        <View
          alignItems="center"
          display="flex"
          flex={1}
          justifyContent="center"
          style={
            Array [
              Object {
                "alignItems": "center",
                "display": "flex",
                "flexBasis": 0,
                "flexGrow": 1,
                "flexShrink": 1,
                "justifyContent": "center",
              },
            ]
          }
        >
          <View
            accessible={true}
            collapsable={false}
            focusable={true}
            onBlur={[Function]}
            onClick={[Function]}
            onFocus={[Function]}
            onHoverIn={[Function]}
            onHoverOut={[Function]}
            onResponderGrant={[Function]}
            onResponderMove={[Function]}
            onResponderRelease={[Function]}
            onResponderTerminate={[Function]}
            onResponderTerminationRequest={[Function]}
            onStartShouldSetResponder={[Function]}
            style={
              Array [
                Object {},
              ]
            }
          >
            <Text
              color="#1a1b1c"
              fontFamily="body"
              fontSize={33.80850587417971}
              fontStyle="normal"
              fontWeight={600}
              numberOfLines={1}
              style={
                Array [
                  Object {
                    "color": "#1a1b1c",
                    "fontSize": 33.80850587417971,
                    "fontStyle": "normal",
                    "fontWeight": "600",
                    "textAlign": "center",
                  },
                ]
              }
              textAlign="center"
            >
              노래부르기
            </Text>
          </View>
        </View>
        <View
          style={
            Array [
              Object {},
            ]
          }
        />
        <View
          mr={57.69230769230769}
          style={
            Array [
              Object {
                "marginRight": 57.69230769230769,
              },
            ]
          }
        >
          <View
            accessible={true}
            collapsable={false}
            focusable={true}
            h={39.56109134045077}
            onBlur={[Function]}
            onClick={[Function]}
            onFocus={[Function]}
            onHoverIn={[Function]}
            onHoverOut={[Function]}
            onResponderGrant={[Function]}
            onResponderMove={[Function]}
            onResponderRelease={[Function]}
            onResponderTerminate={[Function]}
            onResponderTerminationRequest={[Function]}
            onStartShouldSetResponder={[Function]}
            style={
              Array [
                Object {
                  "height": 39.56109134045077,
                  "width": 48.07692307692307,
                },
              ]
            }
            w={48.07692307692307}
          >
            <Image
              accessibilityLabel=" "
              alt=" "
              maxWidth="100%"
              onError={[Function]}
              resizeMode="contain"
              size="100%"
              source={
                Object {
                  "testUri": "../../../src/Assets/Image/icon_home.png",
                }
              }
              style={
                Array [
                  Object {
                    "height": "100%",
                    "maxWidth": "100%",
                    "width": "100%",
                  },
                ]
              }
            />
          </View>
        </View>
      </View>
    </View>
    <View
      alignItems="center"
      style={
        Array [
          Object {
            "alignItems": "center",
          },
        ]
      }
    >
      <View
        style={
          Array [
            Object {
              "width": 663.4615384615385,
            },
          ]
        }
        w={663.4615384615385}
      >
        <View
          alignItems="center"
          display="flex"
          justifyContent="center"
          style={
            Array [
              Object {
                "alignItems": "center",
                "display": "flex",
                "justifyContent": "center",
              },
            ]
          }
        >
          <Text
            color="#1a1b1c"
            fontFamily="body"
            fontSize={39.77471279315261}
            fontStyle="normal"
            fontWeight="bold"
            numberOfLines={1}
            px={2}
            style={
              Array [
                Object {
                  "color": "#1a1b1c",
                  "fontSize": 39.77471279315261,
                  "fontStyle": "normal",
                  "fontWeight": "700",
                  "paddingLeft": 8,
                  "paddingRight": 8,
                },
              ]
            }
          >
            
          </Text>
          <Text
            color="muted.700"
            fontFamily="body"
            fontSize="md"
            fontStyle="normal"
            fontWeight={400}
            style={
              Array [
                Object {
                  "color": "#404040",
                  "fontSize": 16,
                  "fontStyle": "normal",
                  "fontWeight": "400",
                },
              ]
            }
          />
        </View>
        <View
          height={2}
          style={
            Array [
              Object {
                "height": 8,
              },
            ]
          }
        />
        <View
          flexDirection="row"
          justifyContent="center"
          p={2}
          style={
            Array [
              Object {
                "flexDirection": "row",
                "justifyContent": "center",
                "paddingBottom": 8,
                "paddingLeft": 8,
                "paddingRight": 8,
                "paddingTop": 8,
              },
            ]
          }
        >
          <View
            flexDirection="row"
            style={
              Array [
                Object {
                  "flexDirection": "row",
                },
              ]
            }
          >
            <Text
              color="#4be3ac"
              fontFamily="body"
              fontSize={33.80850587417971}
              fontStyle="normal"
              fontWeight="bold"
              style={
                Array [
                  Object {
                    "color": "#4be3ac",
                    "fontSize": 33.80850587417971,
                    "fontStyle": "normal",
                    "fontWeight": "700",
                  },
                ]
              }
            >
              장르 :
            </Text>
            <View
              style={
                Array [
                  Object {},
                ]
              }
            />
            <Text
              color="#1a1b1c"
              fontFamily="body"
              fontSize={33.80850587417971}
              fontStyle="normal"
              fontWeight="bold"
              style={
                Array [
                  Object {
                    "color": "#1a1b1c",
                    "fontSize": 33.80850587417971,
                    "fontStyle": "normal",
                    "fontWeight": "700",
                  },
                ]
              }
            >
              
            </Text>
          </View>
        </View>
        <View
          height={2}
          style={
            Array [
              Object {
                "height": 8,
              },
            ]
          }
        />
        <View
          style={
            Array [
              Object {},
              Object {
                "height": 696.2752075919335,
                "shadowColor": "#858c9233",
                "shadowOffset": Object {
                  "height": 2,
                  "width": 0,
                },
                "shadowOpacity": 1,
                "shadowRadius": 4,
              },
            ]
          }
        >
          <View
            borderRadius={20}
            overflow="hidden"
            style={
              Array [
                Object {
                  "borderRadius": 20,
                  "overflow": "hidden",
                },
              ]
            }
          >
            <View
              alignItems="center"
              backgroundColor="#f9f9f9"
              display="flex"
              h="100%"
              justifyContent="center"
              style={
                Array [
                  Object {
                    "alignItems": "center",
                    "backgroundColor": "#f9f9f9",
                    "display": "flex",
                    "height": "100%",
                    "justifyContent": "center",
                    "width": "100%",
                  },
                ]
              }
              w="100%"
            >
              <View
                mt={5}
                overflow="hidden"
                rounded={8}
                style={
                  Array [
                    Object {
                      "borderRadius": 8,
                      "marginTop": 20,
                      "overflow": "hidden",
                    },
                    Object {
                      "height": 297.4994068801898,
                      "width": 401.9230769230769,
                    },
                  ]
                }
              >
                <View
                  accessibilityIgnoresInvertColors={true}
                  style={
                    Object {
                      "height": "100%",
                      "width": "100%",
                    }
                  }
                >
                  <Image
                    alt=" "
                    resizeMode="cover"
                    source={
                      Object {
                        "testUri": "../../../src/Assets/Image/image_singing_dumpimage.jpg",
                      }
                    }
                    style={
                      Array [
                        Object {
                          "bottom": 0,
                          "left": 0,
                          "position": "absolute",
                          "right": 0,
                          "top": 0,
                        },
                        Object {
                          "height": "100%",
                          "width": "100%",
                        },
                        undefined,
                      ]
                    }
                  />
                </View>
              </View>
              <View
                flexDirection="row"
                style={
                  Array [
                    Object {
                      "flexDirection": "row",
                    },
                    Object {
                      "justifyContent": "space-between",
                      "width": 401.9230769230769,
                    },
                  ]
                }
              >
                <Text
                  color="#0fefbd"
                  fontFamily="body"
                  fontSize={23.864827675891565}
                  fontStyle="normal"
                  fontWeight={500}
                  style={
                    Array [
                      Object {
                        "color": "#0fefbd",
                        "fontSize": 23.864827675891565,
                        "fontStyle": "normal",
                        "fontWeight": "500",
                      },
                    ]
                  }
                >
                  00:00
                </Text>
                <View
                  style={
                    Array [
                      Object {},
                    ]
                  }
                />
                <Text
                  color="#0fefbd"
                  fontFamily="body"
                  fontSize={23.864827675891565}
                  fontStyle="normal"
                  fontWeight={500}
                  style={
                    Array [
                      Object {
                        "color": "#0fefbd",
                        "fontSize": 23.864827675891565,
                        "fontStyle": "normal",
                        "fontWeight": "500",
                      },
                    ]
                  }
                >
                  00:00
                </Text>
              </View>
              <View
                alignItems="center"
                display="flex"
                justifyContent="center"
                style={
                  Array [
                    Object {
                      "alignItems": "center",
                      "display": "flex",
                      "justifyContent": "center",
                    },
                  ]
                }
              >
                <View
                  accessible={true}
                  collapsable={false}
                  focusable={true}
                  onBlur={[Function]}
                  onClick={[Function]}
                  onFocus={[Function]}
                  onHoverIn={[Function]}
                  onHoverOut={[Function]}
                  onResponderGrant={[Function]}
                  onResponderMove={[Function]}
                  onResponderRelease={[Function]}
                  onResponderTerminate={[Function]}
                  onResponderTerminationRequest={[Function]}
                  onStartShouldSetResponder={[Function]}
                  style={
                    Array [
                      Object {},
                      Object {
                        "backgroundColor": "#0fefbd",
                        "borderColor": "#0fefbd",
                        "borderRadius": 8,
                        "borderWidth": 0,
                        "height": 76.92307692307692,
                        "shadowColor": "#8799a45b",
                        "shadowOffset": Object {
                          "height": 2,
                          "width": 0,
                        },
                        "shadowOpacity": 1,
                        "shadowRadius": 4,
                        "width": 423.0769230769231,
                      },
                    ]
                  }
                >
                  <View
                    alignItems="center"
                    flex={1}
                    flexDirection="row"
                    style={
                      Array [
                        Object {
                          "alignItems": "center",
                          "flexBasis": 0,
                          "flexDirection": "row",
                          "flexGrow": 1,
                          "flexShrink": 1,
                        },
                      ]
                    }
                  >
                    <Image
                      accessibilityLabel=" "
                      alt=" "
                      flex={1}
                      maxHeight="90%"
                      maxWidth="100%"
                      ml={1}
                      onError={[Function]}
                      pl={2}
                      resizeMode="contain"
                      source={
                        Object {
                          "testUri": "../../../src/Assets/Image/challenge/icon_challenge_headphones_white.png",
                        }
                      }
                      style={
                        Array [
                          Object {
                            "flexBasis": 0,
                            "flexGrow": 1,
                            "flexShrink": 1,
                            "marginLeft": 4,
                            "maxHeight": "90%",
                            "maxWidth": "100%",
                            "paddingLeft": 8,
                          },
                        ]
                      }
                    />
                    <View
                      style={
                        Array [
                          Object {},
                        ]
                      }
                    />
                    <Text
                      color="muted.700"
                      flex={6}
                      fontFamily="body"
                      fontSize="md"
                      fontStyle="normal"
                      fontWeight={600}
                      style={
                        Array [
                          Object {
                            "color": "#404040",
                            "flexBasis": 0,
                            "flexGrow": 6,
                            "flexShrink": 1,
                            "fontSize": 16,
                            "fontStyle": "normal",
                            "fontWeight": "600",
                            "textAlign": "center",
                          },
                          Object {
                            "color": "#fafafa",
                            "fontSize": 35.79724151383734,
                          },
                        ]
                      }
                      textAlign="center"
                    >
                      15초 듣기
                    </Text>
                  </View>
                </View>
                <View
                  bg="#fafafa80"
                  my={2}
                  rounded={16}
                  style={
                    Array [
                      Object {
                        "backgroundColor": "#fafafa80",
                        "borderRadius": 16,
                        "marginBottom": 8,
                        "marginTop": 8,
                      },
                      Object {
                        "height": 215.2123368920522,
                        "width": 461.53846153846155,
                      },
                    ]
                  }
                >
                  <TextInput
                    accessible={true}
                    allowFontScaling={true}
                    background="transparent"
                    borderColor="muted.200"
                    borderRadius="lg"
                    borderWidth={0}
                    color="black"
                    editable={false}
                    fontSize={25.85356331554919}
                    h="100%"
                    multiline={true}
                    numberOfLines={4}
                    onBlur={[Function]}
                    onFocus={[Function]}
                    onKeyPress={[Function]}
                    placeholderTextColor="#a3a3a3"
                    pt={2}
                    px={8}
                    py={2}
                    rejectResponderTermination={true}
                    secureTextEntry={false}
                    style={
                      Array [
                        Object {
                          "borderColor": "#e5e5e5",
                          "borderRadius": 6,
                          "borderWidth": 0,
                          "color": "#000000",
                          "fontSize": 25.85356331554919,
                          "height": "100%",
                          "paddingBottom": 8,
                          "paddingLeft": 32,
                          "paddingRight": 32,
                          "paddingTop": 8,
                          "textAlign": "center",
                        },
                      ]
                    }
                    textAlign="center"
                    underlineColorAndroid="transparent"
                    variant="outline"
                  >
                    
                  </TextInput>
                </View>
              </View>
            </View>
          </View>
        </View>
        <View
          height={2}
          style={
            Array [
              Object {
                "height": 8,
              },
            ]
          }
        />
        <View
          flexDirection="row"
          justifyContent="space-around"
          mt={4}
          style={
            Array [
              Object {
                "flexDirection": "row",
                "justifyContent": "space-around",
                "marginTop": 16,
              },
            ]
          }
        >
          <View
            accessible={true}
            collapsable={false}
            focusable={true}
            onBlur={[Function]}
            onClick={[Function]}
            onFocus={[Function]}
            onHoverIn={[Function]}
            onHoverOut={[Function]}
            onResponderGrant={[Function]}
            onResponderMove={[Function]}
            onResponderRelease={[Function]}
            onResponderTerminate={[Function]}
            onResponderTerminationRequest={[Function]}
            onStartShouldSetResponder={[Function]}
            style={
              Array [
                Object {},
                Object {
                  "backgroundColor": "#0fefbd",
                  "borderColor": "#0fefbd",
                  "borderRadius": 6,
                  "borderWidth": 0,
                  "height": 76.92307692307692,
                  "shadowColor": "#8799a45b",
                  "shadowOffset": Object {
                    "height": 2,
                    "width": 0,
                  },
                  "shadowOpacity": 1,
                  "shadowRadius": 4,
                  "width": 230.76923076923077,
                },
              ]
            }
          >
            <View
              alignItems="center"
              flex={1}
              flexDirection="row"
              style={
                Array [
                  Object {
                    "alignItems": "center",
                    "flexBasis": 0,
                    "flexDirection": "row",
                    "flexGrow": 1,
                    "flexShrink": 1,
                  },
                ]
              }
            >
              <Image
                accessibilityLabel=" "
                alt=" "
                flex={1}
                maxHeight="90%"
                maxWidth="100%"
                ml={1}
                onError={[Function]}
                pl={2}
                resizeMode="contain"
                source={
                  Object {
                    "testUri": "../../../src/Assets/Image/challenge/icon_challenge_x_white.png",
                  }
                }
                style={
                  Array [
                    Object {
                      "flexBasis": 0,
                      "flexGrow": 1,
                      "flexShrink": 1,
                      "marginLeft": 4,
                      "maxHeight": "90%",
                      "maxWidth": "100%",
                      "paddingLeft": 8,
                    },
                  ]
                }
              />
              <View
                style={
                  Array [
                    Object {},
                  ]
                }
              />
              <Text
                color="muted.700"
                flex={6}
                fontFamily="body"
                fontSize="md"
                fontStyle="normal"
                fontWeight={800}
                style={
                  Array [
                    Object {
                      "color": "#404040",
                      "flexBasis": 0,
                      "flexGrow": 6,
                      "flexShrink": 1,
                      "fontSize": 16,
                      "fontStyle": "normal",
                      "fontWeight": "800",
                      "textAlign": "center",
                    },
                    Object {
                      "color": "#fafafa",
                      "fontSize": 25.85356331554919,
                    },
                  ]
                }
                textAlign="center"
              >
                닫기
              </Text>
            </View>
          </View>
          <View
            style={
              Array [
                Object {
                  "width": 20,
                },
              ]
            }
            width={5}
          />
          <View
            accessible={true}
            collapsable={false}
            focusable={true}
            onBlur={[Function]}
            onClick={[Function]}
            onFocus={[Function]}
            onHoverIn={[Function]}
            onHoverOut={[Function]}
            onResponderGrant={[Function]}
            onResponderMove={[Function]}
            onResponderRelease={[Function]}
            onResponderTerminate={[Function]}
            onResponderTerminationRequest={[Function]}
            onStartShouldSetResponder={[Function]}
            style={
              Array [
                Object {},
                Object {
                  "backgroundColor": "#0fefbd",
                  "borderColor": "#0fefbd",
                  "borderRadius": 6,
                  "borderWidth": 0,
                  "height": 76.92307692307692,
                  "shadowColor": "#8799a45b",
                  "shadowOffset": Object {
                    "height": 2,
                    "width": 0,
                  },
                  "shadowOpacity": 1,
                  "shadowRadius": 4,
                  "width": 230.76923076923077,
                },
              ]
            }
          >
            <View
              alignItems="center"
              flex={1}
              flexDirection="row"
              style={
                Array [
                  Object {
                    "alignItems": "center",
                    "flexBasis": 0,
                    "flexDirection": "row",
                    "flexGrow": 1,
                    "flexShrink": 1,
                  },
                ]
              }
            >
              <Image
                accessibilityLabel=" "
                alt=" "
                flex={1}
                maxHeight="90%"
                maxWidth="100%"
                ml={1}
                onError={[Function]}
                pl={2}
                resizeMode="contain"
                source={
                  Object {
                    "testUri": "../../../src/Assets/Image/challenge/icon_challenge_check_white.png",
                  }
                }
                style={
                  Array [
                    Object {
                      "flexBasis": 0,
                      "flexGrow": 1,
                      "flexShrink": 1,
                      "marginLeft": 4,
                      "maxHeight": "90%",
                      "maxWidth": "100%",
                      "paddingLeft": 8,
                    },
                  ]
                }
              />
              <View
                style={
                  Array [
                    Object {},
                  ]
                }
              />
              <Text
                color="muted.700"
                flex={6}
                fontFamily="body"
                fontSize="md"
                fontStyle="normal"
                fontWeight={800}
                style={
                  Array [
                    Object {
                      "color": "#404040",
                      "flexBasis": 0,
                      "flexGrow": 6,
                      "flexShrink": 1,
                      "fontSize": 16,
                      "fontStyle": "normal",
                      "fontWeight": "800",
                      "textAlign": "center",
                    },
                    Object {
                      "color": "#fafafa",
                      "fontSize": 25.85356331554919,
                    },
                  ]
                }
                textAlign="center"
              >
                참여
              </Text>
            </View>
          </View>
        </View>
      </View>
    </View>
  </View>
</RNCSafeAreaProvider>
`;
