// Jest Snapshot v1, https://goo.gl/fbAQLP

exports[`[ChallengeEnjoy] Test ChallengeEnjoy snapshot 1`] = `
<RNCSafeAreaProvider
  onInsetsChange={[Function]}
  style={
    Array [
      Object {
        "flex": 1,
      },
      undefined,
    ]
  }
>
  <View
    flex={1}
    style={
      Array [
        Object {
          "flexBasis": 0,
          "flexGrow": 1,
          "flexShrink": 1,
        },
      ]
    }
  >
    <View
      mb={22.15421115065243}
      pt={2}
      style={
        Array [
          Object {
            "marginBottom": 22.15421115065243,
            "paddingTop": 8,
          },
        ]
      }
    >
      <BVLinearGradient
        colors={
          Array [
            4279234493,
            9763859,
          ]
        }
        endPoint={
          Object {
            "x": 0.5,
            "y": 1,
          }
        }
        locations={null}
        startPoint={
          Object {
            "x": 0.5,
            "y": 0,
          }
        }
        style={
          Object {
            "backgroundColor": "transparent",
            "flex": 1,
            "height": 240.53143534994066,
            "position": "absolute",
            "width": "100%",
          }
        }
      />
      <View
        alignItems="center"
        flexDirection="row"
        height={69.62752075919336}
        style={
          Array [
            Object {
              "alignItems": "center",
              "flexDirection": "row",
              "height": 69.62752075919336,
              "width": "100%",
            },
          ]
        }
        width="100%"
      >
        <View
          ml={57.69230769230769}
          style={
            Array [
              Object {
                "marginLeft": 57.69230769230769,
              },
            ]
          }
        >
          <View
            accessible={true}
            collapsable={false}
            focusable={true}
            h={39.56109134045077}
            onBlur={[Function]}
            onClick={[Function]}
            onFocus={[Function]}
            onHoverIn={[Function]}
            onHoverOut={[Function]}
            onResponderGrant={[Function]}
            onResponderMove={[Function]}
            onResponderRelease={[Function]}
            onResponderTerminate={[Function]}
            onResponderTerminationRequest={[Function]}
            onStartShouldSetResponder={[Function]}
            style={
              Array [
                Object {
                  "height": 39.56109134045077,
                  "width": 48.07692307692307,
                },
              ]
            }
            w={48.07692307692307}
          >
            <Image
              accessibilityLabel=" "
              alt=" "
              maxWidth="100%"
              onError={[Function]}
              resizeMode="contain"
              size="100%"
              source={
                Object {
                  "testUri": "../../../src/Assets/Image/icon_main_left_arrow.png",
                }
              }
              style={
                Array [
                  Object {
                    "height": "100%",
                    "maxWidth": "100%",
                    "width": "100%",
                  },
                ]
              }
            />
          </View>
        </View>
        <View
          style={
            Array [
              Object {},
            ]
          }
        />
        <View
          alignItems="center"
          display="flex"
          flex={1}
          justifyContent="center"
          style={
            Array [
              Object {
                "alignItems": "center",
                "display": "flex",
                "flexBasis": 0,
                "flexGrow": 1,
                "flexShrink": 1,
                "justifyContent": "center",
              },
            ]
          }
        >
          <View
            accessible={true}
            collapsable={false}
            focusable={true}
            onBlur={[Function]}
            onClick={[Function]}
            onFocus={[Function]}
            onHoverIn={[Function]}
            onHoverOut={[Function]}
            onResponderGrant={[Function]}
            onResponderMove={[Function]}
            onResponderRelease={[Function]}
            onResponderTerminate={[Function]}
            onResponderTerminationRequest={[Function]}
            onStartShouldSetResponder={[Function]}
            style={
              Array [
                Object {},
              ]
            }
          >
            <Text
              color="#1a1b1c"
              fontFamily="body"
              fontSize={33.80850587417971}
              fontStyle="normal"
              fontWeight={600}
              numberOfLines={1}
              style={
                Array [
                  Object {
                    "color": "#1a1b1c",
                    "fontSize": 33.80850587417971,
                    "fontStyle": "normal",
                    "fontWeight": "600",
                    "textAlign": "center",
                  },
                ]
              }
              textAlign="center"
            >
              모두의 챌린지
            </Text>
          </View>
        </View>
        <View
          style={
            Array [
              Object {},
            ]
          }
        />
        <View
          mr={57.69230769230769}
          style={
            Array [
              Object {
                "marginRight": 57.69230769230769,
              },
            ]
          }
        >
          <View
            accessible={true}
            collapsable={false}
            focusable={true}
            h={39.56109134045077}
            onBlur={[Function]}
            onClick={[Function]}
            onFocus={[Function]}
            onHoverIn={[Function]}
            onHoverOut={[Function]}
            onResponderGrant={[Function]}
            onResponderMove={[Function]}
            onResponderRelease={[Function]}
            onResponderTerminate={[Function]}
            onResponderTerminationRequest={[Function]}
            onStartShouldSetResponder={[Function]}
            style={
              Array [
                Object {
                  "height": 39.56109134045077,
                  "width": 48.07692307692307,
                },
              ]
            }
            w={48.07692307692307}
          >
            <Image
              accessibilityLabel=" "
              alt=" "
              maxWidth="100%"
              onError={[Function]}
              resizeMode="contain"
              size="100%"
              source={
                Object {
                  "testUri": "../../../src/Assets/Image/icon_home.png",
                }
              }
              style={
                Array [
                  Object {
                    "height": "100%",
                    "maxWidth": "100%",
                    "width": "100%",
                  },
                ]
              }
            />
          </View>
        </View>
      </View>
    </View>
    <View
      mb={5}
      style={
        Array [
          Object {
            "marginBottom": 20,
          },
        ]
      }
    >
      <View
        flexDirection="row"
        justifyContent="center"
        style={
          Array [
            Object {
              "flexDirection": "row",
              "justifyContent": "center",
            },
          ]
        }
      >
        <View
          accessible={true}
          collapsable={false}
          focusable={true}
          onBlur={[Function]}
          onClick={[Function]}
          onFocus={[Function]}
          onHoverIn={[Function]}
          onHoverOut={[Function]}
          onResponderGrant={[Function]}
          onResponderMove={[Function]}
          onResponderRelease={[Function]}
          onResponderTerminate={[Function]}
          onResponderTerminationRequest={[Function]}
          onStartShouldSetResponder={[Function]}
          style={
            Array [
              Object {},
              Object {
                "backgroundColor": "#0fefbd",
                "borderColor": "#0fefbd",
                "borderRadius": 4,
                "borderWidth": 0,
                "height": 50,
                "shadowColor": "#8799a45b",
                "shadowOffset": Object {
                  "height": 2,
                  "width": 0,
                },
                "shadowOpacity": 1,
                "shadowRadius": 4,
                "width": 107.69230769230768,
              },
            ]
          }
        >
          <View
            alignItems="center"
            flex={1}
            flexDirection="row"
            style={
              Array [
                Object {
                  "alignItems": "center",
                  "flexBasis": 0,
                  "flexDirection": "row",
                  "flexGrow": 1,
                  "flexShrink": 1,
                },
              ]
            }
          >
            <View
              style={
                Array [
                  Object {},
                ]
              }
            />
            <Text
              color="muted.700"
              flex={6}
              fontFamily="body"
              fontSize="md"
              fontStyle="normal"
              fontWeight={500}
              style={
                Array [
                  Object {
                    "color": "#404040",
                    "flexBasis": 0,
                    "flexGrow": 6,
                    "flexShrink": 1,
                    "fontSize": 16,
                    "fontStyle": "normal",
                    "fontWeight": "500",
                    "textAlign": "center",
                  },
                  Object {
                    "color": "#fafafa",
                    "fontSize": 25.85356331554919,
                  },
                ]
              }
              textAlign="center"
            >
              # 노래
            </Text>
          </View>
        </View>
        <View
          style={
            Array [
              Object {
                "width": 8,
              },
            ]
          }
          width={2}
        />
        <View
          accessible={true}
          collapsable={false}
          focusable={true}
          onBlur={[Function]}
          onClick={[Function]}
          onFocus={[Function]}
          onHoverIn={[Function]}
          onHoverOut={[Function]}
          onResponderGrant={[Function]}
          onResponderMove={[Function]}
          onResponderRelease={[Function]}
          onResponderTerminate={[Function]}
          onResponderTerminationRequest={[Function]}
          onStartShouldSetResponder={[Function]}
          style={
            Array [
              Object {},
              Object {
                "backgroundColor": "#a5a8ae",
                "borderColor": "#0fefbd",
                "borderRadius": 4,
                "borderWidth": 0,
                "height": 50,
                "shadowColor": "#8799a45b",
                "shadowOffset": Object {
                  "height": 2,
                  "width": 0,
                },
                "shadowOpacity": 1,
                "shadowRadius": 4,
                "width": 107.69230769230768,
              },
            ]
          }
        >
          <View
            alignItems="center"
            flex={1}
            flexDirection="row"
            style={
              Array [
                Object {
                  "alignItems": "center",
                  "flexBasis": 0,
                  "flexDirection": "row",
                  "flexGrow": 1,
                  "flexShrink": 1,
                },
              ]
            }
          >
            <View
              style={
                Array [
                  Object {},
                ]
              }
            />
            <Text
              color="muted.700"
              flex={6}
              fontFamily="body"
              fontSize="md"
              fontStyle="normal"
              fontWeight={500}
              style={
                Array [
                  Object {
                    "color": "#404040",
                    "flexBasis": 0,
                    "flexGrow": 6,
                    "flexShrink": 1,
                    "fontSize": 16,
                    "fontStyle": "normal",
                    "fontWeight": "500",
                    "textAlign": "center",
                  },
                  Object {
                    "color": "#fafafa",
                    "fontSize": 25.85356331554919,
                  },
                ]
              }
              textAlign="center"
            >
              # 영상
            </Text>
          </View>
        </View>
        <View
          style={
            Array [
              Object {
                "width": 8,
              },
            ]
          }
          width={2}
        />
        <View
          accessible={true}
          collapsable={false}
          focusable={true}
          onBlur={[Function]}
          onClick={[Function]}
          onFocus={[Function]}
          onHoverIn={[Function]}
          onHoverOut={[Function]}
          onResponderGrant={[Function]}
          onResponderMove={[Function]}
          onResponderRelease={[Function]}
          onResponderTerminate={[Function]}
          onResponderTerminationRequest={[Function]}
          onStartShouldSetResponder={[Function]}
          style={
            Array [
              Object {},
              Object {
                "backgroundColor": "#a5a8ae",
                "borderColor": "#0fefbd",
                "borderRadius": 4,
                "borderWidth": 0,
                "height": 50,
                "shadowColor": "#8799a45b",
                "shadowOffset": Object {
                  "height": 2,
                  "width": 0,
                },
                "shadowOpacity": 1,
                "shadowRadius": 4,
                "width": 107.69230769230768,
              },
            ]
          }
        >
          <View
            alignItems="center"
            flex={1}
            flexDirection="row"
            style={
              Array [
                Object {
                  "alignItems": "center",
                  "flexBasis": 0,
                  "flexDirection": "row",
                  "flexGrow": 1,
                  "flexShrink": 1,
                },
              ]
            }
          >
            <View
              style={
                Array [
                  Object {},
                ]
              }
            />
            <Text
              color="muted.700"
              flex={6}
              fontFamily="body"
              fontSize="md"
              fontStyle="normal"
              fontWeight={500}
              style={
                Array [
                  Object {
                    "color": "#404040",
                    "flexBasis": 0,
                    "flexGrow": 6,
                    "flexShrink": 1,
                    "fontSize": 16,
                    "fontStyle": "normal",
                    "fontWeight": "500",
                    "textAlign": "center",
                  },
                  Object {
                    "color": "#fafafa",
                    "fontSize": 25.85356331554919,
                  },
                ]
              }
              textAlign="center"
            >
              # 연주
            </Text>
          </View>
        </View>
        <View
          style={
            Array [
              Object {
                "width": 8,
              },
            ]
          }
          width={2}
        />
        <View
          accessible={true}
          collapsable={false}
          focusable={true}
          onBlur={[Function]}
          onClick={[Function]}
          onFocus={[Function]}
          onHoverIn={[Function]}
          onHoverOut={[Function]}
          onResponderGrant={[Function]}
          onResponderMove={[Function]}
          onResponderRelease={[Function]}
          onResponderTerminate={[Function]}
          onResponderTerminationRequest={[Function]}
          onStartShouldSetResponder={[Function]}
          style={
            Array [
              Object {},
              Object {
                "backgroundColor": "#a5a8ae",
                "borderColor": "#0fefbd",
                "borderRadius": 4,
                "borderWidth": 0,
                "height": 50,
                "shadowColor": "#8799a45b",
                "shadowOffset": Object {
                  "height": 2,
                  "width": 0,
                },
                "shadowOpacity": 1,
                "shadowRadius": 4,
                "width": 107.69230769230768,
              },
            ]
          }
        >
          <View
            alignItems="center"
            flex={1}
            flexDirection="row"
            style={
              Array [
                Object {
                  "alignItems": "center",
                  "flexBasis": 0,
                  "flexDirection": "row",
                  "flexGrow": 1,
                  "flexShrink": 1,
                },
              ]
            }
          >
            <View
              style={
                Array [
                  Object {},
                ]
              }
            />
            <Text
              color="muted.700"
              flex={6}
              fontFamily="body"
              fontSize="md"
              fontStyle="normal"
              fontWeight={500}
              style={
                Array [
                  Object {
                    "color": "#404040",
                    "flexBasis": 0,
                    "flexGrow": 6,
                    "flexShrink": 1,
                    "fontSize": 16,
                    "fontStyle": "normal",
                    "fontWeight": "500",
                    "textAlign": "center",
                  },
                  Object {
                    "color": "#fafafa",
                    "fontSize": 25.85356331554919,
                  },
                ]
              }
              textAlign="center"
            >
              # 편곡
            </Text>
          </View>
        </View>
      </View>
    </View>
    <View
      alignItems="center"
      display="flex"
      flex={1}
      justifyContent="center"
      style={
        Array [
          Object {
            "alignItems": "center",
            "display": "flex",
            "flexBasis": 0,
            "flexGrow": 1,
            "flexShrink": 1,
            "justifyContent": "center",
          },
          Object {
            "paddingBottom": 248.44365361803085,
          },
        ]
      }
    >
      <RCTScrollView
        disableVirtualization={false}
        getItem={[Function]}
        getItemCount={[Function]}
        horizontal={false}
        initialNumToRender={8}
        keyExtractor={[Function]}
        maxToRenderPerBatch={10}
        onContentSizeChange={[Function]}
        onEndReached={[Function]}
        onEndReachedThreshold={0.2}
        onLayout={[Function]}
        onMomentumScrollEnd={[Function]}
        onScroll={[Function]}
        onScrollBeginDrag={[Function]}
        onScrollEndDrag={[Function]}
        removeClippedSubviews={false}
        renderItem={[Function]}
        scrollEventThrottle={50}
        showsHorizontalScrollIndicator={false}
        showsVerticalScrollIndicator={false}
        stickyHeaderIndices={Array []}
        style={
          Array [
            Object {},
          ]
        }
        updateCellsBatchingPeriod={50}
        viewabilityConfigCallbackPairs={Array []}
        windowSize={21}
      >
        <View />
      </RCTScrollView>
    </View>
    <View
      forwardedRef={[Function]}
      onMoveShouldSetResponder={[Function]}
      onMoveShouldSetResponderCapture={[Function]}
      onResponderEnd={[Function]}
      onResponderGrant={[Function]}
      onResponderMove={[Function]}
      onResponderReject={[Function]}
      onResponderRelease={[Function]}
      onResponderStart={[Function]}
      onResponderTerminate={[Function]}
      onResponderTerminationRequest={[Function]}
      onStartShouldSetResponder={[Function]}
      onStartShouldSetResponderCapture={[Function]}
      pointerEvents="box-none"
      style={
        Object {
          "bottom": -1334,
          "height": 1334,
          "left": 0,
          "position": "absolute",
          "right": 0,
          "transform": Array [
            Object {
              "translateY": -248.44365361803085,
            },
          ],
        }
      }
    >
      <View
        style={
          Array [
            Object {},
            Object {
              "backgroundColor": "#fafafa",
              "borderRadius": 16,
              "height": 1171.0083036773428,
              "width": "100%",
            },
          ]
        }
      >
        <View
          backgroundColor="#fafafa"
          borderRadius={16}
          style={
            Array [
              Object {
                "backgroundColor": "#fafafa",
                "borderRadius": 16,
              },
              Object {
                "height": 248.44365361803085,
                "width": 750,
              },
            ]
          }
        >
          <View
            style={
              Array [
                Object {},
                Object {
                  "marginLeft": 39,
                  "marginTop": 32,
                  "width": 313.46153846153845,
                },
              ]
            }
          >
            <Text
              color="muted.700"
              fontFamily="body"
              fontSize="md"
              fontStyle="normal"
              fontWeight="bold"
              numberOfLines={1}
              style={
                Array [
                  Object {
                    "color": "#404040",
                    "fontSize": 16,
                    "fontStyle": "normal",
                    "fontWeight": "700",
                  },
                  Object {
                    "color": "#1a1b1c",
                    "fontSize": 27.842298955206825,
                    "textAlign": "right",
                  },
                ]
              }
            >
              
            </Text>
            <View
              style={
                Array [
                  Object {},
                ]
              }
            />
            <Text
              color="muted.700"
              fontFamily="body"
              fontSize="md"
              fontStyle="normal"
              fontWeight={400}
              numberOfLines={1}
              style={
                Array [
                  Object {
                    "color": "#404040",
                    "fontSize": 16,
                    "fontStyle": "normal",
                    "fontWeight": "400",
                  },
                  Object {
                    "color": "#858c92",
                    "fontSize": 23.864827675891565,
                    "textAlign": "right",
                  },
                ]
              }
            >
              
            </Text>
            <View
              style={
                Array [
                  Object {},
                ]
              }
            />
            <View
              alignItems="center"
              flexDirection="row"
              justifyContent="space-between"
              my={4}
              onTouchCancel={[Function]}
              onTouchEnd={[Function]}
              onTouchStart={[Function]}
              style={
                Array [
                  Object {
                    "alignItems": "center",
                    "flexDirection": "row",
                    "justifyContent": "space-between",
                    "marginBottom": 16,
                    "marginTop": 16,
                  },
                ]
              }
            >
              <View
                accessible={true}
                focusable={true}
                onClick={[Function]}
                onResponderGrant={[Function]}
                onResponderMove={[Function]}
                onResponderRelease={[Function]}
                onResponderTerminate={[Function]}
                onResponderTerminationRequest={[Function]}
                onStartShouldSetResponder={[Function]}
                style={
                  Object {
                    "height": 56.96797153024911,
                    "opacity": 1,
                    "width": 69.23076923076924,
                  }
                }
              >
                <Image
                  accessibilityLabel=" "
                  alt=" "
                  maxWidth="100%"
                  onError={[Function]}
                  resizeMode="contain"
                  source={
                    Object {
                      "testUri": "../../../src/Assets/Image/icon_musicplayer_skip_back.png",
                    }
                  }
                  style={
                    Array [
                      Object {
                        "maxWidth": "100%",
                      },
                      Object {
                        "height": "100%",
                        "width": "100%",
                      },
                    ]
                  }
                />
              </View>
              <View
                style={
                  Array [
                    Object {},
                  ]
                }
              />
              <View
                accessible={true}
                focusable={true}
                onClick={[Function]}
                onResponderGrant={[Function]}
                onResponderMove={[Function]}
                onResponderRelease={[Function]}
                onResponderTerminate={[Function]}
                onResponderTerminationRequest={[Function]}
                onStartShouldSetResponder={[Function]}
                style={
                  Object {
                    "height": 75.95729537366547,
                    "opacity": 1,
                    "width": 92.3076923076923,
                  }
                }
              >
                <Image
                  accessibilityLabel=" "
                  alt=" "
                  h="100%"
                  maxWidth="100%"
                  onError={[Function]}
                  resizeMode="contain"
                  source={
                    Object {
                      "testUri": "../../../src/Assets/Image/icon_musicplayer_play_green.png",
                    }
                  }
                  style={
                    Array [
                      Object {
                        "height": "100%",
                        "maxWidth": "100%",
                        "width": "100%",
                      },
                    ]
                  }
                  w="100%"
                />
              </View>
              <View
                style={
                  Array [
                    Object {},
                  ]
                }
              />
              <View
                accessible={true}
                focusable={true}
                onClick={[Function]}
                onResponderGrant={[Function]}
                onResponderMove={[Function]}
                onResponderRelease={[Function]}
                onResponderTerminate={[Function]}
                onResponderTerminationRequest={[Function]}
                onStartShouldSetResponder={[Function]}
                style={
                  Object {
                    "height": 56.96797153024911,
                    "opacity": 1,
                    "width": 69.23076923076924,
                  }
                }
              >
                <Image
                  accessibilityLabel=" "
                  alt=" "
                  maxWidth="100%"
                  onError={[Function]}
                  resizeMode="contain"
                  source={
                    Object {
                      "testUri": "../../../src/Assets/Image/icon_musicplayer_skip_forword.png",
                    }
                  }
                  style={
                    Array [
                      Object {
                        "maxWidth": "100%",
                      },
                      Object {
                        "height": "100%",
                        "width": "100%",
                      },
                    ]
                  }
                />
              </View>
            </View>
          </View>
          <View
            style={
              Array [
                Object {},
                Object {
                  "height": 169.3214709371293,
                  "position": "absolute",
                  "right": 41,
                  "top": 26,
                  "width": 205.76923076923077,
                },
              ]
            }
          >
            <Image
              accessibilityLabel=" "
              alt=" "
              maxWidth="100%"
              onError={[Function]}
              resizeMode="contain"
              source={
                Object {
                  "testUri": "../../../src/Assets/Image/img_dump_cd.png",
                }
              }
              style={
                Array [
                  Object {
                    "maxWidth": "100%",
                  },
                  Object {
                    "height": "100%",
                    "width": "100%",
                  },
                ]
              }
            />
          </View>
        </View>
      </View>
    </View>
  </View>
</RNCSafeAreaProvider>
`;
